Copyright 1986-2022 Xilinx, Inc. All Rights Reserved.
------------------------------------------------------------------------------------------------------------------------------------------------------------------------------------------------------------------------------------
| Tool Version : Vivado v.2022.2 (win64) Build 3671981 Fri Oct 14 05:00:03 MDT 2022
| Date         : Tue Oct  3 10:22:26 2023
| Host         : LAPTOP-GBNTDCHP running 64-bit major release  (build 9200)
| Command      : report_timing_summary -max_paths 10 -report_unconstrained -file uart_receiver_timing_summary_routed.rpt -pb uart_receiver_timing_summary_routed.pb -rpx uart_receiver_timing_summary_routed.rpx -warn_on_violation
| Design       : uart_receiver
| Device       : 7a35t-ftg256
| Speed File   : -1  PRODUCTION 1.23 2018-06-13
------------------------------------------------------------------------------------------------------------------------------------------------------------------------------------------------------------------------------------

Timing Summary Report

------------------------------------------------------------------------------------------------
| Timer Settings
| --------------
------------------------------------------------------------------------------------------------

  Enable Multi Corner Analysis               :  Yes
  Enable Pessimism Removal                   :  Yes
  Pessimism Removal Resolution               :  Nearest Common Node
  Enable Input Delay Default Clock           :  No
  Enable Preset / Clear Arcs                 :  No
  Disable Flight Delays                      :  No
  Ignore I/O Paths                           :  No
  Timing Early Launch at Borrowing Latches   :  No
  Borrow Time for Max Delay Exceptions       :  Yes
  Merge Timing Exceptions                    :  Yes

  Corner  Analyze    Analyze    
  Name    Max Paths  Min Paths  
  ------  ---------  ---------  
  Slow    Yes        Yes        
  Fast    Yes        Yes        


------------------------------------------------------------------------------------------------
| Report Methodology
| ------------------
------------------------------------------------------------------------------------------------

Rule       Severity          Description                  Violations  
---------  ----------------  ---------------------------  ----------  
TIMING-17  Critical Warning  Non-clocked sequential cell  34          

Note: This report is based on the most recent report_methodology run and may not be up-to-date. Run report_methodology on the current design for the latest report.



check_timing report

Table of Contents
-----------------
1. checking no_clock (34)
2. checking constant_clock (0)
3. checking pulse_width_clock (0)
4. checking unconstrained_internal_endpoints (64)
5. checking no_input_delay (2)
6. checking no_output_delay (9)
7. checking multiple_clock (0)
8. checking generated_clocks (0)
9. checking loops (0)
10. checking partial_input_delay (0)
11. checking partial_output_delay (0)
12. checking latch_loops (0)

1. checking no_clock (34)
-------------------------
 There are 34 register/latch pins with no clock driven by root clock pin: i_clk (HIGH)


2. checking constant_clock (0)
------------------------------
 There are 0 register/latch pins with constant_clock.


3. checking pulse_width_clock (0)
---------------------------------
 There are 0 register/latch pins which need pulse_width check


4. checking unconstrained_internal_endpoints (64)
-------------------------------------------------
 There are 64 pins that are not constrained for maximum delay. (HIGH)

 There are 0 pins that are not constrained for maximum delay due to constant clock.


5. checking no_input_delay (2)
------------------------------
 There are 2 input ports with no input delay specified. (HIGH)

 There are 0 input ports with no input delay but user has a false path constraint.


6. checking no_output_delay (9)
-------------------------------
 There are 9 ports with no output delay specified. (HIGH)

 There are 0 ports with no output delay but user has a false path constraint

 There are 0 ports with no output delay but with a timing clock defined on it or propagating through it


7. checking multiple_clock (0)
------------------------------
 There are 0 register/latch pins with multiple clocks.


8. checking generated_clocks (0)
--------------------------------
 There are 0 generated clocks that are not connected to a clock source.


9. checking loops (0)
---------------------
 There are 0 combinational loops in the design.


10. checking partial_input_delay (0)
------------------------------------
 There are 0 input ports with partial input delay specified.


11. checking partial_output_delay (0)
-------------------------------------
 There are 0 ports with partial output delay specified.


12. checking latch_loops (0)
----------------------------
 There are 0 combinational latch loops in the design through latch input



------------------------------------------------------------------------------------------------
| Design Timing Summary
| ---------------------
------------------------------------------------------------------------------------------------

    WNS(ns)      TNS(ns)  TNS Failing Endpoints  TNS Total Endpoints      WHS(ns)      THS(ns)  THS Failing Endpoints  THS Total Endpoints     WPWS(ns)     TPWS(ns)  TPWS Failing Endpoints  TPWS Total Endpoints  
    -------      -------  ---------------------  -------------------      -------      -------  ---------------------  -------------------     --------     --------  ----------------------  --------------------  
        inf        0.000                      0                   73          inf        0.000                      0                   73           NA           NA                      NA                    NA  


There are no user specified timing constraints.


------------------------------------------------------------------------------------------------
| Clock Summary
| -------------
------------------------------------------------------------------------------------------------


------------------------------------------------------------------------------------------------
| Intra Clock Table
| -----------------
------------------------------------------------------------------------------------------------

Clock             WNS(ns)      TNS(ns)  TNS Failing Endpoints  TNS Total Endpoints      WHS(ns)      THS(ns)  THS Failing Endpoints  THS Total Endpoints     WPWS(ns)     TPWS(ns)  TPWS Failing Endpoints  TPWS Total Endpoints  
-----             -------      -------  ---------------------  -------------------      -------      -------  ---------------------  -------------------     --------     --------  ----------------------  --------------------  


------------------------------------------------------------------------------------------------
| Inter Clock Table
| -----------------
------------------------------------------------------------------------------------------------

From Clock    To Clock          WNS(ns)      TNS(ns)  TNS Failing Endpoints  TNS Total Endpoints      WHS(ns)      THS(ns)  THS Failing Endpoints  THS Total Endpoints  
----------    --------          -------      -------  ---------------------  -------------------      -------      -------  ---------------------  -------------------  


------------------------------------------------------------------------------------------------
| Other Path Groups Table
| -----------------------
------------------------------------------------------------------------------------------------

Path Group    From Clock    To Clock          WNS(ns)      TNS(ns)  TNS Failing Endpoints  TNS Total Endpoints      WHS(ns)      THS(ns)  THS Failing Endpoints  THS Total Endpoints  
----------    ----------    --------          -------      -------  ---------------------  -------------------      -------      -------  ---------------------  -------------------  


------------------------------------------------------------------------------------------------
| User Ignored Path Table
| -----------------------
------------------------------------------------------------------------------------------------

Path Group    From Clock    To Clock    
----------    ----------    --------    


------------------------------------------------------------------------------------------------
| Unconstrained Path Table
| ------------------------
------------------------------------------------------------------------------------------------

Path Group    From Clock    To Clock    
----------    ----------    --------    
(none)                                    


------------------------------------------------------------------------------------------------
| Timing Details
| --------------
------------------------------------------------------------------------------------------------


--------------------------------------------------------------------------------------
Path Group:  (none)
From Clock:  
  To Clock:  

Max Delay            73 Endpoints
Min Delay            73 Endpoints
--------------------------------------------------------------------------------------


Max Delay Paths
--------------------------------------------------------------------------------------
Slack:                    inf
  Source:                 o_rx_valid_reg/C
                            (rising edge-triggered cell FDRE)
  Destination:            o_rx_data_valid
                            (output port)
  Path Group:             (none)
  Path Type:              Max at Slow Process Corner
  Data Path Delay:        8.842ns  (logic 4.024ns (45.512%)  route 4.818ns (54.488%))
  Logic Levels:           2  (FDRE=1 OBUF=1)

    Location             Delay type                Incr(ns)  Path(ns)    Netlist Resource(s)
  -------------------------------------------------------------------    -------------------
    SLICE_X62Y54         FDRE                         0.000     0.000 r  o_rx_valid_reg/C
    SLICE_X62Y54         FDRE (Prop_fdre_C_Q)         0.456     0.456 r  o_rx_valid_reg/Q
                         net (fo=1, routed)           4.818     5.274    o_rx_data_valid_OBUF
    T9                   OBUF (Prop_obuf_I_O)         3.568     8.842 r  o_rx_data_valid_OBUF_inst/O
                         net (fo=0)                   0.000     8.842    o_rx_data_valid
    T9                                                                r  o_rx_data_valid (OUT)
  -------------------------------------------------------------------    -------------------

Slack:                    inf
  Source:                 rx_shift_reg_reg[8]/C
                            (rising edge-triggered cell FDRE)
  Destination:            o_rx_data[7]
                            (output port)
  Path Group:             (none)
  Path Type:              Max at Slow Process Corner
  Data Path Delay:        6.031ns  (logic 4.036ns (66.929%)  route 1.995ns (33.071%))
  Logic Levels:           2  (FDRE=1 OBUF=1)

    Location             Delay type                Incr(ns)  Path(ns)    Netlist Resource(s)
  -------------------------------------------------------------------    -------------------
    SLICE_X64Y54         FDRE                         0.000     0.000 r  rx_shift_reg_reg[8]/C
    SLICE_X64Y54         FDRE (Prop_fdre_C_Q)         0.518     0.518 r  rx_shift_reg_reg[8]/Q
                         net (fo=4, routed)           1.995     2.513    rx_shift_reg[8]
    K2                   OBUF (Prop_obuf_I_O)         3.518     6.031 r  o_rx_data_OBUF[7]_inst/O
                         net (fo=0)                   0.000     6.031    o_rx_data[7]
    K2                                                                r  o_rx_data[7] (OUT)
  -------------------------------------------------------------------    -------------------

Slack:                    inf
  Source:                 rx_shift_reg_reg[1]/C
                            (rising edge-triggered cell FDRE)
  Destination:            o_rx_data[0]
                            (output port)
  Path Group:             (none)
  Path Type:              Max at Slow Process Corner
  Data Path Delay:        5.881ns  (logic 3.997ns (67.970%)  route 1.884ns (32.030%))
  Logic Levels:           2  (FDRE=1 OBUF=1)

    Location             Delay type                Incr(ns)  Path(ns)    Netlist Resource(s)
  -------------------------------------------------------------------    -------------------
    SLICE_X65Y54         FDRE                         0.000     0.000 r  rx_shift_reg_reg[1]/C
    SLICE_X65Y54         FDRE (Prop_fdre_C_Q)         0.456     0.456 r  rx_shift_reg_reg[1]/Q
                         net (fo=3, routed)           1.884     2.340    rx_shift_reg[1]
    J3                   OBUF (Prop_obuf_I_O)         3.541     5.881 r  o_rx_data_OBUF[0]_inst/O
                         net (fo=0)                   0.000     5.881    o_rx_data[0]
    J3                                                                r  o_rx_data[0] (OUT)
  -------------------------------------------------------------------    -------------------

Slack:                    inf
  Source:                 rx_shift_reg_reg[4]/C
                            (rising edge-triggered cell FDRE)
  Destination:            o_rx_data[3]
                            (output port)
  Path Group:             (none)
  Path Type:              Max at Slow Process Corner
  Data Path Delay:        5.865ns  (logic 3.990ns (68.026%)  route 1.875ns (31.974%))
  Logic Levels:           2  (FDRE=1 OBUF=1)

    Location             Delay type                Incr(ns)  Path(ns)    Netlist Resource(s)
  -------------------------------------------------------------------    -------------------
    SLICE_X65Y53         FDRE                         0.000     0.000 r  rx_shift_reg_reg[4]/C
    SLICE_X65Y53         FDRE (Prop_fdre_C_Q)         0.456     0.456 r  rx_shift_reg_reg[4]/Q
                         net (fo=4, routed)           1.875     2.331    rx_shift_reg[4]
    K1                   OBUF (Prop_obuf_I_O)         3.534     5.865 r  o_rx_data_OBUF[3]_inst/O
                         net (fo=0)                   0.000     5.865    o_rx_data[3]
    K1                                                                r  o_rx_data[3] (OUT)
  -------------------------------------------------------------------    -------------------

Slack:                    inf
  Source:                 rx_shift_reg_reg[2]/C
                            (rising edge-triggered cell FDRE)
  Destination:            o_rx_data[1]
                            (output port)
  Path Group:             (none)
  Path Type:              Max at Slow Process Corner
  Data Path Delay:        5.746ns  (logic 4.000ns (69.616%)  route 1.746ns (30.384%))
  Logic Levels:           2  (FDRE=1 OBUF=1)

    Location             Delay type                Incr(ns)  Path(ns)    Netlist Resource(s)
  -------------------------------------------------------------------    -------------------
    SLICE_X65Y54         FDRE                         0.000     0.000 r  rx_shift_reg_reg[2]/C
    SLICE_X65Y54         FDRE (Prop_fdre_C_Q)         0.456     0.456 r  rx_shift_reg_reg[2]/Q
                         net (fo=4, routed)           1.746     2.202    rx_shift_reg[2]
    H3                   OBUF (Prop_obuf_I_O)         3.544     5.746 r  o_rx_data_OBUF[1]_inst/O
                         net (fo=0)                   0.000     5.746    o_rx_data[1]
    H3                                                                r  o_rx_data[1] (OUT)
  -------------------------------------------------------------------    -------------------

Slack:                    inf
  Source:                 rx_shift_reg_reg[7]/C
                            (rising edge-triggered cell FDRE)
  Destination:            o_rx_data[6]
                            (output port)
  Path Group:             (none)
  Path Type:              Max at Slow Process Corner
  Data Path Delay:        5.736ns  (logic 4.025ns (70.181%)  route 1.710ns (29.819%))
  Logic Levels:           2  (FDRE=1 OBUF=1)

    Location             Delay type                Incr(ns)  Path(ns)    Netlist Resource(s)
  -------------------------------------------------------------------    -------------------
    SLICE_X64Y53         FDRE                         0.000     0.000 r  rx_shift_reg_reg[7]/C
    SLICE_X64Y53         FDRE (Prop_fdre_C_Q)         0.518     0.518 r  rx_shift_reg_reg[7]/Q
                         net (fo=4, routed)           1.710     2.228    rx_shift_reg[7]
    K3                   OBUF (Prop_obuf_I_O)         3.507     5.736 r  o_rx_data_OBUF[6]_inst/O
                         net (fo=0)                   0.000     5.736    o_rx_data[6]
    K3                                                                r  o_rx_data[6] (OUT)
  -------------------------------------------------------------------    -------------------

Slack:                    inf
  Source:                 rx_shift_reg_reg[6]/C
                            (rising edge-triggered cell FDRE)
  Destination:            o_rx_data[5]
                            (output port)
  Path Group:             (none)
  Path Type:              Max at Slow Process Corner
  Data Path Delay:        5.682ns  (logic 3.987ns (70.175%)  route 1.695ns (29.825%))
  Logic Levels:           2  (FDRE=1 OBUF=1)

    Location             Delay type                Incr(ns)  Path(ns)    Netlist Resource(s)
  -------------------------------------------------------------------    -------------------
    SLICE_X65Y53         FDRE                         0.000     0.000 r  rx_shift_reg_reg[6]/C
    SLICE_X65Y53         FDRE (Prop_fdre_C_Q)         0.456     0.456 r  rx_shift_reg_reg[6]/Q
                         net (fo=4, routed)           1.695     2.151    rx_shift_reg[6]
    L2                   OBUF (Prop_obuf_I_O)         3.531     5.682 r  o_rx_data_OBUF[5]_inst/O
                         net (fo=0)                   0.000     5.682    o_rx_data[5]
    L2                                                                r  o_rx_data[5] (OUT)
  -------------------------------------------------------------------    -------------------

Slack:                    inf
  Source:                 rx_shift_reg_reg[3]/C
                            (rising edge-triggered cell FDRE)
  Destination:            o_rx_data[2]
                            (output port)
  Path Group:             (none)
  Path Type:              Max at Slow Process Corner
  Data Path Delay:        5.677ns  (logic 3.985ns (70.190%)  route 1.692ns (29.810%))
  Logic Levels:           2  (FDRE=1 OBUF=1)

    Location             Delay type                Incr(ns)  Path(ns)    Netlist Resource(s)
  -------------------------------------------------------------------    -------------------
    SLICE_X65Y54         FDRE                         0.000     0.000 r  rx_shift_reg_reg[3]/C
    SLICE_X65Y54         FDRE (Prop_fdre_C_Q)         0.456     0.456 r  rx_shift_reg_reg[3]/Q
                         net (fo=4, routed)           1.692     2.148    rx_shift_reg[3]
    J1                   OBUF (Prop_obuf_I_O)         3.529     5.677 r  o_rx_data_OBUF[2]_inst/O
                         net (fo=0)                   0.000     5.677    o_rx_data[2]
    J1                                                                r  o_rx_data[2] (OUT)
  -------------------------------------------------------------------    -------------------

Slack:                    inf
  Source:                 rx_shift_reg_reg[5]/C
                            (rising edge-triggered cell FDRE)
  Destination:            o_rx_data[4]
                            (output port)
  Path Group:             (none)
  Path Type:              Max at Slow Process Corner
  Data Path Delay:        5.664ns  (logic 3.985ns (70.361%)  route 1.679ns (29.639%))
  Logic Levels:           2  (FDRE=1 OBUF=1)

    Location             Delay type                Incr(ns)  Path(ns)    Netlist Resource(s)
  -------------------------------------------------------------------    -------------------
    SLICE_X65Y53         FDRE                         0.000     0.000 r  rx_shift_reg_reg[5]/C
    SLICE_X65Y53         FDRE (Prop_fdre_C_Q)         0.456     0.456 r  rx_shift_reg_reg[5]/Q
                         net (fo=4, routed)           1.679     2.135    rx_shift_reg[5]
    L3                   OBUF (Prop_obuf_I_O)         3.529     5.664 r  o_rx_data_OBUF[4]_inst/O
                         net (fo=0)                   0.000     5.664    o_rx_data[4]
    L3                                                                r  o_rx_data[4] (OUT)
  -------------------------------------------------------------------    -------------------

Slack:                    inf
  Source:                 i_rx_serial
                            (input port)
  Destination:            count_data_elements_reg[1]/D
  Path Group:             (none)
  Path Type:              Max at Slow Process Corner
  Data Path Delay:        4.659ns  (logic 1.917ns (41.144%)  route 2.742ns (58.856%))
  Logic Levels:           4  (IBUF=1 LUT4=1 LUT5=1 LUT6=1)

    Location             Delay type                Incr(ns)  Path(ns)    Netlist Resource(s)
  -------------------------------------------------------------------    -------------------
    D4                                                0.000     0.000 r  i_rx_serial (IN)
                         net (fo=0)                   0.000     0.000    i_rx_serial
    D4                   IBUF (Prop_ibuf_I_O)         1.519     1.519 r  i_rx_serial_IBUF_inst/O
                         net (fo=14, routed)          1.857     3.376    i_rx_serial_IBUF
    SLICE_X62Y54         LUT4 (Prop_lut4_I2_O)        0.124     3.500 f  count_data_elements[2]_i_5/O
                         net (fo=1, routed)           0.302     3.803    count_data_elements[2]_i_5_n_0
    SLICE_X62Y52         LUT6 (Prop_lut6_I5_O)        0.124     3.927 f  count_data_elements[2]_i_2/O
                         net (fo=3, routed)           0.582     4.509    count_data_elements[2]_i_2_n_0
    SLICE_X63Y53         LUT5 (Prop_lut5_I4_O)        0.150     4.659 r  count_data_elements[1]_i_1/O
                         net (fo=1, routed)           0.000     4.659    count_data_elements[1]_i_1_n_0
    SLICE_X63Y53         FDRE                                         r  count_data_elements_reg[1]/D
  -------------------------------------------------------------------    -------------------





Min Delay Paths
--------------------------------------------------------------------------------------
Slack:                    inf
  Source:                 received_parity_reg/C
                            (rising edge-triggered cell FDRE)
  Destination:            o_rx_valid_reg/D
  Path Group:             (none)
  Path Type:              Min at Fast Process Corner
  Data Path Delay:        0.283ns  (logic 0.186ns (65.755%)  route 0.097ns (34.245%))
  Logic Levels:           2  (FDRE=1 LUT3=1)

    Location             Delay type                Incr(ns)  Path(ns)    Netlist Resource(s)
  -------------------------------------------------------------------    -------------------
    SLICE_X63Y54         FDRE                         0.000     0.000 r  received_parity_reg/C
    SLICE_X63Y54         FDRE (Prop_fdre_C_Q)         0.141     0.141 r  received_parity_reg/Q
                         net (fo=1, routed)           0.097     0.238    received_parity
    SLICE_X62Y54         LUT3 (Prop_lut3_I2_O)        0.045     0.283 r  o_rx_valid_i_2/O
                         net (fo=1, routed)           0.000     0.283    o_rx_valid0
    SLICE_X62Y54         FDRE                                         r  o_rx_valid_reg/D
  -------------------------------------------------------------------    -------------------

Slack:                    inf
  Source:                 count_data_elements_reg[1]/C
                            (rising edge-triggered cell FDRE)
  Destination:            count_data_elements_reg[2]/D
  Path Group:             (none)
  Path Type:              Min at Fast Process Corner
  Data Path Delay:        0.309ns  (logic 0.227ns (73.472%)  route 0.082ns (26.528%))
  Logic Levels:           2  (FDRE=1 LUT6=1)

    Location             Delay type                Incr(ns)  Path(ns)    Netlist Resource(s)
  -------------------------------------------------------------------    -------------------
    SLICE_X63Y53         FDRE                         0.000     0.000 r  count_data_elements_reg[1]/C
    SLICE_X63Y53         FDRE (Prop_fdre_C_Q)         0.128     0.128 r  count_data_elements_reg[1]/Q
                         net (fo=5, routed)           0.082     0.210    count_data_elements_reg_n_0_[1]
    SLICE_X63Y53         LUT6 (Prop_lut6_I4_O)        0.099     0.309 r  count_data_elements[2]_i_1/O
                         net (fo=1, routed)           0.000     0.309    count_data_elements[2]_i_1_n_0
    SLICE_X63Y53         FDRE                                         r  count_data_elements_reg[2]/D
  -------------------------------------------------------------------    -------------------

Slack:                    inf
  Source:                 clk_cycle_cnt_reg[6]/C
                            (rising edge-triggered cell FDRE)
  Destination:            clk_cycle_cnt_reg[7]/D
  Path Group:             (none)
  Path Type:              Min at Fast Process Corner
  Data Path Delay:        0.310ns  (logic 0.227ns (73.136%)  route 0.083ns (26.864%))
  Logic Levels:           2  (FDRE=1 LUT6=1)

    Location             Delay type                Incr(ns)  Path(ns)    Netlist Resource(s)
  -------------------------------------------------------------------    -------------------
    SLICE_X63Y52         FDRE                         0.000     0.000 r  clk_cycle_cnt_reg[6]/C
    SLICE_X63Y52         FDRE (Prop_fdre_C_Q)         0.128     0.128 r  clk_cycle_cnt_reg[6]/Q
                         net (fo=7, routed)           0.083     0.211    clk_cycle_cnt_reg[6]
    SLICE_X63Y52         LUT6 (Prop_lut6_I4_O)        0.099     0.310 r  clk_cycle_cnt[7]_i_1/O
                         net (fo=1, routed)           0.000     0.310    p_0_in__1[7]
    SLICE_X63Y52         FDRE                                         r  clk_cycle_cnt_reg[7]/D
  -------------------------------------------------------------------    -------------------

Slack:                    inf
  Source:                 clk_cycle_cnt_reg[3]/C
                            (rising edge-triggered cell FDRE)
  Destination:            clk_cycle_cnt_reg[9]/D
  Path Group:             (none)
  Path Type:              Min at Fast Process Corner
  Data Path Delay:        0.317ns  (logic 0.186ns (58.674%)  route 0.131ns (41.326%))
  Logic Levels:           2  (FDRE=1 LUT6=1)

    Location             Delay type                Incr(ns)  Path(ns)    Netlist Resource(s)
  -------------------------------------------------------------------    -------------------
    SLICE_X63Y51         FDRE                         0.000     0.000 r  clk_cycle_cnt_reg[3]/C
    SLICE_X63Y51         FDRE (Prop_fdre_C_Q)         0.141     0.141 r  clk_cycle_cnt_reg[3]/Q
                         net (fo=9, routed)           0.131     0.272    clk_cycle_cnt_reg[3]
    SLICE_X62Y51         LUT6 (Prop_lut6_I1_O)        0.045     0.317 r  clk_cycle_cnt[9]_i_2/O
                         net (fo=1, routed)           0.000     0.317    p_0_in__1[9]
    SLICE_X62Y51         FDRE                                         r  clk_cycle_cnt_reg[9]/D
  -------------------------------------------------------------------    -------------------

Slack:                    inf
  Source:                 count_data_elements_reg[0]/C
                            (rising edge-triggered cell FDRE)
  Destination:            FSM_onehot_p_state_reg[3]/D
  Path Group:             (none)
  Path Type:              Min at Fast Process Corner
  Data Path Delay:        0.327ns  (logic 0.186ns (56.832%)  route 0.141ns (43.168%))
  Logic Levels:           2  (FDRE=1 LUT6=1)

    Location             Delay type                Incr(ns)  Path(ns)    Netlist Resource(s)
  -------------------------------------------------------------------    -------------------
    SLICE_X63Y53         FDRE                         0.000     0.000 r  count_data_elements_reg[0]/C
    SLICE_X63Y53         FDRE (Prop_fdre_C_Q)         0.141     0.141 r  count_data_elements_reg[0]/Q
                         net (fo=6, routed)           0.141     0.282    count_data_elements_reg_n_0_[0]
    SLICE_X62Y53         LUT6 (Prop_lut6_I2_O)        0.045     0.327 r  FSM_onehot_p_state[3]_i_1/O
                         net (fo=1, routed)           0.000     0.327    FSM_onehot_p_state[3]_i_1_n_0
    SLICE_X62Y53         FDRE                                         r  FSM_onehot_p_state_reg[3]/D
  -------------------------------------------------------------------    -------------------

Slack:                    inf
  Source:                 rx_shift_reg_reg[5]/C
                            (rising edge-triggered cell FDRE)
  Destination:            rx_shift_reg_reg[5]/D
  Path Group:             (none)
  Path Type:              Min at Fast Process Corner
  Data Path Delay:        0.332ns  (logic 0.186ns (56.102%)  route 0.146ns (43.898%))
  Logic Levels:           2  (FDRE=1 LUT6=1)

    Location             Delay type                Incr(ns)  Path(ns)    Netlist Resource(s)
  -------------------------------------------------------------------    -------------------
    SLICE_X65Y53         FDRE                         0.000     0.000 r  rx_shift_reg_reg[5]/C
    SLICE_X65Y53         FDRE (Prop_fdre_C_Q)         0.141     0.141 r  rx_shift_reg_reg[5]/Q
                         net (fo=4, routed)           0.146     0.287    rx_shift_reg[5]
    SLICE_X65Y53         LUT6 (Prop_lut6_I0_O)        0.045     0.332 r  rx_shift_reg[5]_i_1/O
                         net (fo=1, routed)           0.000     0.332    rx_shift_reg[5]_i_1_n_0
    SLICE_X65Y53         FDRE                                         r  rx_shift_reg_reg[5]/D
  -------------------------------------------------------------------    -------------------

Slack:                    inf
  Source:                 start_cnt_data_reg/C
                            (rising edge-triggered cell FDRE)
  Destination:            start_cnt_data_reg/D
  Path Group:             (none)
  Path Type:              Min at Fast Process Corner
  Data Path Delay:        0.332ns  (logic 0.186ns (56.052%)  route 0.146ns (43.948%))
  Logic Levels:           2  (FDRE=1 LUT5=1)

    Location             Delay type                Incr(ns)  Path(ns)    Netlist Resource(s)
  -------------------------------------------------------------------    -------------------
    SLICE_X63Y53         FDRE                         0.000     0.000 r  start_cnt_data_reg/C
    SLICE_X63Y53         FDRE (Prop_fdre_C_Q)         0.141     0.141 r  start_cnt_data_reg/Q
                         net (fo=7, routed)           0.146     0.287    start_cnt_data_reg_n_0
    SLICE_X63Y53         LUT5 (Prop_lut5_I0_O)        0.045     0.332 r  start_cnt_data_i_1/O
                         net (fo=1, routed)           0.000     0.332    start_cnt_data_i_1_n_0
    SLICE_X63Y53         FDRE                                         r  start_cnt_data_reg/D
  -------------------------------------------------------------------    -------------------

Slack:                    inf
  Source:                 rx_shift_reg_reg[5]/C
                            (rising edge-triggered cell FDRE)
  Destination:            rx_shift_reg_reg[4]/D
  Path Group:             (none)
  Path Type:              Min at Fast Process Corner
  Data Path Delay:        0.333ns  (logic 0.186ns (55.933%)  route 0.147ns (44.067%))
  Logic Levels:           2  (FDRE=1 LUT6=1)

    Location             Delay type                Incr(ns)  Path(ns)    Netlist Resource(s)
  -------------------------------------------------------------------    -------------------
    SLICE_X65Y53         FDRE                         0.000     0.000 r  rx_shift_reg_reg[5]/C
    SLICE_X65Y53         FDRE (Prop_fdre_C_Q)         0.141     0.141 r  rx_shift_reg_reg[5]/Q
                         net (fo=4, routed)           0.147     0.288    rx_shift_reg[5]
    SLICE_X65Y53         LUT6 (Prop_lut6_I2_O)        0.045     0.333 r  rx_shift_reg[4]_i_1/O
                         net (fo=1, routed)           0.000     0.333    rx_shift_reg[4]_i_1_n_0
    SLICE_X65Y53         FDRE                                         r  rx_shift_reg_reg[4]/D
  -------------------------------------------------------------------    -------------------

Slack:                    inf
  Source:                 FSM_onehot_p_state_reg[4]/C
                            (rising edge-triggered cell FDRE)
  Destination:            FSM_onehot_p_state_reg[5]/D
  Path Group:             (none)
  Path Type:              Min at Fast Process Corner
  Data Path Delay:        0.350ns  (logic 0.183ns (52.255%)  route 0.167ns (47.745%))
  Logic Levels:           2  (FDRE=1 LUT3=1)

    Location             Delay type                Incr(ns)  Path(ns)    Netlist Resource(s)
  -------------------------------------------------------------------    -------------------
    SLICE_X61Y52         FDRE                         0.000     0.000 r  FSM_onehot_p_state_reg[4]/C
    SLICE_X61Y52         FDRE (Prop_fdre_C_Q)         0.141     0.141 r  FSM_onehot_p_state_reg[4]/Q
                         net (fo=3, routed)           0.167     0.308    FSM_onehot_p_state_reg_n_0_[4]
    SLICE_X61Y52         LUT3 (Prop_lut3_I2_O)        0.042     0.350 r  FSM_onehot_p_state[5]_i_2/O
                         net (fo=1, routed)           0.000     0.350    FSM_onehot_p_state[5]_i_2_n_0
    SLICE_X61Y52         FDRE                                         r  FSM_onehot_p_state_reg[5]/D
  -------------------------------------------------------------------    -------------------

Slack:                    inf
  Source:                 FSM_onehot_p_state_reg[0]/C
                            (rising edge-triggered cell FDSE)
  Destination:            FSM_onehot_p_state_reg[0]/D
  Path Group:             (none)
  Path Type:              Min at Fast Process Corner
  Data Path Delay:        0.353ns  (logic 0.186ns (52.660%)  route 0.167ns (47.340%))
  Logic Levels:           2  (FDSE=1 LUT4=1)

    Location             Delay type                Incr(ns)  Path(ns)    Netlist Resource(s)
  -------------------------------------------------------------------    -------------------
    SLICE_X61Y53         FDSE                         0.000     0.000 r  FSM_onehot_p_state_reg[0]/C
    SLICE_X61Y53         FDSE (Prop_fdse_C_Q)         0.141     0.141 r  FSM_onehot_p_state_reg[0]/Q
                         net (fo=2, routed)           0.167     0.308    FSM_onehot_p_state_reg_n_0_[0]
    SLICE_X61Y53         LUT4 (Prop_lut4_I1_O)        0.045     0.353 r  FSM_onehot_p_state[0]_i_1/O
                         net (fo=1, routed)           0.000     0.353    FSM_onehot_p_state[0]_i_1_n_0
    SLICE_X61Y53         FDSE                                         r  FSM_onehot_p_state_reg[0]/D
  -------------------------------------------------------------------    -------------------





