Copyright 1986-2022 Xilinx, Inc. All Rights Reserved.
------------------------------------------------------------------------------------------------------------------------------------------------------------------------------------------------------------------------------------
| Tool Version : Vivado v.2022.2 (win64) Build 3671981 Fri Oct 14 05:00:03 MDT 2022
| Date         : Thu Sep 28 14:40:14 2023
| Host         : LAPTOP-GBNTDCHP running 64-bit major release  (build 9200)
| Command      : report_timing_summary -max_paths 10 -report_unconstrained -file Seven_seg_mod_timing_summary_routed.rpt -pb Seven_seg_mod_timing_summary_routed.pb -rpx Seven_seg_mod_timing_summary_routed.rpx -warn_on_violation
| Design       : Seven_seg_mod
| Device       : 7a35t-ftg256
| Speed File   : -1  PRODUCTION 1.23 2018-06-13
------------------------------------------------------------------------------------------------------------------------------------------------------------------------------------------------------------------------------------

Timing Summary Report

------------------------------------------------------------------------------------------------
| Timer Settings
| --------------
------------------------------------------------------------------------------------------------

  Enable Multi Corner Analysis               :  Yes
  Enable Pessimism Removal                   :  Yes
  Pessimism Removal Resolution               :  Nearest Common Node
  Enable Input Delay Default Clock           :  No
  Enable Preset / Clear Arcs                 :  No
  Disable Flight Delays                      :  No
  Ignore I/O Paths                           :  No
  Timing Early Launch at Borrowing Latches   :  No
  Borrow Time for Max Delay Exceptions       :  Yes
  Merge Timing Exceptions                    :  Yes

  Corner  Analyze    Analyze    
  Name    Max Paths  Min Paths  
  ------  ---------  ---------  
  Slow    Yes        Yes        
  Fast    Yes        Yes        


------------------------------------------------------------------------------------------------
| Report Methodology
| ------------------
------------------------------------------------------------------------------------------------

Rule       Severity  Description                    Violations  
---------  --------  -----------------------------  ----------  
TIMING-18  Warning   Missing input or output delay  11          

Note: This report is based on the most recent report_methodology run and may not be up-to-date. Run report_methodology on the current design for the latest report.



check_timing report

Table of Contents
-----------------
1. checking no_clock (0)
2. checking constant_clock (0)
3. checking pulse_width_clock (0)
4. checking unconstrained_internal_endpoints (0)
5. checking no_input_delay (4)
6. checking no_output_delay (7)
7. checking multiple_clock (0)
8. checking generated_clocks (0)
9. checking loops (0)
10. checking partial_input_delay (0)
11. checking partial_output_delay (0)
12. checking latch_loops (0)

1. checking no_clock (0)
------------------------
 There are 0 register/latch pins with no clock.


2. checking constant_clock (0)
------------------------------
 There are 0 register/latch pins with constant_clock.


3. checking pulse_width_clock (0)
---------------------------------
 There are 0 register/latch pins which need pulse_width check


4. checking unconstrained_internal_endpoints (0)
------------------------------------------------
 There are 0 pins that are not constrained for maximum delay.

 There are 0 pins that are not constrained for maximum delay due to constant clock.


5. checking no_input_delay (4)
------------------------------
 There are 4 input ports with no input delay specified. (HIGH)

 There are 0 input ports with no input delay but user has a false path constraint.


6. checking no_output_delay (7)
-------------------------------
 There are 7 ports with no output delay specified. (HIGH)

 There are 0 ports with no output delay but user has a false path constraint

 There are 0 ports with no output delay but with a timing clock defined on it or propagating through it


7. checking multiple_clock (0)
------------------------------
 There are 0 register/latch pins with multiple clocks.


8. checking generated_clocks (0)
--------------------------------
 There are 0 generated clocks that are not connected to a clock source.


9. checking loops (0)
---------------------
 There are 0 combinational loops in the design.


10. checking partial_input_delay (0)
------------------------------------
 There are 0 input ports with partial input delay specified.


11. checking partial_output_delay (0)
-------------------------------------
 There are 0 ports with partial output delay specified.


12. checking latch_loops (0)
----------------------------
 There are 0 combinational latch loops in the design through latch input



------------------------------------------------------------------------------------------------
| Design Timing Summary
| ---------------------
------------------------------------------------------------------------------------------------

    WNS(ns)      TNS(ns)  TNS Failing Endpoints  TNS Total Endpoints      WHS(ns)      THS(ns)  THS Failing Endpoints  THS Total Endpoints     WPWS(ns)     TPWS(ns)  TPWS Failing Endpoints  TPWS Total Endpoints  
    -------      -------  ---------------------  -------------------      -------      -------  ---------------------  -------------------     --------     --------  ----------------------  --------------------  
        inf        0.000                      0                   14          inf        0.000                      0                   14        9.500        0.000                       0                     8  


All user specified timing constraints are met.


------------------------------------------------------------------------------------------------
| Clock Summary
| -------------
------------------------------------------------------------------------------------------------

Clock    Waveform(ns)       Period(ns)      Frequency(MHz)
-----    ------------       ----------      --------------
sys_clk  {0.000 10.000}     20.000          50.000          


------------------------------------------------------------------------------------------------
| Intra Clock Table
| -----------------
------------------------------------------------------------------------------------------------

Clock             WNS(ns)      TNS(ns)  TNS Failing Endpoints  TNS Total Endpoints      WHS(ns)      THS(ns)  THS Failing Endpoints  THS Total Endpoints     WPWS(ns)     TPWS(ns)  TPWS Failing Endpoints  TPWS Total Endpoints  
-----             -------      -------  ---------------------  -------------------      -------      -------  ---------------------  -------------------     --------     --------  ----------------------  --------------------  
sys_clk                                                                                                                                                         9.500        0.000                       0                     8  


------------------------------------------------------------------------------------------------
| Inter Clock Table
| -----------------
------------------------------------------------------------------------------------------------

From Clock    To Clock          WNS(ns)      TNS(ns)  TNS Failing Endpoints  TNS Total Endpoints      WHS(ns)      THS(ns)  THS Failing Endpoints  THS Total Endpoints  
----------    --------          -------      -------  ---------------------  -------------------      -------      -------  ---------------------  -------------------  


------------------------------------------------------------------------------------------------
| Other Path Groups Table
| -----------------------
------------------------------------------------------------------------------------------------

Path Group    From Clock    To Clock          WNS(ns)      TNS(ns)  TNS Failing Endpoints  TNS Total Endpoints      WHS(ns)      THS(ns)  THS Failing Endpoints  THS Total Endpoints  
----------    ----------    --------          -------      -------  ---------------------  -------------------      -------      -------  ---------------------  -------------------  


------------------------------------------------------------------------------------------------
| User Ignored Path Table
| -----------------------
------------------------------------------------------------------------------------------------

Path Group    From Clock    To Clock    
----------    ----------    --------    


------------------------------------------------------------------------------------------------
| Unconstrained Path Table
| ------------------------
------------------------------------------------------------------------------------------------

Path Group    From Clock    To Clock    
----------    ----------    --------    
(none)        sys_clk                     
(none)                      sys_clk       


------------------------------------------------------------------------------------------------
| Timing Details
| --------------
------------------------------------------------------------------------------------------------


---------------------------------------------------------------------------------------------------
From Clock:  sys_clk
  To Clock:  sys_clk

Setup :           NA  Failing Endpoints,  Worst Slack           NA  ,  Total Violation           NA
Hold  :           NA  Failing Endpoints,  Worst Slack           NA  ,  Total Violation           NA
PW    :            0  Failing Endpoints,  Worst Slack        9.500ns,  Total Violation        0.000ns
---------------------------------------------------------------------------------------------------


Pulse Width Checks
--------------------------------------------------------------------------------------
Clock Name:         sys_clk
Waveform(ns):       { 0.000 10.000 }
Period(ns):         20.000
Sources:            { i_clk }

Check Type        Corner  Lib Pin  Reference Pin  Required(ns)  Actual(ns)  Slack(ns)  Location       Pin
Min Period        n/a     BUFG/I   n/a            2.155         20.000      17.845     BUFGCTRL_X0Y0  i_clk_IBUF_BUFG_inst/I
Min Period        n/a     FDRE/C   n/a            1.000         20.000      19.000     SLICE_X65Y61   o_seven_seg_reg[0]/C
Min Period        n/a     FDRE/C   n/a            1.000         20.000      19.000     SLICE_X65Y61   o_seven_seg_reg[1]/C
Min Period        n/a     FDRE/C   n/a            1.000         20.000      19.000     SLICE_X65Y61   o_seven_seg_reg[2]/C
Min Period        n/a     FDRE/C   n/a            1.000         20.000      19.000     SLICE_X65Y61   o_seven_seg_reg[3]/C
Min Period        n/a     FDRE/C   n/a            1.000         20.000      19.000     SLICE_X65Y61   o_seven_seg_reg[4]/C
Min Period        n/a     FDRE/C   n/a            1.000         20.000      19.000     SLICE_X65Y61   o_seven_seg_reg[5]/C
Min Period        n/a     FDRE/C   n/a            1.000         20.000      19.000     SLICE_X65Y59   o_seven_seg_reg[6]/C
Low Pulse Width   Slow    FDRE/C   n/a            0.500         10.000      9.500      SLICE_X65Y61   o_seven_seg_reg[0]/C
Low Pulse Width   Fast    FDRE/C   n/a            0.500         10.000      9.500      SLICE_X65Y61   o_seven_seg_reg[0]/C
Low Pulse Width   Slow    FDRE/C   n/a            0.500         10.000      9.500      SLICE_X65Y61   o_seven_seg_reg[1]/C
Low Pulse Width   Fast    FDRE/C   n/a            0.500         10.000      9.500      SLICE_X65Y61   o_seven_seg_reg[1]/C
Low Pulse Width   Slow    FDRE/C   n/a            0.500         10.000      9.500      SLICE_X65Y61   o_seven_seg_reg[2]/C
Low Pulse Width   Fast    FDRE/C   n/a            0.500         10.000      9.500      SLICE_X65Y61   o_seven_seg_reg[2]/C
Low Pulse Width   Slow    FDRE/C   n/a            0.500         10.000      9.500      SLICE_X65Y61   o_seven_seg_reg[3]/C
Low Pulse Width   Fast    FDRE/C   n/a            0.500         10.000      9.500      SLICE_X65Y61   o_seven_seg_reg[3]/C
Low Pulse Width   Slow    FDRE/C   n/a            0.500         10.000      9.500      SLICE_X65Y61   o_seven_seg_reg[4]/C
Low Pulse Width   Fast    FDRE/C   n/a            0.500         10.000      9.500      SLICE_X65Y61   o_seven_seg_reg[4]/C
High Pulse Width  Slow    FDRE/C   n/a            0.500         10.000      9.500      SLICE_X65Y61   o_seven_seg_reg[0]/C
High Pulse Width  Fast    FDRE/C   n/a            0.500         10.000      9.500      SLICE_X65Y61   o_seven_seg_reg[0]/C
High Pulse Width  Slow    FDRE/C   n/a            0.500         10.000      9.500      SLICE_X65Y61   o_seven_seg_reg[1]/C
High Pulse Width  Fast    FDRE/C   n/a            0.500         10.000      9.500      SLICE_X65Y61   o_seven_seg_reg[1]/C
High Pulse Width  Slow    FDRE/C   n/a            0.500         10.000      9.500      SLICE_X65Y61   o_seven_seg_reg[2]/C
High Pulse Width  Fast    FDRE/C   n/a            0.500         10.000      9.500      SLICE_X65Y61   o_seven_seg_reg[2]/C
High Pulse Width  Slow    FDRE/C   n/a            0.500         10.000      9.500      SLICE_X65Y61   o_seven_seg_reg[3]/C
High Pulse Width  Fast    FDRE/C   n/a            0.500         10.000      9.500      SLICE_X65Y61   o_seven_seg_reg[3]/C
High Pulse Width  Slow    FDRE/C   n/a            0.500         10.000      9.500      SLICE_X65Y61   o_seven_seg_reg[4]/C
High Pulse Width  Fast    FDRE/C   n/a            0.500         10.000      9.500      SLICE_X65Y61   o_seven_seg_reg[4]/C



--------------------------------------------------------------------------------------
Path Group:  (none)
From Clock:  sys_clk
  To Clock:  

Max Delay             7 Endpoints
Min Delay             7 Endpoints
--------------------------------------------------------------------------------------


Max Delay Paths
--------------------------------------------------------------------------------------
Slack:                    inf
  Source:                 o_seven_seg_reg[3]/C
                            (rising edge-triggered cell FDRE clocked by sys_clk  {rise@0.000ns fall@10.000ns period=20.000ns})
  Destination:            o_seven_seg[3]
                            (output port)
  Path Group:             (none)
  Path Type:              Max at Slow Process Corner
  Data Path Delay:        5.930ns  (logic 4.122ns (69.506%)  route 1.808ns (30.494%))
  Logic Levels:           1  (OBUF=1)
  Clock Uncertainty:      0.025ns  ((TSJ^2 + TIJ^2)^1/2 + DJ) / 2 + PE
    Total System Jitter     (TSJ):    0.050ns
    Total Input Jitter      (TIJ):    0.000ns
    Discrete Jitter          (DJ):    0.000ns
    Phase Error              (PE):    0.000ns

    Location             Delay type                Incr(ns)  Path(ns)    Netlist Resource(s)
  -------------------------------------------------------------------    -------------------
                         (clock sys_clk rise edge)    0.000     0.000 r  
    N11                                               0.000     0.000 r  i_clk (IN)
                         net (fo=0)                   0.000     0.000    i_clk
    N11                  IBUF (Prop_ibuf_I_O)         1.519     1.519 r  i_clk_IBUF_inst/O
                         net (fo=1, routed)           1.972     3.490    i_clk_IBUF
    BUFGCTRL_X0Y0        BUFG (Prop_bufg_I_O)         0.096     3.586 r  i_clk_IBUF_BUFG_inst/O
                         net (fo=7, routed)           1.623     5.209    i_clk_IBUF_BUFG
    SLICE_X65Y61         FDRE                                         r  o_seven_seg_reg[3]/C
  -------------------------------------------------------------------    -------------------
    SLICE_X65Y61         FDRE (Prop_fdre_C_Q)         0.419     5.628 r  o_seven_seg_reg[3]/Q
                         net (fo=1, routed)           1.808     7.437    o_seven_seg_OBUF[3]
    H4                   OBUF (Prop_obuf_I_O)         3.703    11.140 r  o_seven_seg_OBUF[3]_inst/O
                         net (fo=0)                   0.000    11.140    o_seven_seg[3]
    H4                                                                r  o_seven_seg[3] (OUT)
  -------------------------------------------------------------------    -------------------

Slack:                    inf
  Source:                 o_seven_seg_reg[0]/C
                            (rising edge-triggered cell FDRE clocked by sys_clk  {rise@0.000ns fall@10.000ns period=20.000ns})
  Destination:            o_seven_seg[0]
                            (output port)
  Path Group:             (none)
  Path Type:              Max at Slow Process Corner
  Data Path Delay:        5.837ns  (logic 3.981ns (68.204%)  route 1.856ns (31.796%))
  Logic Levels:           1  (OBUF=1)
  Clock Uncertainty:      0.025ns  ((TSJ^2 + TIJ^2)^1/2 + DJ) / 2 + PE
    Total System Jitter     (TSJ):    0.050ns
    Total Input Jitter      (TIJ):    0.000ns
    Discrete Jitter          (DJ):    0.000ns
    Phase Error              (PE):    0.000ns

    Location             Delay type                Incr(ns)  Path(ns)    Netlist Resource(s)
  -------------------------------------------------------------------    -------------------
                         (clock sys_clk rise edge)    0.000     0.000 r  
    N11                                               0.000     0.000 r  i_clk (IN)
                         net (fo=0)                   0.000     0.000    i_clk
    N11                  IBUF (Prop_ibuf_I_O)         1.519     1.519 r  i_clk_IBUF_inst/O
                         net (fo=1, routed)           1.972     3.490    i_clk_IBUF
    BUFGCTRL_X0Y0        BUFG (Prop_bufg_I_O)         0.096     3.586 r  i_clk_IBUF_BUFG_inst/O
                         net (fo=7, routed)           1.623     5.209    i_clk_IBUF_BUFG
    SLICE_X65Y61         FDRE                                         r  o_seven_seg_reg[0]/C
  -------------------------------------------------------------------    -------------------
    SLICE_X65Y61         FDRE (Prop_fdre_C_Q)         0.456     5.665 r  o_seven_seg_reg[0]/Q
                         net (fo=1, routed)           1.856     7.521    o_seven_seg_OBUF[0]
    G2                   OBUF (Prop_obuf_I_O)         3.525    11.046 r  o_seven_seg_OBUF[0]_inst/O
                         net (fo=0)                   0.000    11.046    o_seven_seg[0]
    G2                                                                r  o_seven_seg[0] (OUT)
  -------------------------------------------------------------------    -------------------

Slack:                    inf
  Source:                 o_seven_seg_reg[1]/C
                            (rising edge-triggered cell FDRE clocked by sys_clk  {rise@0.000ns fall@10.000ns period=20.000ns})
  Destination:            o_seven_seg[1]
                            (output port)
  Path Group:             (none)
  Path Type:              Max at Slow Process Corner
  Data Path Delay:        5.836ns  (logic 4.120ns (70.589%)  route 1.716ns (29.411%))
  Logic Levels:           1  (OBUF=1)
  Clock Uncertainty:      0.025ns  ((TSJ^2 + TIJ^2)^1/2 + DJ) / 2 + PE
    Total System Jitter     (TSJ):    0.050ns
    Total Input Jitter      (TIJ):    0.000ns
    Discrete Jitter          (DJ):    0.000ns
    Phase Error              (PE):    0.000ns

    Location             Delay type                Incr(ns)  Path(ns)    Netlist Resource(s)
  -------------------------------------------------------------------    -------------------
                         (clock sys_clk rise edge)    0.000     0.000 r  
    N11                                               0.000     0.000 r  i_clk (IN)
                         net (fo=0)                   0.000     0.000    i_clk
    N11                  IBUF (Prop_ibuf_I_O)         1.519     1.519 r  i_clk_IBUF_inst/O
                         net (fo=1, routed)           1.972     3.490    i_clk_IBUF
    BUFGCTRL_X0Y0        BUFG (Prop_bufg_I_O)         0.096     3.586 r  i_clk_IBUF_BUFG_inst/O
                         net (fo=7, routed)           1.623     5.209    i_clk_IBUF_BUFG
    SLICE_X65Y61         FDRE                                         r  o_seven_seg_reg[1]/C
  -------------------------------------------------------------------    -------------------
    SLICE_X65Y61         FDRE (Prop_fdre_C_Q)         0.419     5.628 r  o_seven_seg_reg[1]/Q
                         net (fo=1, routed)           1.716     7.345    o_seven_seg_OBUF[1]
    G1                   OBUF (Prop_obuf_I_O)         3.701    11.045 r  o_seven_seg_OBUF[1]_inst/O
                         net (fo=0)                   0.000    11.045    o_seven_seg[1]
    G1                                                                r  o_seven_seg[1] (OUT)
  -------------------------------------------------------------------    -------------------

Slack:                    inf
  Source:                 o_seven_seg_reg[5]/C
                            (rising edge-triggered cell FDRE clocked by sys_clk  {rise@0.000ns fall@10.000ns period=20.000ns})
  Destination:            o_seven_seg[5]
                            (output port)
  Path Group:             (none)
  Path Type:              Max at Slow Process Corner
  Data Path Delay:        5.787ns  (logic 4.119ns (71.167%)  route 1.669ns (28.833%))
  Logic Levels:           1  (OBUF=1)
  Clock Uncertainty:      0.025ns  ((TSJ^2 + TIJ^2)^1/2 + DJ) / 2 + PE
    Total System Jitter     (TSJ):    0.050ns
    Total Input Jitter      (TIJ):    0.000ns
    Discrete Jitter          (DJ):    0.000ns
    Phase Error              (PE):    0.000ns

    Location             Delay type                Incr(ns)  Path(ns)    Netlist Resource(s)
  -------------------------------------------------------------------    -------------------
                         (clock sys_clk rise edge)    0.000     0.000 r  
    N11                                               0.000     0.000 r  i_clk (IN)
                         net (fo=0)                   0.000     0.000    i_clk
    N11                  IBUF (Prop_ibuf_I_O)         1.519     1.519 r  i_clk_IBUF_inst/O
                         net (fo=1, routed)           1.972     3.490    i_clk_IBUF
    BUFGCTRL_X0Y0        BUFG (Prop_bufg_I_O)         0.096     3.586 r  i_clk_IBUF_BUFG_inst/O
                         net (fo=7, routed)           1.623     5.209    i_clk_IBUF_BUFG
    SLICE_X65Y61         FDRE                                         r  o_seven_seg_reg[5]/C
  -------------------------------------------------------------------    -------------------
    SLICE_X65Y61         FDRE (Prop_fdre_C_Q)         0.419     5.628 r  o_seven_seg_reg[5]/Q
                         net (fo=1, routed)           1.669     7.297    o_seven_seg_OBUF[5]
    J4                   OBUF (Prop_obuf_I_O)         3.700    10.997 r  o_seven_seg_OBUF[5]_inst/O
                         net (fo=0)                   0.000    10.997    o_seven_seg[5]
    J4                                                                r  o_seven_seg[5] (OUT)
  -------------------------------------------------------------------    -------------------

Slack:                    inf
  Source:                 o_seven_seg_reg[2]/C
                            (rising edge-triggered cell FDRE clocked by sys_clk  {rise@0.000ns fall@10.000ns period=20.000ns})
  Destination:            o_seven_seg[2]
                            (output port)
  Path Group:             (none)
  Path Type:              Max at Slow Process Corner
  Data Path Delay:        5.710ns  (logic 3.997ns (70.005%)  route 1.713ns (29.995%))
  Logic Levels:           1  (OBUF=1)
  Clock Uncertainty:      0.025ns  ((TSJ^2 + TIJ^2)^1/2 + DJ) / 2 + PE
    Total System Jitter     (TSJ):    0.050ns
    Total Input Jitter      (TIJ):    0.000ns
    Discrete Jitter          (DJ):    0.000ns
    Phase Error              (PE):    0.000ns

    Location             Delay type                Incr(ns)  Path(ns)    Netlist Resource(s)
  -------------------------------------------------------------------    -------------------
                         (clock sys_clk rise edge)    0.000     0.000 r  
    N11                                               0.000     0.000 r  i_clk (IN)
                         net (fo=0)                   0.000     0.000    i_clk
    N11                  IBUF (Prop_ibuf_I_O)         1.519     1.519 r  i_clk_IBUF_inst/O
                         net (fo=1, routed)           1.972     3.490    i_clk_IBUF
    BUFGCTRL_X0Y0        BUFG (Prop_bufg_I_O)         0.096     3.586 r  i_clk_IBUF_BUFG_inst/O
                         net (fo=7, routed)           1.623     5.209    i_clk_IBUF_BUFG
    SLICE_X65Y61         FDRE                                         r  o_seven_seg_reg[2]/C
  -------------------------------------------------------------------    -------------------
    SLICE_X65Y61         FDRE (Prop_fdre_C_Q)         0.456     5.665 r  o_seven_seg_reg[2]/Q
                         net (fo=1, routed)           1.713     7.378    o_seven_seg_OBUF[2]
    H5                   OBUF (Prop_obuf_I_O)         3.541    10.919 r  o_seven_seg_OBUF[2]_inst/O
                         net (fo=0)                   0.000    10.919    o_seven_seg[2]
    H5                                                                r  o_seven_seg[2] (OUT)
  -------------------------------------------------------------------    -------------------

Slack:                    inf
  Source:                 o_seven_seg_reg[4]/C
                            (rising edge-triggered cell FDRE clocked by sys_clk  {rise@0.000ns fall@10.000ns period=20.000ns})
  Destination:            o_seven_seg[4]
                            (output port)
  Path Group:             (none)
  Path Type:              Max at Slow Process Corner
  Data Path Delay:        5.656ns  (logic 3.986ns (70.470%)  route 1.670ns (29.530%))
  Logic Levels:           1  (OBUF=1)
  Clock Uncertainty:      0.025ns  ((TSJ^2 + TIJ^2)^1/2 + DJ) / 2 + PE
    Total System Jitter     (TSJ):    0.050ns
    Total Input Jitter      (TIJ):    0.000ns
    Discrete Jitter          (DJ):    0.000ns
    Phase Error              (PE):    0.000ns

    Location             Delay type                Incr(ns)  Path(ns)    Netlist Resource(s)
  -------------------------------------------------------------------    -------------------
                         (clock sys_clk rise edge)    0.000     0.000 r  
    N11                                               0.000     0.000 r  i_clk (IN)
                         net (fo=0)                   0.000     0.000    i_clk
    N11                  IBUF (Prop_ibuf_I_O)         1.519     1.519 r  i_clk_IBUF_inst/O
                         net (fo=1, routed)           1.972     3.490    i_clk_IBUF
    BUFGCTRL_X0Y0        BUFG (Prop_bufg_I_O)         0.096     3.586 r  i_clk_IBUF_BUFG_inst/O
                         net (fo=7, routed)           1.623     5.209    i_clk_IBUF_BUFG
    SLICE_X65Y61         FDRE                                         r  o_seven_seg_reg[4]/C
  -------------------------------------------------------------------    -------------------
    SLICE_X65Y61         FDRE (Prop_fdre_C_Q)         0.456     5.665 r  o_seven_seg_reg[4]/Q
                         net (fo=1, routed)           1.670     7.336    o_seven_seg_OBUF[4]
    J5                   OBUF (Prop_obuf_I_O)         3.530    10.865 r  o_seven_seg_OBUF[4]_inst/O
                         net (fo=0)                   0.000    10.865    o_seven_seg[4]
    J5                                                                r  o_seven_seg[4] (OUT)
  -------------------------------------------------------------------    -------------------

Slack:                    inf
  Source:                 o_seven_seg_reg[6]/C
                            (rising edge-triggered cell FDRE clocked by sys_clk  {rise@0.000ns fall@10.000ns period=20.000ns})
  Destination:            o_seven_seg[6]
                            (output port)
  Path Group:             (none)
  Path Type:              Max at Slow Process Corner
  Data Path Delay:        5.650ns  (logic 3.977ns (70.391%)  route 1.673ns (29.609%))
  Logic Levels:           1  (OBUF=1)
  Clock Uncertainty:      0.025ns  ((TSJ^2 + TIJ^2)^1/2 + DJ) / 2 + PE
    Total System Jitter     (TSJ):    0.050ns
    Total Input Jitter      (TIJ):    0.000ns
    Discrete Jitter          (DJ):    0.000ns
    Phase Error              (PE):    0.000ns

    Location             Delay type                Incr(ns)  Path(ns)    Netlist Resource(s)
  -------------------------------------------------------------------    -------------------
                         (clock sys_clk rise edge)    0.000     0.000 r  
    N11                                               0.000     0.000 r  i_clk (IN)
                         net (fo=0)                   0.000     0.000    i_clk
    N11                  IBUF (Prop_ibuf_I_O)         1.519     1.519 r  i_clk_IBUF_inst/O
                         net (fo=1, routed)           1.972     3.490    i_clk_IBUF
    BUFGCTRL_X0Y0        BUFG (Prop_bufg_I_O)         0.096     3.586 r  i_clk_IBUF_BUFG_inst/O
                         net (fo=7, routed)           1.624     5.210    i_clk_IBUF_BUFG
    SLICE_X65Y59         FDRE                                         r  o_seven_seg_reg[6]/C
  -------------------------------------------------------------------    -------------------
    SLICE_X65Y59         FDRE (Prop_fdre_C_Q)         0.456     5.666 r  o_seven_seg_reg[6]/Q
                         net (fo=1, routed)           1.673     7.339    o_seven_seg_OBUF[6]
    H2                   OBUF (Prop_obuf_I_O)         3.521    10.861 r  o_seven_seg_OBUF[6]_inst/O
                         net (fo=0)                   0.000    10.861    o_seven_seg[6]
    H2                                                                r  o_seven_seg[6] (OUT)
  -------------------------------------------------------------------    -------------------





Min Delay Paths
--------------------------------------------------------------------------------------
Slack:                    inf
  Source:                 o_seven_seg_reg[6]/C
                            (rising edge-triggered cell FDRE clocked by sys_clk  {rise@0.000ns fall@10.000ns period=20.000ns})
  Destination:            o_seven_seg[6]
                            (output port)
  Path Group:             (none)
  Path Type:              Min at Fast Process Corner
  Data Path Delay:        1.691ns  (logic 1.363ns (80.605%)  route 0.328ns (19.395%))
  Logic Levels:           1  (OBUF=1)
  Clock Uncertainty:      0.025ns  ((TSJ^2 + TIJ^2)^1/2 + DJ) / 2 + PE
    Total System Jitter     (TSJ):    0.050ns
    Total Input Jitter      (TIJ):    0.000ns
    Discrete Jitter          (DJ):    0.000ns
    Phase Error              (PE):    0.000ns

    Location             Delay type                Incr(ns)  Path(ns)    Netlist Resource(s)
  -------------------------------------------------------------------    -------------------
                         (clock sys_clk rise edge)    0.000     0.000 r  
    N11                                               0.000     0.000 r  i_clk (IN)
                         net (fo=0)                   0.000     0.000    i_clk
    N11                  IBUF (Prop_ibuf_I_O)         0.286     0.286 r  i_clk_IBUF_inst/O
                         net (fo=1, routed)           0.634     0.920    i_clk_IBUF
    BUFGCTRL_X0Y0        BUFG (Prop_bufg_I_O)         0.026     0.946 r  i_clk_IBUF_BUFG_inst/O
                         net (fo=7, routed)           0.592     1.538    i_clk_IBUF_BUFG
    SLICE_X65Y59         FDRE                                         r  o_seven_seg_reg[6]/C
  -------------------------------------------------------------------    -------------------
    SLICE_X65Y59         FDRE (Prop_fdre_C_Q)         0.141     1.679 r  o_seven_seg_reg[6]/Q
                         net (fo=1, routed)           0.328     2.007    o_seven_seg_OBUF[6]
    H2                   OBUF (Prop_obuf_I_O)         1.222     3.229 r  o_seven_seg_OBUF[6]_inst/O
                         net (fo=0)                   0.000     3.229    o_seven_seg[6]
    H2                                                                r  o_seven_seg[6] (OUT)
  -------------------------------------------------------------------    -------------------

Slack:                    inf
  Source:                 o_seven_seg_reg[4]/C
                            (rising edge-triggered cell FDRE clocked by sys_clk  {rise@0.000ns fall@10.000ns period=20.000ns})
  Destination:            o_seven_seg[4]
                            (output port)
  Path Group:             (none)
  Path Type:              Min at Fast Process Corner
  Data Path Delay:        1.696ns  (logic 1.372ns (80.881%)  route 0.324ns (19.119%))
  Logic Levels:           1  (OBUF=1)
  Clock Uncertainty:      0.025ns  ((TSJ^2 + TIJ^2)^1/2 + DJ) / 2 + PE
    Total System Jitter     (TSJ):    0.050ns
    Total Input Jitter      (TIJ):    0.000ns
    Discrete Jitter          (DJ):    0.000ns
    Phase Error              (PE):    0.000ns

    Location             Delay type                Incr(ns)  Path(ns)    Netlist Resource(s)
  -------------------------------------------------------------------    -------------------
                         (clock sys_clk rise edge)    0.000     0.000 r  
    N11                                               0.000     0.000 r  i_clk (IN)
                         net (fo=0)                   0.000     0.000    i_clk
    N11                  IBUF (Prop_ibuf_I_O)         0.286     0.286 r  i_clk_IBUF_inst/O
                         net (fo=1, routed)           0.634     0.920    i_clk_IBUF
    BUFGCTRL_X0Y0        BUFG (Prop_bufg_I_O)         0.026     0.946 r  i_clk_IBUF_BUFG_inst/O
                         net (fo=7, routed)           0.591     1.537    i_clk_IBUF_BUFG
    SLICE_X65Y61         FDRE                                         r  o_seven_seg_reg[4]/C
  -------------------------------------------------------------------    -------------------
    SLICE_X65Y61         FDRE (Prop_fdre_C_Q)         0.141     1.678 r  o_seven_seg_reg[4]/Q
                         net (fo=1, routed)           0.324     2.002    o_seven_seg_OBUF[4]
    J5                   OBUF (Prop_obuf_I_O)         1.231     3.233 r  o_seven_seg_OBUF[4]_inst/O
                         net (fo=0)                   0.000     3.233    o_seven_seg[4]
    J5                                                                r  o_seven_seg[4] (OUT)
  -------------------------------------------------------------------    -------------------

Slack:                    inf
  Source:                 o_seven_seg_reg[2]/C
                            (rising edge-triggered cell FDRE clocked by sys_clk  {rise@0.000ns fall@10.000ns period=20.000ns})
  Destination:            o_seven_seg[2]
                            (output port)
  Path Group:             (none)
  Path Type:              Min at Fast Process Corner
  Data Path Delay:        1.738ns  (logic 1.383ns (79.544%)  route 0.356ns (20.456%))
  Logic Levels:           1  (OBUF=1)
  Clock Uncertainty:      0.025ns  ((TSJ^2 + TIJ^2)^1/2 + DJ) / 2 + PE
    Total System Jitter     (TSJ):    0.050ns
    Total Input Jitter      (TIJ):    0.000ns
    Discrete Jitter          (DJ):    0.000ns
    Phase Error              (PE):    0.000ns

    Location             Delay type                Incr(ns)  Path(ns)    Netlist Resource(s)
  -------------------------------------------------------------------    -------------------
                         (clock sys_clk rise edge)    0.000     0.000 r  
    N11                                               0.000     0.000 r  i_clk (IN)
                         net (fo=0)                   0.000     0.000    i_clk
    N11                  IBUF (Prop_ibuf_I_O)         0.286     0.286 r  i_clk_IBUF_inst/O
                         net (fo=1, routed)           0.634     0.920    i_clk_IBUF
    BUFGCTRL_X0Y0        BUFG (Prop_bufg_I_O)         0.026     0.946 r  i_clk_IBUF_BUFG_inst/O
                         net (fo=7, routed)           0.591     1.537    i_clk_IBUF_BUFG
    SLICE_X65Y61         FDRE                                         r  o_seven_seg_reg[2]/C
  -------------------------------------------------------------------    -------------------
    SLICE_X65Y61         FDRE (Prop_fdre_C_Q)         0.141     1.678 r  o_seven_seg_reg[2]/Q
                         net (fo=1, routed)           0.356     2.034    o_seven_seg_OBUF[2]
    H5                   OBUF (Prop_obuf_I_O)         1.242     3.276 r  o_seven_seg_OBUF[2]_inst/O
                         net (fo=0)                   0.000     3.276    o_seven_seg[2]
    H5                                                                r  o_seven_seg[2] (OUT)
  -------------------------------------------------------------------    -------------------

Slack:                    inf
  Source:                 o_seven_seg_reg[5]/C
                            (rising edge-triggered cell FDRE clocked by sys_clk  {rise@0.000ns fall@10.000ns period=20.000ns})
  Destination:            o_seven_seg[5]
                            (output port)
  Path Group:             (none)
  Path Type:              Min at Fast Process Corner
  Data Path Delay:        1.744ns  (logic 1.409ns (80.755%)  route 0.336ns (19.245%))
  Logic Levels:           1  (OBUF=1)
  Clock Uncertainty:      0.025ns  ((TSJ^2 + TIJ^2)^1/2 + DJ) / 2 + PE
    Total System Jitter     (TSJ):    0.050ns
    Total Input Jitter      (TIJ):    0.000ns
    Discrete Jitter          (DJ):    0.000ns
    Phase Error              (PE):    0.000ns

    Location             Delay type                Incr(ns)  Path(ns)    Netlist Resource(s)
  -------------------------------------------------------------------    -------------------
                         (clock sys_clk rise edge)    0.000     0.000 r  
    N11                                               0.000     0.000 r  i_clk (IN)
                         net (fo=0)                   0.000     0.000    i_clk
    N11                  IBUF (Prop_ibuf_I_O)         0.286     0.286 r  i_clk_IBUF_inst/O
                         net (fo=1, routed)           0.634     0.920    i_clk_IBUF
    BUFGCTRL_X0Y0        BUFG (Prop_bufg_I_O)         0.026     0.946 r  i_clk_IBUF_BUFG_inst/O
                         net (fo=7, routed)           0.591     1.537    i_clk_IBUF_BUFG
    SLICE_X65Y61         FDRE                                         r  o_seven_seg_reg[5]/C
  -------------------------------------------------------------------    -------------------
    SLICE_X65Y61         FDRE (Prop_fdre_C_Q)         0.128     1.665 r  o_seven_seg_reg[5]/Q
                         net (fo=1, routed)           0.336     2.001    o_seven_seg_OBUF[5]
    J4                   OBUF (Prop_obuf_I_O)         1.281     3.282 r  o_seven_seg_OBUF[5]_inst/O
                         net (fo=0)                   0.000     3.282    o_seven_seg[5]
    J4                                                                r  o_seven_seg[5] (OUT)
  -------------------------------------------------------------------    -------------------

Slack:                    inf
  Source:                 o_seven_seg_reg[1]/C
                            (rising edge-triggered cell FDRE clocked by sys_clk  {rise@0.000ns fall@10.000ns period=20.000ns})
  Destination:            o_seven_seg[1]
                            (output port)
  Path Group:             (none)
  Path Type:              Min at Fast Process Corner
  Data Path Delay:        1.767ns  (logic 1.409ns (79.715%)  route 0.358ns (20.285%))
  Logic Levels:           1  (OBUF=1)
  Clock Uncertainty:      0.025ns  ((TSJ^2 + TIJ^2)^1/2 + DJ) / 2 + PE
    Total System Jitter     (TSJ):    0.050ns
    Total Input Jitter      (TIJ):    0.000ns
    Discrete Jitter          (DJ):    0.000ns
    Phase Error              (PE):    0.000ns

    Location             Delay type                Incr(ns)  Path(ns)    Netlist Resource(s)
  -------------------------------------------------------------------    -------------------
                         (clock sys_clk rise edge)    0.000     0.000 r  
    N11                                               0.000     0.000 r  i_clk (IN)
                         net (fo=0)                   0.000     0.000    i_clk
    N11                  IBUF (Prop_ibuf_I_O)         0.286     0.286 r  i_clk_IBUF_inst/O
                         net (fo=1, routed)           0.634     0.920    i_clk_IBUF
    BUFGCTRL_X0Y0        BUFG (Prop_bufg_I_O)         0.026     0.946 r  i_clk_IBUF_BUFG_inst/O
                         net (fo=7, routed)           0.591     1.537    i_clk_IBUF_BUFG
    SLICE_X65Y61         FDRE                                         r  o_seven_seg_reg[1]/C
  -------------------------------------------------------------------    -------------------
    SLICE_X65Y61         FDRE (Prop_fdre_C_Q)         0.128     1.665 r  o_seven_seg_reg[1]/Q
                         net (fo=1, routed)           0.358     2.024    o_seven_seg_OBUF[1]
    G1                   OBUF (Prop_obuf_I_O)         1.281     3.304 r  o_seven_seg_OBUF[1]_inst/O
                         net (fo=0)                   0.000     3.304    o_seven_seg[1]
    G1                                                                r  o_seven_seg[1] (OUT)
  -------------------------------------------------------------------    -------------------

Slack:                    inf
  Source:                 o_seven_seg_reg[0]/C
                            (rising edge-triggered cell FDRE clocked by sys_clk  {rise@0.000ns fall@10.000ns period=20.000ns})
  Destination:            o_seven_seg[0]
                            (output port)
  Path Group:             (none)
  Path Type:              Min at Fast Process Corner
  Data Path Delay:        1.784ns  (logic 1.367ns (76.588%)  route 0.418ns (23.412%))
  Logic Levels:           1  (OBUF=1)
  Clock Uncertainty:      0.025ns  ((TSJ^2 + TIJ^2)^1/2 + DJ) / 2 + PE
    Total System Jitter     (TSJ):    0.050ns
    Total Input Jitter      (TIJ):    0.000ns
    Discrete Jitter          (DJ):    0.000ns
    Phase Error              (PE):    0.000ns

    Location             Delay type                Incr(ns)  Path(ns)    Netlist Resource(s)
  -------------------------------------------------------------------    -------------------
                         (clock sys_clk rise edge)    0.000     0.000 r  
    N11                                               0.000     0.000 r  i_clk (IN)
                         net (fo=0)                   0.000     0.000    i_clk
    N11                  IBUF (Prop_ibuf_I_O)         0.286     0.286 r  i_clk_IBUF_inst/O
                         net (fo=1, routed)           0.634     0.920    i_clk_IBUF
    BUFGCTRL_X0Y0        BUFG (Prop_bufg_I_O)         0.026     0.946 r  i_clk_IBUF_BUFG_inst/O
                         net (fo=7, routed)           0.591     1.537    i_clk_IBUF_BUFG
    SLICE_X65Y61         FDRE                                         r  o_seven_seg_reg[0]/C
  -------------------------------------------------------------------    -------------------
    SLICE_X65Y61         FDRE (Prop_fdre_C_Q)         0.141     1.678 r  o_seven_seg_reg[0]/Q
                         net (fo=1, routed)           0.418     2.096    o_seven_seg_OBUF[0]
    G2                   OBUF (Prop_obuf_I_O)         1.226     3.322 r  o_seven_seg_OBUF[0]_inst/O
                         net (fo=0)                   0.000     3.322    o_seven_seg[0]
    G2                                                                r  o_seven_seg[0] (OUT)
  -------------------------------------------------------------------    -------------------

Slack:                    inf
  Source:                 o_seven_seg_reg[3]/C
                            (rising edge-triggered cell FDRE clocked by sys_clk  {rise@0.000ns fall@10.000ns period=20.000ns})
  Destination:            o_seven_seg[3]
                            (output port)
  Path Group:             (none)
  Path Type:              Min at Fast Process Corner
  Data Path Delay:        1.803ns  (logic 1.413ns (78.350%)  route 0.390ns (21.650%))
  Logic Levels:           1  (OBUF=1)
  Clock Uncertainty:      0.025ns  ((TSJ^2 + TIJ^2)^1/2 + DJ) / 2 + PE
    Total System Jitter     (TSJ):    0.050ns
    Total Input Jitter      (TIJ):    0.000ns
    Discrete Jitter          (DJ):    0.000ns
    Phase Error              (PE):    0.000ns

    Location             Delay type                Incr(ns)  Path(ns)    Netlist Resource(s)
  -------------------------------------------------------------------    -------------------
                         (clock sys_clk rise edge)    0.000     0.000 r  
    N11                                               0.000     0.000 r  i_clk (IN)
                         net (fo=0)                   0.000     0.000    i_clk
    N11                  IBUF (Prop_ibuf_I_O)         0.286     0.286 r  i_clk_IBUF_inst/O
                         net (fo=1, routed)           0.634     0.920    i_clk_IBUF
    BUFGCTRL_X0Y0        BUFG (Prop_bufg_I_O)         0.026     0.946 r  i_clk_IBUF_BUFG_inst/O
                         net (fo=7, routed)           0.591     1.537    i_clk_IBUF_BUFG
    SLICE_X65Y61         FDRE                                         r  o_seven_seg_reg[3]/C
  -------------------------------------------------------------------    -------------------
    SLICE_X65Y61         FDRE (Prop_fdre_C_Q)         0.128     1.665 r  o_seven_seg_reg[3]/Q
                         net (fo=1, routed)           0.390     2.056    o_seven_seg_OBUF[3]
    H4                   OBUF (Prop_obuf_I_O)         1.285     3.340 r  o_seven_seg_OBUF[3]_inst/O
                         net (fo=0)                   0.000     3.340    o_seven_seg[3]
    H4                                                                r  o_seven_seg[3] (OUT)
  -------------------------------------------------------------------    -------------------





--------------------------------------------------------------------------------------
Path Group:  (none)
From Clock:  
  To Clock:  sys_clk

Max Delay             7 Endpoints
Min Delay             7 Endpoints
--------------------------------------------------------------------------------------


Max Delay Paths
--------------------------------------------------------------------------------------
Slack:                    inf
  Source:                 d_in[1]
                            (input port)
  Destination:            o_seven_seg_reg[5]/D
                            (rising edge-triggered cell FDRE clocked by sys_clk  {rise@0.000ns fall@10.000ns period=20.000ns})
  Path Group:             (none)
  Path Type:              Setup (Max at Slow Process Corner)
  Data Path Delay:        3.598ns  (logic 1.609ns (44.725%)  route 1.989ns (55.276%))
  Logic Levels:           2  (IBUF=1 LUT4=1)
  Clock Path Skew:        4.913ns (DCD - SCD + CPR)
    Destination Clock Delay (DCD):    4.913ns
    Source Clock Delay      (SCD):    0.000ns
    Clock Pessimism Removal (CPR):    0.000ns
  Clock Uncertainty:      0.025ns  ((TSJ^2 + TIJ^2)^1/2 + DJ) / 2 + PE
    Total System Jitter     (TSJ):    0.050ns
    Total Input Jitter      (TIJ):    0.000ns
    Discrete Jitter          (DJ):    0.000ns
    Phase Error              (PE):    0.000ns

    Location             Delay type                Incr(ns)  Path(ns)    Netlist Resource(s)
  -------------------------------------------------------------------    -------------------
    L4                                                0.000     0.000 r  d_in[1] (IN)
                         net (fo=0)                   0.000     0.000    d_in[1]
    L4                   IBUF (Prop_ibuf_I_O)         1.455     1.455 r  d_in_IBUF[1]_inst/O
                         net (fo=7, routed)           1.989     3.444    d_in_IBUF[1]
    SLICE_X65Y61         LUT4 (Prop_lut4_I3_O)        0.154     3.598 r  o_seven_seg[5]_i_1/O
                         net (fo=1, routed)           0.000     3.598    o_seven_seg[5]_i_1_n_0
    SLICE_X65Y61         FDRE                                         r  o_seven_seg_reg[5]/D
  -------------------------------------------------------------------    -------------------

                         (clock sys_clk rise edge)    0.000     0.000 r  
    N11                                               0.000     0.000 r  i_clk (IN)
                         net (fo=0)                   0.000     0.000    i_clk
    N11                  IBUF (Prop_ibuf_I_O)         1.448     1.448 r  i_clk_IBUF_inst/O
                         net (fo=1, routed)           1.868     3.316    i_clk_IBUF
    BUFGCTRL_X0Y0        BUFG (Prop_bufg_I_O)         0.091     3.407 r  i_clk_IBUF_BUFG_inst/O
                         net (fo=7, routed)           1.506     4.913    i_clk_IBUF_BUFG
    SLICE_X65Y61         FDRE                                         r  o_seven_seg_reg[5]/C

Slack:                    inf
  Source:                 d_in[3]
                            (input port)
  Destination:            o_seven_seg_reg[1]/D
                            (rising edge-triggered cell FDRE clocked by sys_clk  {rise@0.000ns fall@10.000ns period=20.000ns})
  Path Group:             (none)
  Path Type:              Setup (Max at Slow Process Corner)
  Data Path Delay:        3.572ns  (logic 1.636ns (45.785%)  route 1.937ns (54.215%))
  Logic Levels:           2  (IBUF=1 LUT4=1)
  Clock Path Skew:        4.913ns (DCD - SCD + CPR)
    Destination Clock Delay (DCD):    4.913ns
    Source Clock Delay      (SCD):    0.000ns
    Clock Pessimism Removal (CPR):    0.000ns
  Clock Uncertainty:      0.025ns  ((TSJ^2 + TIJ^2)^1/2 + DJ) / 2 + PE
    Total System Jitter     (TSJ):    0.050ns
    Total Input Jitter      (TIJ):    0.000ns
    Discrete Jitter          (DJ):    0.000ns
    Phase Error              (PE):    0.000ns

    Location             Delay type                Incr(ns)  Path(ns)    Netlist Resource(s)
  -------------------------------------------------------------------    -------------------
    M2                                                0.000     0.000 r  d_in[3] (IN)
                         net (fo=0)                   0.000     0.000    d_in[3]
    M2                   IBUF (Prop_ibuf_I_O)         1.484     1.484 r  d_in_IBUF[3]_inst/O
                         net (fo=7, routed)           1.937     3.420    d_in_IBUF[3]
    SLICE_X65Y61         LUT4 (Prop_lut4_I0_O)        0.152     3.572 r  o_seven_seg[1]_i_1/O
                         net (fo=1, routed)           0.000     3.572    o_seven_seg[1]_i_1_n_0
    SLICE_X65Y61         FDRE                                         r  o_seven_seg_reg[1]/D
  -------------------------------------------------------------------    -------------------

                         (clock sys_clk rise edge)    0.000     0.000 r  
    N11                                               0.000     0.000 r  i_clk (IN)
                         net (fo=0)                   0.000     0.000    i_clk
    N11                  IBUF (Prop_ibuf_I_O)         1.448     1.448 r  i_clk_IBUF_inst/O
                         net (fo=1, routed)           1.868     3.316    i_clk_IBUF
    BUFGCTRL_X0Y0        BUFG (Prop_bufg_I_O)         0.091     3.407 r  i_clk_IBUF_BUFG_inst/O
                         net (fo=7, routed)           1.506     4.913    i_clk_IBUF_BUFG
    SLICE_X65Y61         FDRE                                         r  o_seven_seg_reg[1]/C

Slack:                    inf
  Source:                 d_in[3]
                            (input port)
  Destination:            o_seven_seg_reg[3]/D
                            (rising edge-triggered cell FDRE clocked by sys_clk  {rise@0.000ns fall@10.000ns period=20.000ns})
  Path Group:             (none)
  Path Type:              Setup (Max at Slow Process Corner)
  Data Path Delay:        3.571ns  (logic 1.636ns (45.798%)  route 1.936ns (54.202%))
  Logic Levels:           2  (IBUF=1 LUT4=1)
  Clock Path Skew:        4.913ns (DCD - SCD + CPR)
    Destination Clock Delay (DCD):    4.913ns
    Source Clock Delay      (SCD):    0.000ns
    Clock Pessimism Removal (CPR):    0.000ns
  Clock Uncertainty:      0.025ns  ((TSJ^2 + TIJ^2)^1/2 + DJ) / 2 + PE
    Total System Jitter     (TSJ):    0.050ns
    Total Input Jitter      (TIJ):    0.000ns
    Discrete Jitter          (DJ):    0.000ns
    Phase Error              (PE):    0.000ns

    Location             Delay type                Incr(ns)  Path(ns)    Netlist Resource(s)
  -------------------------------------------------------------------    -------------------
    M2                                                0.000     0.000 r  d_in[3] (IN)
                         net (fo=0)                   0.000     0.000    d_in[3]
    M2                   IBUF (Prop_ibuf_I_O)         1.484     1.484 r  d_in_IBUF[3]_inst/O
                         net (fo=7, routed)           1.936     3.419    d_in_IBUF[3]
    SLICE_X65Y61         LUT4 (Prop_lut4_I0_O)        0.152     3.571 r  o_seven_seg[3]_i_1/O
                         net (fo=1, routed)           0.000     3.571    o_seven_seg[3]_i_1_n_0
    SLICE_X65Y61         FDRE                                         r  o_seven_seg_reg[3]/D
  -------------------------------------------------------------------    -------------------

                         (clock sys_clk rise edge)    0.000     0.000 r  
    N11                                               0.000     0.000 r  i_clk (IN)
                         net (fo=0)                   0.000     0.000    i_clk
    N11                  IBUF (Prop_ibuf_I_O)         1.448     1.448 r  i_clk_IBUF_inst/O
                         net (fo=1, routed)           1.868     3.316    i_clk_IBUF
    BUFGCTRL_X0Y0        BUFG (Prop_bufg_I_O)         0.091     3.407 r  i_clk_IBUF_BUFG_inst/O
                         net (fo=7, routed)           1.506     4.913    i_clk_IBUF_BUFG
    SLICE_X65Y61         FDRE                                         r  o_seven_seg_reg[3]/C

Slack:                    inf
  Source:                 d_in[1]
                            (input port)
  Destination:            o_seven_seg_reg[4]/D
                            (rising edge-triggered cell FDRE clocked by sys_clk  {rise@0.000ns fall@10.000ns period=20.000ns})
  Path Group:             (none)
  Path Type:              Setup (Max at Slow Process Corner)
  Data Path Delay:        3.568ns  (logic 1.579ns (44.260%)  route 1.989ns (55.740%))
  Logic Levels:           2  (IBUF=1 LUT4=1)
  Clock Path Skew:        4.913ns (DCD - SCD + CPR)
    Destination Clock Delay (DCD):    4.913ns
    Source Clock Delay      (SCD):    0.000ns
    Clock Pessimism Removal (CPR):    0.000ns
  Clock Uncertainty:      0.025ns  ((TSJ^2 + TIJ^2)^1/2 + DJ) / 2 + PE
    Total System Jitter     (TSJ):    0.050ns
    Total Input Jitter      (TIJ):    0.000ns
    Discrete Jitter          (DJ):    0.000ns
    Phase Error              (PE):    0.000ns

    Location             Delay type                Incr(ns)  Path(ns)    Netlist Resource(s)
  -------------------------------------------------------------------    -------------------
    L4                                                0.000     0.000 f  d_in[1] (IN)
                         net (fo=0)                   0.000     0.000    d_in[1]
    L4                   IBUF (Prop_ibuf_I_O)         1.455     1.455 f  d_in_IBUF[1]_inst/O
                         net (fo=7, routed)           1.989     3.444    d_in_IBUF[1]
    SLICE_X65Y61         LUT4 (Prop_lut4_I1_O)        0.124     3.568 r  o_seven_seg[4]_i_1/O
                         net (fo=1, routed)           0.000     3.568    o_seven_seg[4]_i_1_n_0
    SLICE_X65Y61         FDRE                                         r  o_seven_seg_reg[4]/D
  -------------------------------------------------------------------    -------------------

                         (clock sys_clk rise edge)    0.000     0.000 r  
    N11                                               0.000     0.000 r  i_clk (IN)
                         net (fo=0)                   0.000     0.000    i_clk
    N11                  IBUF (Prop_ibuf_I_O)         1.448     1.448 r  i_clk_IBUF_inst/O
                         net (fo=1, routed)           1.868     3.316    i_clk_IBUF
    BUFGCTRL_X0Y0        BUFG (Prop_bufg_I_O)         0.091     3.407 r  i_clk_IBUF_BUFG_inst/O
                         net (fo=7, routed)           1.506     4.913    i_clk_IBUF_BUFG
    SLICE_X65Y61         FDRE                                         r  o_seven_seg_reg[4]/C

Slack:                    inf
  Source:                 d_in[3]
                            (input port)
  Destination:            o_seven_seg_reg[0]/D
                            (rising edge-triggered cell FDRE clocked by sys_clk  {rise@0.000ns fall@10.000ns period=20.000ns})
  Path Group:             (none)
  Path Type:              Setup (Max at Slow Process Corner)
  Data Path Delay:        3.544ns  (logic 1.608ns (45.357%)  route 1.937ns (54.643%))
  Logic Levels:           2  (IBUF=1 LUT4=1)
  Clock Path Skew:        4.913ns (DCD - SCD + CPR)
    Destination Clock Delay (DCD):    4.913ns
    Source Clock Delay      (SCD):    0.000ns
    Clock Pessimism Removal (CPR):    0.000ns
  Clock Uncertainty:      0.025ns  ((TSJ^2 + TIJ^2)^1/2 + DJ) / 2 + PE
    Total System Jitter     (TSJ):    0.050ns
    Total Input Jitter      (TIJ):    0.000ns
    Discrete Jitter          (DJ):    0.000ns
    Phase Error              (PE):    0.000ns

    Location             Delay type                Incr(ns)  Path(ns)    Netlist Resource(s)
  -------------------------------------------------------------------    -------------------
    M2                                                0.000     0.000 r  d_in[3] (IN)
                         net (fo=0)                   0.000     0.000    d_in[3]
    M2                   IBUF (Prop_ibuf_I_O)         1.484     1.484 r  d_in_IBUF[3]_inst/O
                         net (fo=7, routed)           1.937     3.420    d_in_IBUF[3]
    SLICE_X65Y61         LUT4 (Prop_lut4_I0_O)        0.124     3.544 r  o_seven_seg[0]_i_1/O
                         net (fo=1, routed)           0.000     3.544    o_seven_seg[0]_i_1_n_0
    SLICE_X65Y61         FDRE                                         r  o_seven_seg_reg[0]/D
  -------------------------------------------------------------------    -------------------

                         (clock sys_clk rise edge)    0.000     0.000 r  
    N11                                               0.000     0.000 r  i_clk (IN)
                         net (fo=0)                   0.000     0.000    i_clk
    N11                  IBUF (Prop_ibuf_I_O)         1.448     1.448 r  i_clk_IBUF_inst/O
                         net (fo=1, routed)           1.868     3.316    i_clk_IBUF
    BUFGCTRL_X0Y0        BUFG (Prop_bufg_I_O)         0.091     3.407 r  i_clk_IBUF_BUFG_inst/O
                         net (fo=7, routed)           1.506     4.913    i_clk_IBUF_BUFG
    SLICE_X65Y61         FDRE                                         r  o_seven_seg_reg[0]/C

Slack:                    inf
  Source:                 d_in[3]
                            (input port)
  Destination:            o_seven_seg_reg[2]/D
                            (rising edge-triggered cell FDRE clocked by sys_clk  {rise@0.000ns fall@10.000ns period=20.000ns})
  Path Group:             (none)
  Path Type:              Setup (Max at Slow Process Corner)
  Data Path Delay:        3.543ns  (logic 1.608ns (45.370%)  route 1.936ns (54.630%))
  Logic Levels:           2  (IBUF=1 LUT4=1)
  Clock Path Skew:        4.913ns (DCD - SCD + CPR)
    Destination Clock Delay (DCD):    4.913ns
    Source Clock Delay      (SCD):    0.000ns
    Clock Pessimism Removal (CPR):    0.000ns
  Clock Uncertainty:      0.025ns  ((TSJ^2 + TIJ^2)^1/2 + DJ) / 2 + PE
    Total System Jitter     (TSJ):    0.050ns
    Total Input Jitter      (TIJ):    0.000ns
    Discrete Jitter          (DJ):    0.000ns
    Phase Error              (PE):    0.000ns

    Location             Delay type                Incr(ns)  Path(ns)    Netlist Resource(s)
  -------------------------------------------------------------------    -------------------
    M2                                                0.000     0.000 r  d_in[3] (IN)
                         net (fo=0)                   0.000     0.000    d_in[3]
    M2                   IBUF (Prop_ibuf_I_O)         1.484     1.484 r  d_in_IBUF[3]_inst/O
                         net (fo=7, routed)           1.936     3.419    d_in_IBUF[3]
    SLICE_X65Y61         LUT4 (Prop_lut4_I0_O)        0.124     3.543 r  o_seven_seg[2]_i_1/O
                         net (fo=1, routed)           0.000     3.543    o_seven_seg[2]_i_1_n_0
    SLICE_X65Y61         FDRE                                         r  o_seven_seg_reg[2]/D
  -------------------------------------------------------------------    -------------------

                         (clock sys_clk rise edge)    0.000     0.000 r  
    N11                                               0.000     0.000 r  i_clk (IN)
                         net (fo=0)                   0.000     0.000    i_clk
    N11                  IBUF (Prop_ibuf_I_O)         1.448     1.448 r  i_clk_IBUF_inst/O
                         net (fo=1, routed)           1.868     3.316    i_clk_IBUF
    BUFGCTRL_X0Y0        BUFG (Prop_bufg_I_O)         0.091     3.407 r  i_clk_IBUF_BUFG_inst/O
                         net (fo=7, routed)           1.506     4.913    i_clk_IBUF_BUFG
    SLICE_X65Y61         FDRE                                         r  o_seven_seg_reg[2]/C

Slack:                    inf
  Source:                 d_in[3]
                            (input port)
  Destination:            o_seven_seg_reg[6]/D
                            (rising edge-triggered cell FDRE clocked by sys_clk  {rise@0.000ns fall@10.000ns period=20.000ns})
  Path Group:             (none)
  Path Type:              Setup (Max at Slow Process Corner)
  Data Path Delay:        3.385ns  (logic 1.608ns (47.494%)  route 1.777ns (52.506%))
  Logic Levels:           2  (IBUF=1 LUT4=1)
  Clock Path Skew:        4.914ns (DCD - SCD + CPR)
    Destination Clock Delay (DCD):    4.914ns
    Source Clock Delay      (SCD):    0.000ns
    Clock Pessimism Removal (CPR):    0.000ns
  Clock Uncertainty:      0.025ns  ((TSJ^2 + TIJ^2)^1/2 + DJ) / 2 + PE
    Total System Jitter     (TSJ):    0.050ns
    Total Input Jitter      (TIJ):    0.000ns
    Discrete Jitter          (DJ):    0.000ns
    Phase Error              (PE):    0.000ns

    Location             Delay type                Incr(ns)  Path(ns)    Netlist Resource(s)
  -------------------------------------------------------------------    -------------------
    M2                                                0.000     0.000 r  d_in[3] (IN)
                         net (fo=0)                   0.000     0.000    d_in[3]
    M2                   IBUF (Prop_ibuf_I_O)         1.484     1.484 r  d_in_IBUF[3]_inst/O
                         net (fo=7, routed)           1.777     3.261    d_in_IBUF[3]
    SLICE_X65Y59         LUT4 (Prop_lut4_I0_O)        0.124     3.385 r  o_seven_seg[6]_i_1/O
                         net (fo=1, routed)           0.000     3.385    o_seven_seg[6]_i_1_n_0
    SLICE_X65Y59         FDRE                                         r  o_seven_seg_reg[6]/D
  -------------------------------------------------------------------    -------------------

                         (clock sys_clk rise edge)    0.000     0.000 r  
    N11                                               0.000     0.000 r  i_clk (IN)
                         net (fo=0)                   0.000     0.000    i_clk
    N11                  IBUF (Prop_ibuf_I_O)         1.448     1.448 r  i_clk_IBUF_inst/O
                         net (fo=1, routed)           1.868     3.316    i_clk_IBUF
    BUFGCTRL_X0Y0        BUFG (Prop_bufg_I_O)         0.091     3.407 r  i_clk_IBUF_BUFG_inst/O
                         net (fo=7, routed)           1.507     4.914    i_clk_IBUF_BUFG
    SLICE_X65Y59         FDRE                                         r  o_seven_seg_reg[6]/C





Min Delay Paths
--------------------------------------------------------------------------------------
Slack:                    inf
  Source:                 d_in[2]
                            (input port)
  Destination:            o_seven_seg_reg[6]/D
                            (rising edge-triggered cell FDRE clocked by sys_clk  {rise@0.000ns fall@10.000ns period=20.000ns})
  Path Group:             (none)
  Path Type:              Hold (Min at Fast Process Corner)
  Data Path Delay:        0.768ns  (logic 0.272ns (35.450%)  route 0.496ns (64.550%))
  Logic Levels:           2  (IBUF=1 LUT4=1)
  Clock Path Skew:        2.055ns (DCD - SCD - CPR)
    Destination Clock Delay (DCD):    2.055ns
    Source Clock Delay      (SCD):    0.000ns
    Clock Pessimism Removal (CPR):    -0.000ns

    Location             Delay type                Incr(ns)  Path(ns)    Netlist Resource(s)
  -------------------------------------------------------------------    -------------------
    M4                                                0.000     0.000 r  d_in[2] (IN)
                         net (fo=0)                   0.000     0.000    d_in[2]
    M4                   IBUF (Prop_ibuf_I_O)         0.227     0.227 r  d_in_IBUF[2]_inst/O
                         net (fo=7, routed)           0.496     0.723    d_in_IBUF[2]
    SLICE_X65Y59         LUT4 (Prop_lut4_I2_O)        0.045     0.768 r  o_seven_seg[6]_i_1/O
                         net (fo=1, routed)           0.000     0.768    o_seven_seg[6]_i_1_n_0
    SLICE_X65Y59         FDRE                                         r  o_seven_seg_reg[6]/D
  -------------------------------------------------------------------    -------------------

                         (clock sys_clk rise edge)    0.000     0.000 r  
    N11                                               0.000     0.000 r  i_clk (IN)
                         net (fo=0)                   0.000     0.000    i_clk
    N11                  IBUF (Prop_ibuf_I_O)         0.475     0.475 r  i_clk_IBUF_inst/O
                         net (fo=1, routed)           0.689     1.163    i_clk_IBUF
    BUFGCTRL_X0Y0        BUFG (Prop_bufg_I_O)         0.029     1.192 r  i_clk_IBUF_BUFG_inst/O
                         net (fo=7, routed)           0.862     2.055    i_clk_IBUF_BUFG
    SLICE_X65Y59         FDRE                                         r  o_seven_seg_reg[6]/C

Slack:                    inf
  Source:                 d_in[1]
                            (input port)
  Destination:            o_seven_seg_reg[0]/D
                            (rising edge-triggered cell FDRE clocked by sys_clk  {rise@0.000ns fall@10.000ns period=20.000ns})
  Path Group:             (none)
  Path Type:              Hold (Min at Fast Process Corner)
  Data Path Delay:        0.843ns  (logic 0.268ns (31.799%)  route 0.575ns (68.201%))
  Logic Levels:           2  (IBUF=1 LUT4=1)
  Clock Path Skew:        2.054ns (DCD - SCD - CPR)
    Destination Clock Delay (DCD):    2.054ns
    Source Clock Delay      (SCD):    0.000ns
    Clock Pessimism Removal (CPR):    -0.000ns

    Location             Delay type                Incr(ns)  Path(ns)    Netlist Resource(s)
  -------------------------------------------------------------------    -------------------
    L4                                                0.000     0.000 r  d_in[1] (IN)
                         net (fo=0)                   0.000     0.000    d_in[1]
    L4                   IBUF (Prop_ibuf_I_O)         0.223     0.223 r  d_in_IBUF[1]_inst/O
                         net (fo=7, routed)           0.575     0.798    d_in_IBUF[1]
    SLICE_X65Y61         LUT4 (Prop_lut4_I3_O)        0.045     0.843 r  o_seven_seg[0]_i_1/O
                         net (fo=1, routed)           0.000     0.843    o_seven_seg[0]_i_1_n_0
    SLICE_X65Y61         FDRE                                         r  o_seven_seg_reg[0]/D
  -------------------------------------------------------------------    -------------------

                         (clock sys_clk rise edge)    0.000     0.000 r  
    N11                                               0.000     0.000 r  i_clk (IN)
                         net (fo=0)                   0.000     0.000    i_clk
    N11                  IBUF (Prop_ibuf_I_O)         0.475     0.475 r  i_clk_IBUF_inst/O
                         net (fo=1, routed)           0.689     1.163    i_clk_IBUF
    BUFGCTRL_X0Y0        BUFG (Prop_bufg_I_O)         0.029     1.192 r  i_clk_IBUF_BUFG_inst/O
                         net (fo=7, routed)           0.861     2.054    i_clk_IBUF_BUFG
    SLICE_X65Y61         FDRE                                         r  o_seven_seg_reg[0]/C

Slack:                    inf
  Source:                 d_in[1]
                            (input port)
  Destination:            o_seven_seg_reg[1]/D
                            (rising edge-triggered cell FDRE clocked by sys_clk  {rise@0.000ns fall@10.000ns period=20.000ns})
  Path Group:             (none)
  Path Type:              Hold (Min at Fast Process Corner)
  Data Path Delay:        0.846ns  (logic 0.271ns (32.041%)  route 0.575ns (67.959%))
  Logic Levels:           2  (IBUF=1 LUT4=1)
  Clock Path Skew:        2.054ns (DCD - SCD - CPR)
    Destination Clock Delay (DCD):    2.054ns
    Source Clock Delay      (SCD):    0.000ns
    Clock Pessimism Removal (CPR):    -0.000ns

    Location             Delay type                Incr(ns)  Path(ns)    Netlist Resource(s)
  -------------------------------------------------------------------    -------------------
    L4                                                0.000     0.000 r  d_in[1] (IN)
                         net (fo=0)                   0.000     0.000    d_in[1]
    L4                   IBUF (Prop_ibuf_I_O)         0.223     0.223 r  d_in_IBUF[1]_inst/O
                         net (fo=7, routed)           0.575     0.798    d_in_IBUF[1]
    SLICE_X65Y61         LUT4 (Prop_lut4_I2_O)        0.048     0.846 r  o_seven_seg[1]_i_1/O
                         net (fo=1, routed)           0.000     0.846    o_seven_seg[1]_i_1_n_0
    SLICE_X65Y61         FDRE                                         r  o_seven_seg_reg[1]/D
  -------------------------------------------------------------------    -------------------

                         (clock sys_clk rise edge)    0.000     0.000 r  
    N11                                               0.000     0.000 r  i_clk (IN)
                         net (fo=0)                   0.000     0.000    i_clk
    N11                  IBUF (Prop_ibuf_I_O)         0.475     0.475 r  i_clk_IBUF_inst/O
                         net (fo=1, routed)           0.689     1.163    i_clk_IBUF
    BUFGCTRL_X0Y0        BUFG (Prop_bufg_I_O)         0.029     1.192 r  i_clk_IBUF_BUFG_inst/O
                         net (fo=7, routed)           0.861     2.054    i_clk_IBUF_BUFG
    SLICE_X65Y61         FDRE                                         r  o_seven_seg_reg[1]/C

Slack:                    inf
  Source:                 d_in[0]
                            (input port)
  Destination:            o_seven_seg_reg[5]/D
                            (rising edge-triggered cell FDRE clocked by sys_clk  {rise@0.000ns fall@10.000ns period=20.000ns})
  Path Group:             (none)
  Path Type:              Hold (Min at Fast Process Corner)
  Data Path Delay:        0.894ns  (logic 0.250ns (27.943%)  route 0.644ns (72.057%))
  Logic Levels:           2  (IBUF=1 LUT4=1)
  Clock Path Skew:        2.054ns (DCD - SCD - CPR)
    Destination Clock Delay (DCD):    2.054ns
    Source Clock Delay      (SCD):    0.000ns
    Clock Pessimism Removal (CPR):    -0.000ns

    Location             Delay type                Incr(ns)  Path(ns)    Netlist Resource(s)
  -------------------------------------------------------------------    -------------------
    L5                                                0.000     0.000 r  d_in[0] (IN)
                         net (fo=0)                   0.000     0.000    d_in[0]
    L5                   IBUF (Prop_ibuf_I_O)         0.208     0.208 r  d_in_IBUF[0]_inst/O
                         net (fo=7, routed)           0.644     0.852    d_in_IBUF[0]
    SLICE_X65Y61         LUT4 (Prop_lut4_I2_O)        0.042     0.894 r  o_seven_seg[5]_i_1/O
                         net (fo=1, routed)           0.000     0.894    o_seven_seg[5]_i_1_n_0
    SLICE_X65Y61         FDRE                                         r  o_seven_seg_reg[5]/D
  -------------------------------------------------------------------    -------------------

                         (clock sys_clk rise edge)    0.000     0.000 r  
    N11                                               0.000     0.000 r  i_clk (IN)
                         net (fo=0)                   0.000     0.000    i_clk
    N11                  IBUF (Prop_ibuf_I_O)         0.475     0.475 r  i_clk_IBUF_inst/O
                         net (fo=1, routed)           0.689     1.163    i_clk_IBUF
    BUFGCTRL_X0Y0        BUFG (Prop_bufg_I_O)         0.029     1.192 r  i_clk_IBUF_BUFG_inst/O
                         net (fo=7, routed)           0.861     2.054    i_clk_IBUF_BUFG
    SLICE_X65Y61         FDRE                                         r  o_seven_seg_reg[5]/C

Slack:                    inf
  Source:                 d_in[0]
                            (input port)
  Destination:            o_seven_seg_reg[4]/D
                            (rising edge-triggered cell FDRE clocked by sys_clk  {rise@0.000ns fall@10.000ns period=20.000ns})
  Path Group:             (none)
  Path Type:              Hold (Min at Fast Process Corner)
  Data Path Delay:        0.897ns  (logic 0.253ns (28.184%)  route 0.644ns (71.816%))
  Logic Levels:           2  (IBUF=1 LUT4=1)
  Clock Path Skew:        2.054ns (DCD - SCD - CPR)
    Destination Clock Delay (DCD):    2.054ns
    Source Clock Delay      (SCD):    0.000ns
    Clock Pessimism Removal (CPR):    -0.000ns

    Location             Delay type                Incr(ns)  Path(ns)    Netlist Resource(s)
  -------------------------------------------------------------------    -------------------
    L5                                                0.000     0.000 r  d_in[0] (IN)
                         net (fo=0)                   0.000     0.000    d_in[0]
    L5                   IBUF (Prop_ibuf_I_O)         0.208     0.208 r  d_in_IBUF[0]_inst/O
                         net (fo=7, routed)           0.644     0.852    d_in_IBUF[0]
    SLICE_X65Y61         LUT4 (Prop_lut4_I3_O)        0.045     0.897 r  o_seven_seg[4]_i_1/O
                         net (fo=1, routed)           0.000     0.897    o_seven_seg[4]_i_1_n_0
    SLICE_X65Y61         FDRE                                         r  o_seven_seg_reg[4]/D
  -------------------------------------------------------------------    -------------------

                         (clock sys_clk rise edge)    0.000     0.000 r  
    N11                                               0.000     0.000 r  i_clk (IN)
                         net (fo=0)                   0.000     0.000    i_clk
    N11                  IBUF (Prop_ibuf_I_O)         0.475     0.475 r  i_clk_IBUF_inst/O
                         net (fo=1, routed)           0.689     1.163    i_clk_IBUF
    BUFGCTRL_X0Y0        BUFG (Prop_bufg_I_O)         0.029     1.192 r  i_clk_IBUF_BUFG_inst/O
                         net (fo=7, routed)           0.861     2.054    i_clk_IBUF_BUFG
    SLICE_X65Y61         FDRE                                         r  o_seven_seg_reg[4]/C

Slack:                    inf
  Source:                 d_in[2]
                            (input port)
  Destination:            o_seven_seg_reg[2]/D
                            (rising edge-triggered cell FDRE clocked by sys_clk  {rise@0.000ns fall@10.000ns period=20.000ns})
  Path Group:             (none)
  Path Type:              Hold (Min at Fast Process Corner)
  Data Path Delay:        0.898ns  (logic 0.272ns (30.320%)  route 0.626ns (69.680%))
  Logic Levels:           2  (IBUF=1 LUT4=1)
  Clock Path Skew:        2.054ns (DCD - SCD - CPR)
    Destination Clock Delay (DCD):    2.054ns
    Source Clock Delay      (SCD):    0.000ns
    Clock Pessimism Removal (CPR):    -0.000ns

    Location             Delay type                Incr(ns)  Path(ns)    Netlist Resource(s)
  -------------------------------------------------------------------    -------------------
    M4                                                0.000     0.000 r  d_in[2] (IN)
                         net (fo=0)                   0.000     0.000    d_in[2]
    M4                   IBUF (Prop_ibuf_I_O)         0.227     0.227 r  d_in_IBUF[2]_inst/O
                         net (fo=7, routed)           0.626     0.853    d_in_IBUF[2]
    SLICE_X65Y61         LUT4 (Prop_lut4_I3_O)        0.045     0.898 r  o_seven_seg[2]_i_1/O
                         net (fo=1, routed)           0.000     0.898    o_seven_seg[2]_i_1_n_0
    SLICE_X65Y61         FDRE                                         r  o_seven_seg_reg[2]/D
  -------------------------------------------------------------------    -------------------

                         (clock sys_clk rise edge)    0.000     0.000 r  
    N11                                               0.000     0.000 r  i_clk (IN)
                         net (fo=0)                   0.000     0.000    i_clk
    N11                  IBUF (Prop_ibuf_I_O)         0.475     0.475 r  i_clk_IBUF_inst/O
                         net (fo=1, routed)           0.689     1.163    i_clk_IBUF
    BUFGCTRL_X0Y0        BUFG (Prop_bufg_I_O)         0.029     1.192 r  i_clk_IBUF_BUFG_inst/O
                         net (fo=7, routed)           0.861     2.054    i_clk_IBUF_BUFG
    SLICE_X65Y61         FDRE                                         r  o_seven_seg_reg[2]/C

Slack:                    inf
  Source:                 d_in[2]
                            (input port)
  Destination:            o_seven_seg_reg[3]/D
                            (rising edge-triggered cell FDRE clocked by sys_clk  {rise@0.000ns fall@10.000ns period=20.000ns})
  Path Group:             (none)
  Path Type:              Hold (Min at Fast Process Corner)
  Data Path Delay:        0.902ns  (logic 0.276ns (30.629%)  route 0.626ns (69.371%))
  Logic Levels:           2  (IBUF=1 LUT4=1)
  Clock Path Skew:        2.054ns (DCD - SCD - CPR)
    Destination Clock Delay (DCD):    2.054ns
    Source Clock Delay      (SCD):    0.000ns
    Clock Pessimism Removal (CPR):    -0.000ns

    Location             Delay type                Incr(ns)  Path(ns)    Netlist Resource(s)
  -------------------------------------------------------------------    -------------------
    M4                                                0.000     0.000 r  d_in[2] (IN)
                         net (fo=0)                   0.000     0.000    d_in[2]
    M4                   IBUF (Prop_ibuf_I_O)         0.227     0.227 r  d_in_IBUF[2]_inst/O
                         net (fo=7, routed)           0.626     0.853    d_in_IBUF[2]
    SLICE_X65Y61         LUT4 (Prop_lut4_I1_O)        0.049     0.902 r  o_seven_seg[3]_i_1/O
                         net (fo=1, routed)           0.000     0.902    o_seven_seg[3]_i_1_n_0
    SLICE_X65Y61         FDRE                                         r  o_seven_seg_reg[3]/D
  -------------------------------------------------------------------    -------------------

                         (clock sys_clk rise edge)    0.000     0.000 r  
    N11                                               0.000     0.000 r  i_clk (IN)
                         net (fo=0)                   0.000     0.000    i_clk
    N11                  IBUF (Prop_ibuf_I_O)         0.475     0.475 r  i_clk_IBUF_inst/O
                         net (fo=1, routed)           0.689     1.163    i_clk_IBUF
    BUFGCTRL_X0Y0        BUFG (Prop_bufg_I_O)         0.029     1.192 r  i_clk_IBUF_BUFG_inst/O
                         net (fo=7, routed)           0.861     2.054    i_clk_IBUF_BUFG
    SLICE_X65Y61         FDRE                                         r  o_seven_seg_reg[3]/C





