
*** Running vivado
    with args -log Spi_interface_debug_wrapper.vds -m64 -product Vivado -mode batch -messageDb vivado.pb -notrace -source Spi_interface_debug_wrapper.tcl



****** Vivado v2022.2 (64-bit)
  **** SW Build 3671981 on Fri Oct 14 05:00:03 MDT 2022
  **** IP Build 3669848 on Fri Oct 14 08:30:02 MDT 2022
    ** Copyright 1986-2022 Xilinx, Inc. All Rights Reserved.

source Spi_interface_debug_wrapper.tcl -notrace
create_project: Time (s): cpu = 00:00:11 ; elapsed = 00:00:12 . Memory (MB): peak = 453.375 ; gain = 122.582
INFO: [IP_Flow 19-234] Refreshing IP repositories
INFO: [IP_Flow 19-1704] No user IP repositories specified
INFO: [IP_Flow 19-2313] Loaded Vivado IP repository 'E:/VITIS_2020.2/Vivado/2022.2/data/ip'.
add_files: Time (s): cpu = 00:00:02 ; elapsed = 00:00:07 . Memory (MB): peak = 504.051 ; gain = 50.676
Command: read_checkpoint -auto_incremental -incremental E:/VIVADO_2022/ARTIX_A7_FPGA/Debugging/Debugging_Xilinx_IPs/Debuggin_various_IPs/Debuggin_various_IPs.srcs/utils_1/imports/synth_1/Spi_interface_debug_wrapper.dcp
INFO: [Vivado 12-5825] Read reference checkpoint from E:/VIVADO_2022/ARTIX_A7_FPGA/Debugging/Debugging_Xilinx_IPs/Debuggin_various_IPs/Debuggin_various_IPs.srcs/utils_1/imports/synth_1/Spi_interface_debug_wrapper.dcp for incremental synthesis
INFO: [Vivado 12-7989] Please ensure there are no constraint changes
Command: synth_design -top Spi_interface_debug_wrapper -part xc7a35tftg256-1
Starting synth_design
Attempting to get a license for feature 'Synthesis' and/or device 'xc7a35t'
INFO: [Common 17-349] Got license for feature 'Synthesis' and/or device 'xc7a35t'
INFO: [Device 21-403] Loading part xc7a35tftg256-1
INFO: [Designutils 20-5440] No compile time benefit to using incremental synthesis; A full resynthesis will be run
INFO: [Designutils 20-4379] Flow is switching to default flow due to incremental criteria not met. If you would like to alter this behaviour and have the flow terminate instead, please set the following parameter config_implementation {autoIncr.Synth.RejectBehavior Terminate}
INFO: [Synth 8-7079] Multithreading enabled for synth_design using a maximum of 2 processes.
INFO: [Synth 8-7078] Launching helper process for spawning children vivado processes
INFO: [Synth 8-7075] Helper process launched with PID 7120
INFO: [Synth 8-11241] undeclared symbol 'REGCCE', assumed default net type 'wire' [E:/VITIS_2020.2/Vivado/2022.2/data/verilog/src/unimacro/BRAM_SINGLE_MACRO.v:2170]
---------------------------------------------------------------------------------
Starting RTL Elaboration : Time (s): cpu = 00:00:08 ; elapsed = 00:00:08 . Memory (MB): peak = 1292.746 ; gain = 408.195
---------------------------------------------------------------------------------
INFO: [Synth 8-6157] synthesizing module 'Spi_interface_debug_wrapper' [E:/VIVADO_2022/ARTIX_A7_FPGA/Debugging/Debugging_Xilinx_IPs/Debuggin_various_IPs/Debuggin_various_IPs.gen/sources_1/bd/Spi_interface_debug/hdl/Spi_interface_debug_wrapper.v:12]
INFO: [Synth 8-6157] synthesizing module 'Spi_interface_debug' [e:/VIVADO_2022/ARTIX_A7_FPGA/Debugging/Debugging_Xilinx_IPs/Debuggin_various_IPs/Debuggin_various_IPs.gen/sources_1/bd/Spi_interface_debug/synth/Spi_interface_debug.v:12]
INFO: [Synth 8-6157] synthesizing module 'Spi_interface_debug_Top_Spi_Master_0_0' [E:/VIVADO_2022/ARTIX_A7_FPGA/Debugging/Debugging_Xilinx_IPs/Debuggin_various_IPs/Debuggin_various_IPs.runs/synth_1/.Xil/Vivado-10876-LAPTOP-GBNTDCHP/realtime/Spi_interface_debug_Top_Spi_Master_0_0_stub.v:5]
INFO: [Synth 8-6155] done synthesizing module 'Spi_interface_debug_Top_Spi_Master_0_0' (0#1) [E:/VIVADO_2022/ARTIX_A7_FPGA/Debugging/Debugging_Xilinx_IPs/Debuggin_various_IPs/Debuggin_various_IPs.runs/synth_1/.Xil/Vivado-10876-LAPTOP-GBNTDCHP/realtime/Spi_interface_debug_Top_Spi_Master_0_0_stub.v:5]
INFO: [Synth 8-6157] synthesizing module 'Spi_interface_debug_c_counter_binary_0_0' [E:/VIVADO_2022/ARTIX_A7_FPGA/Debugging/Debugging_Xilinx_IPs/Debuggin_various_IPs/Debuggin_various_IPs.runs/synth_1/.Xil/Vivado-10876-LAPTOP-GBNTDCHP/realtime/Spi_interface_debug_c_counter_binary_0_0_stub.v:5]
INFO: [Synth 8-6155] done synthesizing module 'Spi_interface_debug_c_counter_binary_0_0' (0#1) [E:/VIVADO_2022/ARTIX_A7_FPGA/Debugging/Debugging_Xilinx_IPs/Debuggin_various_IPs/Debuggin_various_IPs.runs/synth_1/.Xil/Vivado-10876-LAPTOP-GBNTDCHP/realtime/Spi_interface_debug_c_counter_binary_0_0_stub.v:5]
WARNING: [Synth 8-4446] all outputs are unconnected for this instance and logic may be removed [e:/VIVADO_2022/ARTIX_A7_FPGA/Debugging/Debugging_Xilinx_IPs/Debuggin_various_IPs/Debuggin_various_IPs.gen/sources_1/bd/Spi_interface_debug/synth/Spi_interface_debug.v:71]
INFO: [Synth 8-6157] synthesizing module 'Spi_interface_debug_ila_0_0' [E:/VIVADO_2022/ARTIX_A7_FPGA/Debugging/Debugging_Xilinx_IPs/Debuggin_various_IPs/Debuggin_various_IPs.runs/synth_1/.Xil/Vivado-10876-LAPTOP-GBNTDCHP/realtime/Spi_interface_debug_ila_0_0_stub.v:5]
INFO: [Synth 8-6155] done synthesizing module 'Spi_interface_debug_ila_0_0' (0#1) [E:/VIVADO_2022/ARTIX_A7_FPGA/Debugging/Debugging_Xilinx_IPs/Debuggin_various_IPs/Debuggin_various_IPs.runs/synth_1/.Xil/Vivado-10876-LAPTOP-GBNTDCHP/realtime/Spi_interface_debug_ila_0_0_stub.v:5]
INFO: [Synth 8-6157] synthesizing module 'Spi_interface_debug_proc_sys_reset_0_0' [E:/VIVADO_2022/ARTIX_A7_FPGA/Debugging/Debugging_Xilinx_IPs/Debuggin_various_IPs/Debuggin_various_IPs.runs/synth_1/.Xil/Vivado-10876-LAPTOP-GBNTDCHP/realtime/Spi_interface_debug_proc_sys_reset_0_0_stub.v:5]
INFO: [Synth 8-6155] done synthesizing module 'Spi_interface_debug_proc_sys_reset_0_0' (0#1) [E:/VIVADO_2022/ARTIX_A7_FPGA/Debugging/Debugging_Xilinx_IPs/Debuggin_various_IPs/Debuggin_various_IPs.runs/synth_1/.Xil/Vivado-10876-LAPTOP-GBNTDCHP/realtime/Spi_interface_debug_proc_sys_reset_0_0_stub.v:5]
WARNING: [Synth 8-7071] port 'mb_reset' of module 'Spi_interface_debug_proc_sys_reset_0_0' is unconnected for instance 'proc_sys_reset_0' [e:/VIVADO_2022/ARTIX_A7_FPGA/Debugging/Debugging_Xilinx_IPs/Debuggin_various_IPs/Debuggin_various_IPs.gen/sources_1/bd/Spi_interface_debug/synth/Spi_interface_debug.v:79]
WARNING: [Synth 8-7071] port 'bus_struct_reset' of module 'Spi_interface_debug_proc_sys_reset_0_0' is unconnected for instance 'proc_sys_reset_0' [e:/VIVADO_2022/ARTIX_A7_FPGA/Debugging/Debugging_Xilinx_IPs/Debuggin_various_IPs/Debuggin_various_IPs.gen/sources_1/bd/Spi_interface_debug/synth/Spi_interface_debug.v:79]
WARNING: [Synth 8-7071] port 'peripheral_reset' of module 'Spi_interface_debug_proc_sys_reset_0_0' is unconnected for instance 'proc_sys_reset_0' [e:/VIVADO_2022/ARTIX_A7_FPGA/Debugging/Debugging_Xilinx_IPs/Debuggin_various_IPs/Debuggin_various_IPs.gen/sources_1/bd/Spi_interface_debug/synth/Spi_interface_debug.v:79]
WARNING: [Synth 8-7071] port 'interconnect_aresetn' of module 'Spi_interface_debug_proc_sys_reset_0_0' is unconnected for instance 'proc_sys_reset_0' [e:/VIVADO_2022/ARTIX_A7_FPGA/Debugging/Debugging_Xilinx_IPs/Debuggin_various_IPs/Debuggin_various_IPs.gen/sources_1/bd/Spi_interface_debug/synth/Spi_interface_debug.v:79]
WARNING: [Synth 8-7023] instance 'proc_sys_reset_0' of module 'Spi_interface_debug_proc_sys_reset_0_0' has 10 connections declared, but only 6 given [e:/VIVADO_2022/ARTIX_A7_FPGA/Debugging/Debugging_Xilinx_IPs/Debuggin_various_IPs/Debuggin_various_IPs.gen/sources_1/bd/Spi_interface_debug/synth/Spi_interface_debug.v:79]
INFO: [Synth 8-6157] synthesizing module 'Spi_interface_debug_xlconstant_0_0' [e:/VIVADO_2022/ARTIX_A7_FPGA/Debugging/Debugging_Xilinx_IPs/Debuggin_various_IPs/Debuggin_various_IPs.gen/sources_1/bd/Spi_interface_debug/ip/Spi_interface_debug_xlconstant_0_0/synth/Spi_interface_debug_xlconstant_0_0.v:53]
INFO: [Synth 8-6157] synthesizing module 'xlconstant_v1_1_7_xlconstant' [e:/VIVADO_2022/ARTIX_A7_FPGA/Debugging/Debugging_Xilinx_IPs/Debuggin_various_IPs/Debuggin_various_IPs.gen/sources_1/bd/Spi_interface_debug/ipshared/badb/hdl/xlconstant_v1_1_vl_rfs.v:23]
INFO: [Synth 8-6155] done synthesizing module 'xlconstant_v1_1_7_xlconstant' (0#1) [e:/VIVADO_2022/ARTIX_A7_FPGA/Debugging/Debugging_Xilinx_IPs/Debuggin_various_IPs/Debuggin_various_IPs.gen/sources_1/bd/Spi_interface_debug/ipshared/badb/hdl/xlconstant_v1_1_vl_rfs.v:23]
INFO: [Synth 8-6155] done synthesizing module 'Spi_interface_debug_xlconstant_0_0' (0#1) [e:/VIVADO_2022/ARTIX_A7_FPGA/Debugging/Debugging_Xilinx_IPs/Debuggin_various_IPs/Debuggin_various_IPs.gen/sources_1/bd/Spi_interface_debug/ip/Spi_interface_debug_xlconstant_0_0/synth/Spi_interface_debug_xlconstant_0_0.v:53]
INFO: [Synth 8-6155] done synthesizing module 'Spi_interface_debug' (0#1) [e:/VIVADO_2022/ARTIX_A7_FPGA/Debugging/Debugging_Xilinx_IPs/Debuggin_various_IPs/Debuggin_various_IPs.gen/sources_1/bd/Spi_interface_debug/synth/Spi_interface_debug.v:12]
INFO: [Synth 8-6155] done synthesizing module 'Spi_interface_debug_wrapper' (0#1) [E:/VIVADO_2022/ARTIX_A7_FPGA/Debugging/Debugging_Xilinx_IPs/Debuggin_various_IPs/Debuggin_various_IPs.gen/sources_1/bd/Spi_interface_debug/hdl/Spi_interface_debug_wrapper.v:12]
INFO: [Synth 8-6071] Mark debug on the nets applies keep_hierarchy on instance 'Top_Spi_Master_0'. This will prevent further optimization [e:/VIVADO_2022/ARTIX_A7_FPGA/Debugging/Debugging_Xilinx_IPs/Debuggin_various_IPs/Debuggin_various_IPs.gen/sources_1/bd/Spi_interface_debug/synth/Spi_interface_debug.v:55]
INFO: [Synth 8-6071] Mark debug on the nets applies keep_hierarchy on instance 'Spi_interface_debug_i'. This will prevent further optimization [E:/VIVADO_2022/ARTIX_A7_FPGA/Debugging/Debugging_Xilinx_IPs/Debuggin_various_IPs/Debuggin_various_IPs.gen/sources_1/bd/Spi_interface_debug/hdl/Spi_interface_debug_wrapper.v:42]
INFO: [Synth 8-6071] Mark debug on the nets applies keep_hierarchy on instance 'ila_0'. This will prevent further optimization [e:/VIVADO_2022/ARTIX_A7_FPGA/Debugging/Debugging_Xilinx_IPs/Debuggin_various_IPs/Debuggin_various_IPs.gen/sources_1/bd/Spi_interface_debug/synth/Spi_interface_debug.v:71]
---------------------------------------------------------------------------------
Finished RTL Elaboration : Time (s): cpu = 00:00:11 ; elapsed = 00:00:12 . Memory (MB): peak = 1386.922 ; gain = 502.371
---------------------------------------------------------------------------------
---------------------------------------------------------------------------------
Start Handling Custom Attributes
---------------------------------------------------------------------------------
---------------------------------------------------------------------------------
Finished Handling Custom Attributes : Time (s): cpu = 00:00:11 ; elapsed = 00:00:12 . Memory (MB): peak = 1386.922 ; gain = 502.371
---------------------------------------------------------------------------------
---------------------------------------------------------------------------------
Finished RTL Optimization Phase 1 : Time (s): cpu = 00:00:11 ; elapsed = 00:00:12 . Memory (MB): peak = 1386.922 ; gain = 502.371
---------------------------------------------------------------------------------
Netlist sorting complete. Time (s): cpu = 00:00:00 ; elapsed = 00:00:00.001 . Memory (MB): peak = 1386.922 ; gain = 0.000
INFO: [Project 1-570] Preparing netlist for logic optimization

Processing XDC Constraints
Initializing timing engine
Parsing XDC File [e:/VIVADO_2022/ARTIX_A7_FPGA/Debugging/Debugging_Xilinx_IPs/Debuggin_various_IPs/Debuggin_various_IPs.gen/sources_1/bd/Spi_interface_debug/ip/Spi_interface_debug_c_counter_binary_0_0/Spi_interface_debug_c_counter_binary_0_0/Spi_interface_debug_c_counter_binary_0_0_in_context.xdc] for cell 'Spi_interface_debug_i/c_counter_binary_0'
Finished Parsing XDC File [e:/VIVADO_2022/ARTIX_A7_FPGA/Debugging/Debugging_Xilinx_IPs/Debuggin_various_IPs/Debuggin_various_IPs.gen/sources_1/bd/Spi_interface_debug/ip/Spi_interface_debug_c_counter_binary_0_0/Spi_interface_debug_c_counter_binary_0_0/Spi_interface_debug_c_counter_binary_0_0_in_context.xdc] for cell 'Spi_interface_debug_i/c_counter_binary_0'
Parsing XDC File [e:/VIVADO_2022/ARTIX_A7_FPGA/Debugging/Debugging_Xilinx_IPs/Debuggin_various_IPs/Debuggin_various_IPs.gen/sources_1/bd/Spi_interface_debug/ip/Spi_interface_debug_ila_0_0/Spi_interface_debug_ila_0_0/Spi_interface_debug_ila_0_0_in_context.xdc] for cell 'Spi_interface_debug_i/ila_0'
Finished Parsing XDC File [e:/VIVADO_2022/ARTIX_A7_FPGA/Debugging/Debugging_Xilinx_IPs/Debuggin_various_IPs/Debuggin_various_IPs.gen/sources_1/bd/Spi_interface_debug/ip/Spi_interface_debug_ila_0_0/Spi_interface_debug_ila_0_0/Spi_interface_debug_ila_0_0_in_context.xdc] for cell 'Spi_interface_debug_i/ila_0'
Parsing XDC File [e:/VIVADO_2022/ARTIX_A7_FPGA/Debugging/Debugging_Xilinx_IPs/Debuggin_various_IPs/Debuggin_various_IPs.gen/sources_1/bd/Spi_interface_debug/ip/Spi_interface_debug_proc_sys_reset_0_0/Spi_interface_debug_proc_sys_reset_0_0/Spi_interface_debug_proc_sys_reset_0_0_in_context.xdc] for cell 'Spi_interface_debug_i/proc_sys_reset_0'
Finished Parsing XDC File [e:/VIVADO_2022/ARTIX_A7_FPGA/Debugging/Debugging_Xilinx_IPs/Debuggin_various_IPs/Debuggin_various_IPs.gen/sources_1/bd/Spi_interface_debug/ip/Spi_interface_debug_proc_sys_reset_0_0/Spi_interface_debug_proc_sys_reset_0_0/Spi_interface_debug_proc_sys_reset_0_0_in_context.xdc] for cell 'Spi_interface_debug_i/proc_sys_reset_0'
Parsing XDC File [e:/VIVADO_2022/ARTIX_A7_FPGA/Debugging/Debugging_Xilinx_IPs/Debuggin_various_IPs/Debuggin_various_IPs.gen/sources_1/bd/Spi_interface_debug/ip/Spi_interface_debug_Top_Spi_Master_0_0/Spi_interface_debug_Top_Spi_Master_0_0/Spi_interface_debug_Top_Spi_Master_0_0_in_context.xdc] for cell 'Spi_interface_debug_i/Top_Spi_Master_0'
Finished Parsing XDC File [e:/VIVADO_2022/ARTIX_A7_FPGA/Debugging/Debugging_Xilinx_IPs/Debuggin_various_IPs/Debuggin_various_IPs.gen/sources_1/bd/Spi_interface_debug/ip/Spi_interface_debug_Top_Spi_Master_0_0/Spi_interface_debug_Top_Spi_Master_0_0/Spi_interface_debug_Top_Spi_Master_0_0_in_context.xdc] for cell 'Spi_interface_debug_i/Top_Spi_Master_0'
Parsing XDC File [E:/VIVADO_2022/ARTIX_A7_FPGA/Debugging/Debugging_Xilinx_IPs/Debuggin_various_IPs/Debuggin_various_IPs.srcs/constrs_1/new/design_xdc.xdc]
Finished Parsing XDC File [E:/VIVADO_2022/ARTIX_A7_FPGA/Debugging/Debugging_Xilinx_IPs/Debuggin_various_IPs/Debuggin_various_IPs.srcs/constrs_1/new/design_xdc.xdc]
INFO: [Project 1-236] Implementation specific constraints were found while reading constraint file [E:/VIVADO_2022/ARTIX_A7_FPGA/Debugging/Debugging_Xilinx_IPs/Debuggin_various_IPs/Debuggin_various_IPs.srcs/constrs_1/new/design_xdc.xdc]. These constraints will be ignored for synthesis but will be used in implementation. Impacted constraints are listed in the file [.Xil/Spi_interface_debug_wrapper_propImpl.xdc].
Resolution: To avoid this warning, move constraints listed in [.Xil/Spi_interface_debug_wrapper_propImpl.xdc] to another XDC file and exclude this new file from synthesis with the used_in_synthesis property (File Properties dialog in GUI) and re-run elaboration/synthesis.
Parsing XDC File [E:/VIVADO_2022/ARTIX_A7_FPGA/Debugging/Debugging_Xilinx_IPs/Debuggin_various_IPs/Debuggin_various_IPs.runs/synth_1/dont_touch.xdc]
Finished Parsing XDC File [E:/VIVADO_2022/ARTIX_A7_FPGA/Debugging/Debugging_Xilinx_IPs/Debuggin_various_IPs/Debuggin_various_IPs.runs/synth_1/dont_touch.xdc]
Completed Processing XDC Constraints

Netlist sorting complete. Time (s): cpu = 00:00:00 ; elapsed = 00:00:00.001 . Memory (MB): peak = 1386.922 ; gain = 0.000
INFO: [Project 1-111] Unisim Transformation Summary:
No Unisim elements were transformed.

Constraint Validation Runtime : Time (s): cpu = 00:00:00 ; elapsed = 00:00:00.005 . Memory (MB): peak = 1386.922 ; gain = 0.000
INFO: [Designutils 20-5440] No compile time benefit to using incremental synthesis; A full resynthesis will be run
INFO: [Designutils 20-4379] Flow is switching to default flow due to incremental criteria not met. If you would like to alter this behaviour and have the flow terminate instead, please set the following parameter config_implementation {autoIncr.Synth.RejectBehavior Terminate}
INFO: [Synth 8-11241] undeclared symbol 'REGCCE', assumed default net type 'wire' [E:/VITIS_2020.2/Vivado/2022.2/data/verilog/src/unimacro/BRAM_SINGLE_MACRO.v:2170]
---------------------------------------------------------------------------------
Finished Constraint Validation : Time (s): cpu = 00:00:23 ; elapsed = 00:00:25 . Memory (MB): peak = 1386.922 ; gain = 502.371
---------------------------------------------------------------------------------
---------------------------------------------------------------------------------
Start Loading Part and Timing Information
---------------------------------------------------------------------------------
Loading part: xc7a35tftg256-1
---------------------------------------------------------------------------------
Finished Loading Part and Timing Information : Time (s): cpu = 00:00:23 ; elapsed = 00:00:25 . Memory (MB): peak = 1386.922 ; gain = 502.371
---------------------------------------------------------------------------------
---------------------------------------------------------------------------------
Start Applying 'set_property' XDC Constraints
---------------------------------------------------------------------------------
Applied set_property KEEP_HIERARCHY = SOFT for Spi_interface_debug_i. (constraint file  auto generated constraint).
Applied set_property KEEP_HIERARCHY = SOFT for Spi_interface_debug_i/c_counter_binary_0. (constraint file  auto generated constraint).
Applied set_property KEEP_HIERARCHY = SOFT for Spi_interface_debug_i/xlconstant_0. (constraint file  auto generated constraint).
Applied set_property KEEP_HIERARCHY = SOFT for Spi_interface_debug_i/ila_0. (constraint file  auto generated constraint).
Applied set_property KEEP_HIERARCHY = SOFT for Spi_interface_debug_i/proc_sys_reset_0. (constraint file  auto generated constraint).
Applied set_property KEEP_HIERARCHY = SOFT for Spi_interface_debug_i/Top_Spi_Master_0. (constraint file  auto generated constraint).
---------------------------------------------------------------------------------
Finished applying 'set_property' XDC Constraints : Time (s): cpu = 00:00:24 ; elapsed = 00:00:25 . Memory (MB): peak = 1386.922 ; gain = 502.371
---------------------------------------------------------------------------------
---------------------------------------------------------------------------------
Finished RTL Optimization Phase 2 : Time (s): cpu = 00:00:24 ; elapsed = 00:00:25 . Memory (MB): peak = 1386.922 ; gain = 502.371
---------------------------------------------------------------------------------
---------------------------------------------------------------------------------
Start RTL Component Statistics 
---------------------------------------------------------------------------------
Detailed RTL Component Info : 
---------------------------------------------------------------------------------
Finished RTL Component Statistics 
---------------------------------------------------------------------------------
---------------------------------------------------------------------------------
Start Part Resource Summary
---------------------------------------------------------------------------------
Part Resources:
DSPs: 90 (col length:60)
BRAMs: 100 (col length: RAMB18 60 RAMB36 30)
---------------------------------------------------------------------------------
Finished Part Resource Summary
---------------------------------------------------------------------------------
---------------------------------------------------------------------------------
Start Cross Boundary and Area Optimization
---------------------------------------------------------------------------------
WARNING: [Synth 8-7080] Parallel synthesis criteria is not met
---------------------------------------------------------------------------------
Finished Cross Boundary and Area Optimization : Time (s): cpu = 00:00:27 ; elapsed = 00:00:29 . Memory (MB): peak = 1386.922 ; gain = 502.371
---------------------------------------------------------------------------------
---------------------------------------------------------------------------------
Start Applying XDC Timing Constraints
---------------------------------------------------------------------------------
---------------------------------------------------------------------------------
Finished Applying XDC Timing Constraints : Time (s): cpu = 00:00:37 ; elapsed = 00:00:38 . Memory (MB): peak = 1386.922 ; gain = 502.371
---------------------------------------------------------------------------------
---------------------------------------------------------------------------------
Start Timing Optimization
---------------------------------------------------------------------------------
---------------------------------------------------------------------------------
Finished Timing Optimization : Time (s): cpu = 00:00:37 ; elapsed = 00:00:38 . Memory (MB): peak = 1386.922 ; gain = 502.371
---------------------------------------------------------------------------------
---------------------------------------------------------------------------------
Start Technology Mapping
---------------------------------------------------------------------------------
---------------------------------------------------------------------------------
Finished Technology Mapping : Time (s): cpu = 00:00:37 ; elapsed = 00:00:38 . Memory (MB): peak = 1386.922 ; gain = 502.371
---------------------------------------------------------------------------------
---------------------------------------------------------------------------------
Start IO Insertion
---------------------------------------------------------------------------------
---------------------------------------------------------------------------------
Start Flattening Before IO Insertion
---------------------------------------------------------------------------------
---------------------------------------------------------------------------------
Finished Flattening Before IO Insertion
---------------------------------------------------------------------------------
---------------------------------------------------------------------------------
Start Final Netlist Cleanup
---------------------------------------------------------------------------------
---------------------------------------------------------------------------------
Finished Final Netlist Cleanup
---------------------------------------------------------------------------------
---------------------------------------------------------------------------------
Finished IO Insertion : Time (s): cpu = 00:00:46 ; elapsed = 00:00:48 . Memory (MB): peak = 1389.234 ; gain = 504.684
---------------------------------------------------------------------------------
---------------------------------------------------------------------------------
Start Renaming Generated Instances
---------------------------------------------------------------------------------
---------------------------------------------------------------------------------
Finished Renaming Generated Instances : Time (s): cpu = 00:00:46 ; elapsed = 00:00:48 . Memory (MB): peak = 1389.234 ; gain = 504.684
---------------------------------------------------------------------------------
---------------------------------------------------------------------------------
Start Rebuilding User Hierarchy
---------------------------------------------------------------------------------
---------------------------------------------------------------------------------
Finished Rebuilding User Hierarchy : Time (s): cpu = 00:00:46 ; elapsed = 00:00:48 . Memory (MB): peak = 1389.234 ; gain = 504.684
---------------------------------------------------------------------------------
---------------------------------------------------------------------------------
Start Renaming Generated Ports
---------------------------------------------------------------------------------
---------------------------------------------------------------------------------
Finished Renaming Generated Ports : Time (s): cpu = 00:00:46 ; elapsed = 00:00:48 . Memory (MB): peak = 1389.234 ; gain = 504.684
---------------------------------------------------------------------------------
---------------------------------------------------------------------------------
Start Handling Custom Attributes
---------------------------------------------------------------------------------
---------------------------------------------------------------------------------
Finished Handling Custom Attributes : Time (s): cpu = 00:00:46 ; elapsed = 00:00:48 . Memory (MB): peak = 1389.234 ; gain = 504.684
---------------------------------------------------------------------------------
---------------------------------------------------------------------------------
Start Renaming Generated Nets
---------------------------------------------------------------------------------
---------------------------------------------------------------------------------
Finished Renaming Generated Nets : Time (s): cpu = 00:00:46 ; elapsed = 00:00:48 . Memory (MB): peak = 1389.234 ; gain = 504.684
---------------------------------------------------------------------------------
---------------------------------------------------------------------------------
Start Writing Synthesis Report
---------------------------------------------------------------------------------

Report BlackBoxes: 
+------+-----------------------------------------+----------+
|      |BlackBox name                            |Instances |
+------+-----------------------------------------+----------+
|1     |Spi_interface_debug_Top_Spi_Master_0_0   |         1|
|2     |Spi_interface_debug_c_counter_binary_0_0 |         1|
|3     |Spi_interface_debug_ila_0_0              |         1|
|4     |Spi_interface_debug_proc_sys_reset_0_0   |         1|
+------+-----------------------------------------+----------+

Report Cell Usage: 
+------+---------------------------------------+------+
|      |Cell                                   |Count |
+------+---------------------------------------+------+
|1     |Spi_interface_debug_Top_Spi_Master_0   |     1|
|2     |Spi_interface_debug_c_counter_binary_0 |     1|
|3     |Spi_interface_debug_ila_0              |     1|
|4     |Spi_interface_debug_proc_sys_reset_0   |     1|
|5     |IBUF                                   |     3|
|6     |OBUF                                   |    17|
+------+---------------------------------------+------+
---------------------------------------------------------------------------------
Finished Writing Synthesis Report : Time (s): cpu = 00:00:46 ; elapsed = 00:00:48 . Memory (MB): peak = 1389.234 ; gain = 504.684
---------------------------------------------------------------------------------
Synthesis finished with 0 errors, 0 critical warnings and 1 warnings.
Synthesis Optimization Runtime : Time (s): cpu = 00:00:32 ; elapsed = 00:00:45 . Memory (MB): peak = 1389.234 ; gain = 504.684
Synthesis Optimization Complete : Time (s): cpu = 00:00:46 ; elapsed = 00:00:48 . Memory (MB): peak = 1389.234 ; gain = 504.684
INFO: [Project 1-571] Translating synthesized netlist
Netlist sorting complete. Time (s): cpu = 00:00:00 ; elapsed = 00:00:00 . Memory (MB): peak = 1401.332 ; gain = 0.000
INFO: [Project 1-570] Preparing netlist for logic optimization
INFO: [Opt 31-138] Pushed 0 inverter(s) to 0 load pin(s).
Netlist sorting complete. Time (s): cpu = 00:00:00 ; elapsed = 00:00:00 . Memory (MB): peak = 1407.926 ; gain = 0.000
INFO: [Project 1-111] Unisim Transformation Summary:
No Unisim elements were transformed.

Synth Design complete, checksum: c8bc05cf
INFO: [Common 17-83] Releasing license: Synthesis
43 Infos, 7 Warnings, 0 Critical Warnings and 0 Errors encountered.
synth_design completed successfully
synth_design: Time (s): cpu = 00:00:52 ; elapsed = 00:00:56 . Memory (MB): peak = 1407.926 ; gain = 890.719
INFO: [Common 17-600] The following parameters have non-default value.
tcl.collectionResultDisplayLimit
INFO: [Common 17-1381] The checkpoint 'E:/VIVADO_2022/ARTIX_A7_FPGA/Debugging/Debugging_Xilinx_IPs/Debuggin_various_IPs/Debuggin_various_IPs.runs/synth_1/Spi_interface_debug_wrapper.dcp' has been generated.
INFO: [runtcl-4] Executing : report_utilization -file Spi_interface_debug_wrapper_utilization_synth.rpt -pb Spi_interface_debug_wrapper_utilization_synth.pb
INFO: [Common 17-206] Exiting Vivado at Mon Nov 13 16:19:36 2023...
