Copyright 1986-2022 Xilinx, Inc. All Rights Reserved.
---------------------------------------------------------------------------------------
| Tool Version : Vivado v.2022.2 (win64) Build 3671981 Fri Oct 14 05:00:03 MDT 2022
| Date         : Tue Oct  3 12:39:31 2023
| Host         : LAPTOP-GBNTDCHP running 64-bit major release  (build 9200)
| Command      : report_control_sets -verbose -file Top_design_control_sets_placed.rpt
| Design       : Top_design
| Device       : xc7a35t
---------------------------------------------------------------------------------------

Control Set Information

Table of Contents
-----------------
1. Summary
2. Histogram
3. Flip-Flop Distribution
4. Detailed Control Set Information

1. Summary
----------

+----------------------------------------------------------+-------+
|                          Status                          | Count |
+----------------------------------------------------------+-------+
| Total control sets                                       |     6 |
|    Minimum number of control sets                        |     6 |
|    Addition due to synthesis replication                 |     0 |
|    Addition due to physical synthesis replication        |     0 |
| Unused register locations in slices containing registers |    30 |
+----------------------------------------------------------+-------+
* Control sets can be merged at opt_design using control_set_merge or merge_equivalent_drivers
** Run report_qor_suggestions for automated merging and remapping suggestions


2. Histogram
------------

+--------------------+-------+
|       Fanout       | Count |
+--------------------+-------+
| Total control sets |     6 |
| >= 0 to < 4        |     2 |
| >= 4 to < 6        |     0 |
| >= 6 to < 8        |     1 |
| >= 8 to < 10       |     0 |
| >= 10 to < 12      |     2 |
| >= 12 to < 14      |     0 |
| >= 14 to < 16      |     0 |
| >= 16              |     1 |
+--------------------+-------+
* Control sets can be remapped at either synth_design or opt_design


3. Flip-Flop Distribution
-------------------------

+--------------+-----------------------+------------------------+-----------------+--------------+
| Clock Enable | Synchronous Set/Reset | Asynchronous Set/Reset | Total Registers | Total Slices |
+--------------+-----------------------+------------------------+-----------------+--------------+
| No           | No                    | No                     |              22 |            7 |
| No           | No                    | Yes                    |               0 |            0 |
| No           | Yes                   | No                     |              16 |            6 |
| Yes          | No                    | No                     |              10 |            7 |
| Yes          | No                    | Yes                    |               0 |            0 |
| Yes          | Yes                   | No                     |               2 |            2 |
+--------------+-----------------------+------------------------+-----------------+--------------+


4. Detailed Control Set Information
-----------------------------------

+------------------+-------------------------------------+------------------------------------------+------------------+----------------+--------------+
|   Clock Signal   |            Enable Signal            |             Set/Reset Signal             | Slice Load Count | Bel Load Count | Bels / Slice |
+------------------+-------------------------------------+------------------------------------------+------------------+----------------+--------------+
|  i_clk_IBUF_BUFG | UO_UART_RX/o_rx_valid_i_1_n_0       | UO_UART_RX/received_parity_i_1_n_0       |                1 |              1 |         1.00 |
|  i_clk_IBUF_BUFG | UO_UART_RX/received_parity_i_2_n_0  | UO_UART_RX/received_parity_i_1_n_0       |                1 |              1 |         1.00 |
|  i_clk_IBUF_BUFG |                                     | UO_UART_RX/FSM_onehot_p_state[5]_i_1_n_0 |                3 |              6 |         2.00 |
|  i_clk_IBUF_BUFG |                                     | UO_UART_RX/UO_POSEDGE_LOGIC/SR[0]        |                3 |             10 |         3.33 |
|  i_clk_IBUF_BUFG | UO_UART_RX/rx_shift_reg[10]_i_1_n_0 |                                          |                7 |             10 |         1.43 |
|  i_clk_IBUF_BUFG |                                     |                                          |                7 |             22 |         3.14 |
+------------------+-------------------------------------+------------------------------------------+------------------+----------------+--------------+


