Copyright 1986-2022 Xilinx, Inc. All Rights Reserved.
---------------------------------------------------------------------------------------------------------------------------------------------------------------------------------------------------------------------------
| Tool Version : Vivado v.2022.2 (win64) Build 3671981 Fri Oct 14 05:00:03 MDT 2022
| Date         : Tue Oct  3 12:40:09 2023
| Host         : LAPTOP-GBNTDCHP running 64-bit major release  (build 9200)
| Command      : report_timing_summary -max_paths 10 -report_unconstrained -file Top_design_timing_summary_routed.rpt -pb Top_design_timing_summary_routed.pb -rpx Top_design_timing_summary_routed.rpx -warn_on_violation
| Design       : Top_design
| Device       : 7a35t-ftg256
| Speed File   : -1  PRODUCTION 1.23 2018-06-13
---------------------------------------------------------------------------------------------------------------------------------------------------------------------------------------------------------------------------

Timing Summary Report

------------------------------------------------------------------------------------------------
| Timer Settings
| --------------
------------------------------------------------------------------------------------------------

  Enable Multi Corner Analysis               :  Yes
  Enable Pessimism Removal                   :  Yes
  Pessimism Removal Resolution               :  Nearest Common Node
  Enable Input Delay Default Clock           :  No
  Enable Preset / Clear Arcs                 :  No
  Disable Flight Delays                      :  No
  Ignore I/O Paths                           :  No
  Timing Early Launch at Borrowing Latches   :  No
  Borrow Time for Max Delay Exceptions       :  Yes
  Merge Timing Exceptions                    :  Yes

  Corner  Analyze    Analyze    
  Name    Max Paths  Min Paths  
  ------  ---------  ---------  
  Slow    Yes        Yes        
  Fast    Yes        Yes        


------------------------------------------------------------------------------------------------
| Report Methodology
| ------------------
------------------------------------------------------------------------------------------------

Rule       Severity          Description                  Violations  
---------  ----------------  ---------------------------  ----------  
TIMING-17  Critical Warning  Non-clocked sequential cell  50          

Note: This report is based on the most recent report_methodology run and may not be up-to-date. Run report_methodology on the current design for the latest report.



check_timing report

Table of Contents
-----------------
1. checking no_clock (50)
2. checking constant_clock (0)
3. checking pulse_width_clock (0)
4. checking unconstrained_internal_endpoints (80)
5. checking no_input_delay (2)
6. checking no_output_delay (10)
7. checking multiple_clock (0)
8. checking generated_clocks (0)
9. checking loops (0)
10. checking partial_input_delay (0)
11. checking partial_output_delay (0)
12. checking latch_loops (0)

1. checking no_clock (50)
-------------------------
 There are 50 register/latch pins with no clock driven by root clock pin: i_clk (HIGH)


2. checking constant_clock (0)
------------------------------
 There are 0 register/latch pins with constant_clock.


3. checking pulse_width_clock (0)
---------------------------------
 There are 0 register/latch pins which need pulse_width check


4. checking unconstrained_internal_endpoints (80)
-------------------------------------------------
 There are 80 pins that are not constrained for maximum delay. (HIGH)

 There are 0 pins that are not constrained for maximum delay due to constant clock.


5. checking no_input_delay (2)
------------------------------
 There are 2 input ports with no input delay specified. (HIGH)

 There are 0 input ports with no input delay but user has a false path constraint.


6. checking no_output_delay (10)
--------------------------------
 There are 10 ports with no output delay specified. (HIGH)

 There are 0 ports with no output delay but user has a false path constraint

 There are 0 ports with no output delay but with a timing clock defined on it or propagating through it


7. checking multiple_clock (0)
------------------------------
 There are 0 register/latch pins with multiple clocks.


8. checking generated_clocks (0)
--------------------------------
 There are 0 generated clocks that are not connected to a clock source.


9. checking loops (0)
---------------------
 There are 0 combinational loops in the design.


10. checking partial_input_delay (0)
------------------------------------
 There are 0 input ports with partial input delay specified.


11. checking partial_output_delay (0)
-------------------------------------
 There are 0 ports with partial output delay specified.


12. checking latch_loops (0)
----------------------------
 There are 0 combinational latch loops in the design through latch input



------------------------------------------------------------------------------------------------
| Design Timing Summary
| ---------------------
------------------------------------------------------------------------------------------------

    WNS(ns)      TNS(ns)  TNS Failing Endpoints  TNS Total Endpoints      WHS(ns)      THS(ns)  THS Failing Endpoints  THS Total Endpoints     WPWS(ns)     TPWS(ns)  TPWS Failing Endpoints  TPWS Total Endpoints  
    -------      -------  ---------------------  -------------------      -------      -------  ---------------------  -------------------     --------     --------  ----------------------  --------------------  
        inf        0.000                      0                   90          inf        0.000                      0                   90           NA           NA                      NA                    NA  


There are no user specified timing constraints.


------------------------------------------------------------------------------------------------
| Clock Summary
| -------------
------------------------------------------------------------------------------------------------


------------------------------------------------------------------------------------------------
| Intra Clock Table
| -----------------
------------------------------------------------------------------------------------------------

Clock             WNS(ns)      TNS(ns)  TNS Failing Endpoints  TNS Total Endpoints      WHS(ns)      THS(ns)  THS Failing Endpoints  THS Total Endpoints     WPWS(ns)     TPWS(ns)  TPWS Failing Endpoints  TPWS Total Endpoints  
-----             -------      -------  ---------------------  -------------------      -------      -------  ---------------------  -------------------     --------     --------  ----------------------  --------------------  


------------------------------------------------------------------------------------------------
| Inter Clock Table
| -----------------
------------------------------------------------------------------------------------------------

From Clock    To Clock          WNS(ns)      TNS(ns)  TNS Failing Endpoints  TNS Total Endpoints      WHS(ns)      THS(ns)  THS Failing Endpoints  THS Total Endpoints  
----------    --------          -------      -------  ---------------------  -------------------      -------      -------  ---------------------  -------------------  


------------------------------------------------------------------------------------------------
| Other Path Groups Table
| -----------------------
------------------------------------------------------------------------------------------------

Path Group    From Clock    To Clock          WNS(ns)      TNS(ns)  TNS Failing Endpoints  TNS Total Endpoints      WHS(ns)      THS(ns)  THS Failing Endpoints  THS Total Endpoints  
----------    ----------    --------          -------      -------  ---------------------  -------------------      -------      -------  ---------------------  -------------------  


------------------------------------------------------------------------------------------------
| User Ignored Path Table
| -----------------------
------------------------------------------------------------------------------------------------

Path Group    From Clock    To Clock    
----------    ----------    --------    


------------------------------------------------------------------------------------------------
| Unconstrained Path Table
| ------------------------
------------------------------------------------------------------------------------------------

Path Group    From Clock    To Clock    
----------    ----------    --------    
(none)                                    


------------------------------------------------------------------------------------------------
| Timing Details
| --------------
------------------------------------------------------------------------------------------------


--------------------------------------------------------------------------------------
Path Group:  (none)
From Clock:  
  To Clock:  

Max Delay            90 Endpoints
Min Delay            90 Endpoints
--------------------------------------------------------------------------------------


Max Delay Paths
--------------------------------------------------------------------------------------
Slack:                    inf
  Source:                 UO_MUX/COUNTER/cnt_reg[14]/C
                            (rising edge-triggered cell FDRE)
  Destination:            o_seven_seg[5]
                            (output port)
  Path Group:             (none)
  Path Type:              Max at Slow Process Corner
  Data Path Delay:        8.708ns  (logic 4.687ns (53.819%)  route 4.022ns (46.181%))
  Logic Levels:           4  (FDRE=1 LUT4=2 OBUF=1)

    Location             Delay type                Incr(ns)  Path(ns)    Netlist Resource(s)
  -------------------------------------------------------------------    -------------------
    SLICE_X65Y69         FDRE                         0.000     0.000 r  UO_MUX/COUNTER/cnt_reg[14]/C
    SLICE_X65Y69         FDRE (Prop_fdre_C_Q)         0.456     0.456 r  UO_MUX/COUNTER/cnt_reg[14]/Q
                         net (fo=7, routed)           1.171     1.627    UO_MUX/COUNTER/S[0]
    SLICE_X64Y65         LUT4 (Prop_lut4_I2_O)        0.146     1.773 r  UO_MUX/COUNTER/o_seven_seg_OBUF[6]_inst_i_5/O
                         net (fo=7, routed)           1.172     2.946    UO_MUX/COUNTER/cnt_reg[15]_1
    SLICE_X65Y62         LUT4 (Prop_lut4_I1_O)        0.356     3.302 r  UO_MUX/COUNTER/o_seven_seg_OBUF[5]_inst_i_1/O
                         net (fo=1, routed)           1.678     4.980    o_seven_seg_OBUF[5]
    J4                   OBUF (Prop_obuf_I_O)         3.729     8.708 r  o_seven_seg_OBUF[5]_inst/O
                         net (fo=0)                   0.000     8.708    o_seven_seg[5]
    J4                                                                r  o_seven_seg[5] (OUT)
  -------------------------------------------------------------------    -------------------

Slack:                    inf
  Source:                 UO_MUX/COUNTER/cnt_reg[14]/C
                            (rising edge-triggered cell FDRE)
  Destination:            o_seven_seg[4]
                            (output port)
  Path Group:             (none)
  Path Type:              Max at Slow Process Corner
  Data Path Delay:        8.468ns  (logic 4.460ns (52.667%)  route 4.008ns (47.333%))
  Logic Levels:           4  (FDRE=1 LUT4=2 OBUF=1)

    Location             Delay type                Incr(ns)  Path(ns)    Netlist Resource(s)
  -------------------------------------------------------------------    -------------------
    SLICE_X65Y69         FDRE                         0.000     0.000 r  UO_MUX/COUNTER/cnt_reg[14]/C
    SLICE_X65Y69         FDRE (Prop_fdre_C_Q)         0.456     0.456 r  UO_MUX/COUNTER/cnt_reg[14]/Q
                         net (fo=7, routed)           1.171     1.627    UO_MUX/COUNTER/S[0]
    SLICE_X64Y65         LUT4 (Prop_lut4_I2_O)        0.146     1.773 r  UO_MUX/COUNTER/o_seven_seg_OBUF[6]_inst_i_5/O
                         net (fo=7, routed)           1.172     2.946    UO_MUX/COUNTER/cnt_reg[15]_1
    SLICE_X65Y62         LUT4 (Prop_lut4_I1_O)        0.328     3.274 r  UO_MUX/COUNTER/o_seven_seg_OBUF[4]_inst_i_1/O
                         net (fo=1, routed)           1.664     4.938    o_seven_seg_OBUF[4]
    J5                   OBUF (Prop_obuf_I_O)         3.530     8.468 r  o_seven_seg_OBUF[4]_inst/O
                         net (fo=0)                   0.000     8.468    o_seven_seg[4]
    J5                                                                r  o_seven_seg[4] (OUT)
  -------------------------------------------------------------------    -------------------

Slack:                    inf
  Source:                 UO_MUX/COUNTER/cnt_reg[14]/C
                            (rising edge-triggered cell FDRE)
  Destination:            o_seven_seg[1]
                            (output port)
  Path Group:             (none)
  Path Type:              Max at Slow Process Corner
  Data Path Delay:        8.401ns  (logic 4.692ns (55.847%)  route 3.709ns (44.153%))
  Logic Levels:           4  (FDRE=1 LUT4=2 OBUF=1)

    Location             Delay type                Incr(ns)  Path(ns)    Netlist Resource(s)
  -------------------------------------------------------------------    -------------------
    SLICE_X65Y69         FDRE                         0.000     0.000 r  UO_MUX/COUNTER/cnt_reg[14]/C
    SLICE_X65Y69         FDRE (Prop_fdre_C_Q)         0.456     0.456 r  UO_MUX/COUNTER/cnt_reg[14]/Q
                         net (fo=7, routed)           1.171     1.627    UO_MUX/COUNTER/S[0]
    SLICE_X64Y65         LUT4 (Prop_lut4_I2_O)        0.146     1.773 f  UO_MUX/COUNTER/o_seven_seg_OBUF[6]_inst_i_5/O
                         net (fo=7, routed)           0.875     2.649    UO_UART_RX/o_seven_seg[0]
    SLICE_X65Y65         LUT4 (Prop_lut4_I1_O)        0.356     3.005 r  UO_UART_RX/o_seven_seg_OBUF[1]_inst_i_1/O
                         net (fo=1, routed)           1.663     4.667    o_seven_seg_OBUF[1]
    G1                   OBUF (Prop_obuf_I_O)         3.734     8.401 r  o_seven_seg_OBUF[1]_inst/O
                         net (fo=0)                   0.000     8.401    o_seven_seg[1]
    G1                                                                r  o_seven_seg[1] (OUT)
  -------------------------------------------------------------------    -------------------

Slack:                    inf
  Source:                 UO_MUX/COUNTER/cnt_reg[14]/C
                            (rising edge-triggered cell FDRE)
  Destination:            o_seven_seg[2]
                            (output port)
  Path Group:             (none)
  Path Type:              Max at Slow Process Corner
  Data Path Delay:        8.380ns  (logic 4.701ns (56.097%)  route 3.679ns (43.903%))
  Logic Levels:           4  (FDRE=1 LUT4=2 OBUF=1)

    Location             Delay type                Incr(ns)  Path(ns)    Netlist Resource(s)
  -------------------------------------------------------------------    -------------------
    SLICE_X65Y69         FDRE                         0.000     0.000 r  UO_MUX/COUNTER/cnt_reg[14]/C
    SLICE_X65Y69         FDRE (Prop_fdre_C_Q)         0.456     0.456 r  UO_MUX/COUNTER/cnt_reg[14]/Q
                         net (fo=7, routed)           1.171     1.627    UO_MUX/COUNTER/S[0]
    SLICE_X64Y65         LUT4 (Prop_lut4_I2_O)        0.146     1.773 r  UO_MUX/COUNTER/o_seven_seg_OBUF[6]_inst_i_5/O
                         net (fo=7, routed)           0.834     2.607    UO_MUX/COUNTER/cnt_reg[15]_1
    SLICE_X65Y63         LUT4 (Prop_lut4_I3_O)        0.356     2.963 r  UO_MUX/COUNTER/o_seven_seg_OBUF[2]_inst_i_1/O
                         net (fo=1, routed)           1.674     4.637    o_seven_seg_OBUF[2]
    H5                   OBUF (Prop_obuf_I_O)         3.743     8.380 r  o_seven_seg_OBUF[2]_inst/O
                         net (fo=0)                   0.000     8.380    o_seven_seg[2]
    H5                                                                r  o_seven_seg[2] (OUT)
  -------------------------------------------------------------------    -------------------

Slack:                    inf
  Source:                 UO_MUX/COUNTER/cnt_reg[14]/C
                            (rising edge-triggered cell FDRE)
  Destination:            o_seven_seg[0]
                            (output port)
  Path Group:             (none)
  Path Type:              Max at Slow Process Corner
  Data Path Delay:        8.169ns  (logic 4.455ns (54.533%)  route 3.714ns (45.467%))
  Logic Levels:           4  (FDRE=1 LUT4=2 OBUF=1)

    Location             Delay type                Incr(ns)  Path(ns)    Netlist Resource(s)
  -------------------------------------------------------------------    -------------------
    SLICE_X65Y69         FDRE                         0.000     0.000 r  UO_MUX/COUNTER/cnt_reg[14]/C
    SLICE_X65Y69         FDRE (Prop_fdre_C_Q)         0.456     0.456 r  UO_MUX/COUNTER/cnt_reg[14]/Q
                         net (fo=7, routed)           1.171     1.627    UO_MUX/COUNTER/S[0]
    SLICE_X64Y65         LUT4 (Prop_lut4_I2_O)        0.146     1.773 r  UO_MUX/COUNTER/o_seven_seg_OBUF[6]_inst_i_5/O
                         net (fo=7, routed)           0.875     2.649    UO_UART_RX/o_seven_seg[0]
    SLICE_X65Y65         LUT4 (Prop_lut4_I1_O)        0.328     2.977 r  UO_UART_RX/o_seven_seg_OBUF[0]_inst_i_1/O
                         net (fo=1, routed)           1.668     4.644    o_seven_seg_OBUF[0]
    G2                   OBUF (Prop_obuf_I_O)         3.525     8.169 r  o_seven_seg_OBUF[0]_inst/O
                         net (fo=0)                   0.000     8.169    o_seven_seg[0]
    G2                                                                r  o_seven_seg[0] (OUT)
  -------------------------------------------------------------------    -------------------

Slack:                    inf
  Source:                 UO_MUX/COUNTER/cnt_reg[14]/C
                            (rising edge-triggered cell FDRE)
  Destination:            o_seven_seg[3]
                            (output port)
  Path Group:             (none)
  Path Type:              Max at Slow Process Corner
  Data Path Delay:        8.131ns  (logic 4.461ns (54.866%)  route 3.670ns (45.134%))
  Logic Levels:           4  (FDRE=1 LUT4=2 OBUF=1)

    Location             Delay type                Incr(ns)  Path(ns)    Netlist Resource(s)
  -------------------------------------------------------------------    -------------------
    SLICE_X65Y69         FDRE                         0.000     0.000 r  UO_MUX/COUNTER/cnt_reg[14]/C
    SLICE_X65Y69         FDRE (Prop_fdre_C_Q)         0.456     0.456 r  UO_MUX/COUNTER/cnt_reg[14]/Q
                         net (fo=7, routed)           1.171     1.627    UO_MUX/COUNTER/S[0]
    SLICE_X64Y65         LUT4 (Prop_lut4_I2_O)        0.146     1.773 r  UO_MUX/COUNTER/o_seven_seg_OBUF[6]_inst_i_5/O
                         net (fo=7, routed)           0.834     2.607    UO_MUX/COUNTER/cnt_reg[15]_1
    SLICE_X65Y63         LUT4 (Prop_lut4_I0_O)        0.328     2.935 r  UO_MUX/COUNTER/o_seven_seg_OBUF[3]_inst_i_1/O
                         net (fo=1, routed)           1.664     4.600    o_seven_seg_OBUF[3]
    H4                   OBUF (Prop_obuf_I_O)         3.531     8.131 r  o_seven_seg_OBUF[3]_inst/O
                         net (fo=0)                   0.000     8.131    o_seven_seg[3]
    H4                                                                r  o_seven_seg[3] (OUT)
  -------------------------------------------------------------------    -------------------

Slack:                    inf
  Source:                 UO_MUX/COUNTER/cnt_reg[14]/C
                            (rising edge-triggered cell FDRE)
  Destination:            o_seven_seg[6]
                            (output port)
  Path Group:             (none)
  Path Type:              Max at Slow Process Corner
  Data Path Delay:        7.988ns  (logic 4.225ns (52.899%)  route 3.762ns (47.101%))
  Logic Levels:           4  (FDRE=1 LUT4=2 OBUF=1)

    Location             Delay type                Incr(ns)  Path(ns)    Netlist Resource(s)
  -------------------------------------------------------------------    -------------------
    SLICE_X65Y69         FDRE                         0.000     0.000 r  UO_MUX/COUNTER/cnt_reg[14]/C
    SLICE_X65Y69         FDRE (Prop_fdre_C_Q)         0.456     0.456 r  UO_MUX/COUNTER/cnt_reg[14]/Q
                         net (fo=7, routed)           0.986     1.442    UO_MUX/COUNTER/S[0]
    SLICE_X65Y65         LUT4 (Prop_lut4_I2_O)        0.124     1.566 r  UO_MUX/COUNTER/o_seven_seg_OBUF[6]_inst_i_3/O
                         net (fo=7, routed)           1.106     2.672    UO_UART_RX/o_seven_seg[0]_0
    SLICE_X65Y62         LUT4 (Prop_lut4_I1_O)        0.124     2.796 r  UO_UART_RX/o_seven_seg_OBUF[6]_inst_i_1/O
                         net (fo=1, routed)           1.670     4.466    o_seven_seg_OBUF[6]
    H2                   OBUF (Prop_obuf_I_O)         3.521     7.988 r  o_seven_seg_OBUF[6]_inst/O
                         net (fo=0)                   0.000     7.988    o_seven_seg[6]
    H2                                                                r  o_seven_seg[6] (OUT)
  -------------------------------------------------------------------    -------------------

Slack:                    inf
  Source:                 UO_MUX/COUNTER/cnt_reg[14]/C
                            (rising edge-triggered cell FDRE)
  Destination:            o_seg_an[1]
                            (output port)
  Path Group:             (none)
  Path Type:              Max at Slow Process Corner
  Data Path Delay:        7.161ns  (logic 4.129ns (57.659%)  route 3.032ns (42.341%))
  Logic Levels:           3  (FDRE=1 LUT2=1 OBUF=1)

    Location             Delay type                Incr(ns)  Path(ns)    Netlist Resource(s)
  -------------------------------------------------------------------    -------------------
    SLICE_X65Y69         FDRE                         0.000     0.000 r  UO_MUX/COUNTER/cnt_reg[14]/C
    SLICE_X65Y69         FDRE (Prop_fdre_C_Q)         0.456     0.456 r  UO_MUX/COUNTER/cnt_reg[14]/Q
                         net (fo=7, routed)           1.171     1.627    UO_MUX/COUNTER/S[0]
    SLICE_X64Y65         LUT2 (Prop_lut2_I0_O)        0.124     1.751 r  UO_MUX/COUNTER/o_seg_an_OBUF[1]_inst_i_1/O
                         net (fo=1, routed)           1.861     3.612    o_seg_an_OBUF[1]
    E1                   OBUF (Prop_obuf_I_O)         3.549     7.161 r  o_seg_an_OBUF[1]_inst/O
                         net (fo=0)                   0.000     7.161    o_seg_an[1]
    E1                                                                r  o_seg_an[1] (OUT)
  -------------------------------------------------------------------    -------------------

Slack:                    inf
  Source:                 UO_MUX/COUNTER/cnt_reg[14]/C
                            (rising edge-triggered cell FDRE)
  Destination:            o_seg_an[0]
                            (output port)
  Path Group:             (none)
  Path Type:              Max at Slow Process Corner
  Data Path Delay:        7.060ns  (logic 4.357ns (61.718%)  route 2.703ns (38.282%))
  Logic Levels:           3  (FDRE=1 LUT2=1 OBUF=1)

    Location             Delay type                Incr(ns)  Path(ns)    Netlist Resource(s)
  -------------------------------------------------------------------    -------------------
    SLICE_X65Y69         FDRE                         0.000     0.000 r  UO_MUX/COUNTER/cnt_reg[14]/C
    SLICE_X65Y69         FDRE (Prop_fdre_C_Q)         0.456     0.456 f  UO_MUX/COUNTER/cnt_reg[14]/Q
                         net (fo=7, routed)           0.986     1.442    UO_MUX/COUNTER/S[0]
    SLICE_X65Y65         LUT2 (Prop_lut2_I0_O)        0.152     1.594 r  UO_MUX/COUNTER/o_seg_an_OBUF[0]_inst_i_1/O
                         net (fo=1, routed)           1.717     3.311    o_seg_an_OBUF[0]
    F2                   OBUF (Prop_obuf_I_O)         3.749     7.060 r  o_seg_an_OBUF[0]_inst/O
                         net (fo=0)                   0.000     7.060    o_seg_an[0]
    F2                                                                r  o_seg_an[0] (OUT)
  -------------------------------------------------------------------    -------------------

Slack:                    inf
  Source:                 UO_UART_RX/o_rx_valid_reg/C
                            (rising edge-triggered cell FDRE)
  Destination:            o_rx_data_valid
                            (output port)
  Path Group:             (none)
  Path Type:              Max at Slow Process Corner
  Data Path Delay:        5.885ns  (logic 3.997ns (67.920%)  route 1.888ns (32.080%))
  Logic Levels:           2  (FDRE=1 OBUF=1)

    Location             Delay type                Incr(ns)  Path(ns)    Netlist Resource(s)
  -------------------------------------------------------------------    -------------------
    SLICE_X61Y64         FDRE                         0.000     0.000 r  UO_UART_RX/o_rx_valid_reg/C
    SLICE_X61Y64         FDRE (Prop_fdre_C_Q)         0.456     0.456 r  UO_UART_RX/o_rx_valid_reg/Q
                         net (fo=1, routed)           1.888     2.344    o_rx_data_valid_OBUF
    J3                   OBUF (Prop_obuf_I_O)         3.541     5.885 r  o_rx_data_valid_OBUF_inst/O
                         net (fo=0)                   0.000     5.885    o_rx_data_valid
    J3                                                                r  o_rx_data_valid (OUT)
  -------------------------------------------------------------------    -------------------





Min Delay Paths
--------------------------------------------------------------------------------------
Slack:                    inf
  Source:                 UO_UART_RX/FSM_onehot_p_state_reg[2]/C
                            (rising edge-triggered cell FDRE)
  Destination:            UO_UART_RX/FSM_onehot_p_state_reg[3]/D
  Path Group:             (none)
  Path Type:              Min at Fast Process Corner
  Data Path Delay:        0.267ns  (logic 0.186ns (69.743%)  route 0.081ns (30.257%))
  Logic Levels:           2  (FDRE=1 LUT6=1)

    Location             Delay type                Incr(ns)  Path(ns)    Netlist Resource(s)
  -------------------------------------------------------------------    -------------------
    SLICE_X63Y62         FDRE                         0.000     0.000 r  UO_UART_RX/FSM_onehot_p_state_reg[2]/C
    SLICE_X63Y62         FDRE (Prop_fdre_C_Q)         0.141     0.141 r  UO_UART_RX/FSM_onehot_p_state_reg[2]/Q
                         net (fo=3, routed)           0.081     0.222    UO_UART_RX/FSM_onehot_p_state_reg_n_0_[2]
    SLICE_X62Y62         LUT6 (Prop_lut6_I5_O)        0.045     0.267 r  UO_UART_RX/FSM_onehot_p_state[3]_i_1/O
                         net (fo=1, routed)           0.000     0.267    UO_UART_RX/FSM_onehot_p_state[3]_i_1_n_0
    SLICE_X62Y62         FDRE                                         r  UO_UART_RX/FSM_onehot_p_state_reg[3]/D
  -------------------------------------------------------------------    -------------------

Slack:                    inf
  Source:                 UO_UART_RX/clk_cycle_cnt_reg[6]/C
                            (rising edge-triggered cell FDRE)
  Destination:            UO_UART_RX/clk_cycle_cnt_reg[8]/D
  Path Group:             (none)
  Path Type:              Min at Fast Process Corner
  Data Path Delay:        0.325ns  (logic 0.209ns (64.219%)  route 0.116ns (35.781%))
  Logic Levels:           2  (FDRE=1 LUT4=1)

    Location             Delay type                Incr(ns)  Path(ns)    Netlist Resource(s)
  -------------------------------------------------------------------    -------------------
    SLICE_X60Y61         FDRE                         0.000     0.000 r  UO_UART_RX/clk_cycle_cnt_reg[6]/C
    SLICE_X60Y61         FDRE (Prop_fdre_C_Q)         0.164     0.164 r  UO_UART_RX/clk_cycle_cnt_reg[6]/Q
                         net (fo=7, routed)           0.116     0.280    UO_UART_RX/clk_cycle_cnt_reg[6]
    SLICE_X61Y61         LUT4 (Prop_lut4_I1_O)        0.045     0.325 r  UO_UART_RX/clk_cycle_cnt[8]_i_1/O
                         net (fo=1, routed)           0.000     0.325    UO_UART_RX/p_0_in[8]
    SLICE_X61Y61         FDRE                                         r  UO_UART_RX/clk_cycle_cnt_reg[8]/D
  -------------------------------------------------------------------    -------------------

Slack:                    inf
  Source:                 UO_UART_RX/rx_shift_reg_reg[10]/C
                            (rising edge-triggered cell FDRE)
  Destination:            UO_UART_RX/rx_shift_reg_reg[9]/D
  Path Group:             (none)
  Path Type:              Min at Fast Process Corner
  Data Path Delay:        0.328ns  (logic 0.186ns (56.786%)  route 0.142ns (43.214%))
  Logic Levels:           2  (FDRE=1 LUT6=1)

    Location             Delay type                Incr(ns)  Path(ns)    Netlist Resource(s)
  -------------------------------------------------------------------    -------------------
    SLICE_X61Y65         FDRE                         0.000     0.000 r  UO_UART_RX/rx_shift_reg_reg[10]/C
    SLICE_X61Y65         FDRE (Prop_fdre_C_Q)         0.141     0.141 r  UO_UART_RX/rx_shift_reg_reg[10]/Q
                         net (fo=3, routed)           0.142     0.283    UO_UART_RX/rx_shift_reg[10]
    SLICE_X62Y65         LUT6 (Prop_lut6_I4_O)        0.045     0.328 r  UO_UART_RX/rx_shift_reg[9]_i_1/O
                         net (fo=1, routed)           0.000     0.328    UO_UART_RX/rx_shift_reg[9]_i_1_n_0
    SLICE_X62Y65         FDRE                                         r  UO_UART_RX/rx_shift_reg_reg[9]/D
  -------------------------------------------------------------------    -------------------

Slack:                    inf
  Source:                 UO_UART_RX/clk_cycle_cnt_reg[6]/C
                            (rising edge-triggered cell FDRE)
  Destination:            UO_UART_RX/clk_cycle_cnt_reg[9]/D
  Path Group:             (none)
  Path Type:              Min at Fast Process Corner
  Data Path Delay:        0.328ns  (logic 0.212ns (64.546%)  route 0.116ns (35.454%))
  Logic Levels:           2  (FDRE=1 LUT5=1)

    Location             Delay type                Incr(ns)  Path(ns)    Netlist Resource(s)
  -------------------------------------------------------------------    -------------------
    SLICE_X60Y61         FDRE                         0.000     0.000 r  UO_UART_RX/clk_cycle_cnt_reg[6]/C
    SLICE_X60Y61         FDRE (Prop_fdre_C_Q)         0.164     0.164 r  UO_UART_RX/clk_cycle_cnt_reg[6]/Q
                         net (fo=7, routed)           0.116     0.280    UO_UART_RX/clk_cycle_cnt_reg[6]
    SLICE_X61Y61         LUT5 (Prop_lut5_I3_O)        0.048     0.328 r  UO_UART_RX/clk_cycle_cnt[9]_i_2/O
                         net (fo=1, routed)           0.000     0.328    UO_UART_RX/p_0_in[9]
    SLICE_X61Y61         FDRE                                         r  UO_UART_RX/clk_cycle_cnt_reg[9]/D
  -------------------------------------------------------------------    -------------------

Slack:                    inf
  Source:                 UO_UART_RX/rx_shift_reg_reg[3]/C
                            (rising edge-triggered cell FDRE)
  Destination:            UO_UART_RX/rx_shift_reg_reg[2]/D
  Path Group:             (none)
  Path Type:              Min at Fast Process Corner
  Data Path Delay:        0.345ns  (logic 0.186ns (53.919%)  route 0.159ns (46.081%))
  Logic Levels:           2  (FDRE=1 LUT6=1)

    Location             Delay type                Incr(ns)  Path(ns)    Netlist Resource(s)
  -------------------------------------------------------------------    -------------------
    SLICE_X62Y65         FDRE                         0.000     0.000 r  UO_UART_RX/rx_shift_reg_reg[3]/C
    SLICE_X62Y65         FDRE (Prop_fdre_C_Q)         0.141     0.141 r  UO_UART_RX/rx_shift_reg_reg[3]/Q
                         net (fo=6, routed)           0.159     0.300    UO_UART_RX/rx_shift_reg[3]
    SLICE_X63Y65         LUT6 (Prop_lut6_I2_O)        0.045     0.345 r  UO_UART_RX/rx_shift_reg[2]_i_1/O
                         net (fo=1, routed)           0.000     0.345    UO_UART_RX/rx_shift_reg[2]_i_1_n_0
    SLICE_X63Y65         FDRE                                         r  UO_UART_RX/rx_shift_reg_reg[2]/D
  -------------------------------------------------------------------    -------------------

Slack:                    inf
  Source:                 UO_UART_RX/rx_shift_reg_reg[10]/C
                            (rising edge-triggered cell FDRE)
  Destination:            UO_UART_RX/o_rx_valid_reg/D
  Path Group:             (none)
  Path Type:              Min at Fast Process Corner
  Data Path Delay:        0.345ns  (logic 0.186ns (53.849%)  route 0.159ns (46.151%))
  Logic Levels:           2  (FDRE=1 LUT3=1)

    Location             Delay type                Incr(ns)  Path(ns)    Netlist Resource(s)
  -------------------------------------------------------------------    -------------------
    SLICE_X61Y65         FDRE                         0.000     0.000 r  UO_UART_RX/rx_shift_reg_reg[10]/C
    SLICE_X61Y65         FDRE (Prop_fdre_C_Q)         0.141     0.141 r  UO_UART_RX/rx_shift_reg_reg[10]/Q
                         net (fo=3, routed)           0.159     0.300    UO_UART_RX/rx_shift_reg[10]
    SLICE_X61Y64         LUT3 (Prop_lut3_I0_O)        0.045     0.345 r  UO_UART_RX/o_rx_valid_i_2/O
                         net (fo=1, routed)           0.000     0.345    UO_UART_RX/o_rx_valid0
    SLICE_X61Y64         FDRE                                         r  UO_UART_RX/o_rx_valid_reg/D
  -------------------------------------------------------------------    -------------------

Slack:                    inf
  Source:                 UO_UART_RX/rx_shift_reg_reg[8]/C
                            (rising edge-triggered cell FDRE)
  Destination:            UO_UART_RX/rx_shift_reg_reg[7]/D
  Path Group:             (none)
  Path Type:              Min at Fast Process Corner
  Data Path Delay:        0.349ns  (logic 0.186ns (53.347%)  route 0.163ns (46.653%))
  Logic Levels:           2  (FDRE=1 LUT6=1)

    Location             Delay type                Incr(ns)  Path(ns)    Netlist Resource(s)
  -------------------------------------------------------------------    -------------------
    SLICE_X63Y66         FDRE                         0.000     0.000 r  UO_UART_RX/rx_shift_reg_reg[8]/C
    SLICE_X63Y66         FDRE (Prop_fdre_C_Q)         0.141     0.141 r  UO_UART_RX/rx_shift_reg_reg[8]/Q
                         net (fo=6, routed)           0.163     0.304    UO_UART_RX/rx_shift_reg[8]
    SLICE_X64Y67         LUT6 (Prop_lut6_I2_O)        0.045     0.349 r  UO_UART_RX/rx_shift_reg[7]_i_1/O
                         net (fo=1, routed)           0.000     0.349    UO_UART_RX/rx_shift_reg[7]_i_1_n_0
    SLICE_X64Y67         FDRE                                         r  UO_UART_RX/rx_shift_reg_reg[7]/D
  -------------------------------------------------------------------    -------------------

Slack:                    inf
  Source:                 UO_UART_RX/start_cnt_data_reg/C
                            (rising edge-triggered cell FDRE)
  Destination:            UO_UART_RX/UO_POSEDGE_LOGIC/d_out_reg/D
  Path Group:             (none)
  Path Type:              Min at Fast Process Corner
  Data Path Delay:        0.352ns  (logic 0.141ns (40.114%)  route 0.211ns (59.886%))
  Logic Levels:           1  (FDRE=1)

    Location             Delay type                Incr(ns)  Path(ns)    Netlist Resource(s)
  -------------------------------------------------------------------    -------------------
    SLICE_X61Y63         FDRE                         0.000     0.000 r  UO_UART_RX/start_cnt_data_reg/C
    SLICE_X61Y63         FDRE (Prop_fdre_C_Q)         0.141     0.141 r  UO_UART_RX/start_cnt_data_reg/Q
                         net (fo=4, routed)           0.211     0.352    UO_UART_RX/UO_POSEDGE_LOGIC/d_out_reg_0
    SLICE_X61Y63         FDRE                                         r  UO_UART_RX/UO_POSEDGE_LOGIC/d_out_reg/D
  -------------------------------------------------------------------    -------------------

Slack:                    inf
  Source:                 UO_UART_RX/FSM_onehot_p_state_reg[0]/C
                            (rising edge-triggered cell FDSE)
  Destination:            UO_UART_RX/FSM_onehot_p_state_reg[0]/D
  Path Group:             (none)
  Path Type:              Min at Fast Process Corner
  Data Path Delay:        0.353ns  (logic 0.186ns (52.660%)  route 0.167ns (47.340%))
  Logic Levels:           2  (FDSE=1 LUT4=1)

    Location             Delay type                Incr(ns)  Path(ns)    Netlist Resource(s)
  -------------------------------------------------------------------    -------------------
    SLICE_X63Y62         FDSE                         0.000     0.000 r  UO_UART_RX/FSM_onehot_p_state_reg[0]/C
    SLICE_X63Y62         FDSE (Prop_fdse_C_Q)         0.141     0.141 r  UO_UART_RX/FSM_onehot_p_state_reg[0]/Q
                         net (fo=2, routed)           0.167     0.308    UO_UART_RX/FSM_onehot_p_state_reg_n_0_[0]
    SLICE_X63Y62         LUT4 (Prop_lut4_I2_O)        0.045     0.353 r  UO_UART_RX/FSM_onehot_p_state[0]_i_1/O
                         net (fo=1, routed)           0.000     0.353    UO_UART_RX/FSM_onehot_p_state[0]_i_1_n_0
    SLICE_X63Y62         FDSE                                         r  UO_UART_RX/FSM_onehot_p_state_reg[0]/D
  -------------------------------------------------------------------    -------------------

Slack:                    inf
  Source:                 UO_UART_RX/FSM_onehot_p_state_reg[0]/C
                            (rising edge-triggered cell FDSE)
  Destination:            UO_UART_RX/FSM_onehot_p_state_reg[1]/D
  Path Group:             (none)
  Path Type:              Min at Fast Process Corner
  Data Path Delay:        0.355ns  (logic 0.186ns (52.364%)  route 0.169ns (47.636%))
  Logic Levels:           2  (FDSE=1 LUT4=1)

    Location             Delay type                Incr(ns)  Path(ns)    Netlist Resource(s)
  -------------------------------------------------------------------    -------------------
    SLICE_X63Y62         FDSE                         0.000     0.000 r  UO_UART_RX/FSM_onehot_p_state_reg[0]/C
    SLICE_X63Y62         FDSE (Prop_fdse_C_Q)         0.141     0.141 r  UO_UART_RX/FSM_onehot_p_state_reg[0]/Q
                         net (fo=2, routed)           0.169     0.310    UO_UART_RX/FSM_onehot_p_state_reg_n_0_[0]
    SLICE_X63Y62         LUT4 (Prop_lut4_I3_O)        0.045     0.355 r  UO_UART_RX/FSM_onehot_p_state[1]_i_1/O
                         net (fo=1, routed)           0.000     0.355    UO_UART_RX/FSM_onehot_p_state[1]_i_1_n_0
    SLICE_X63Y62         FDRE                                         r  UO_UART_RX/FSM_onehot_p_state_reg[1]/D
  -------------------------------------------------------------------    -------------------





