Copyright 1986-2022 Xilinx, Inc. All Rights Reserved.
------------------------------------------------------------------------------------
| Tool Version : Vivado v.2022.2 (win64) Build 3671981 Fri Oct 14 05:00:03 MDT 2022
| Date         : Mon Oct  2 11:21:51 2023
| Host         : LAPTOP-GBNTDCHP running 64-bit major release  (build 9200)
| Command      : report_control_sets -verbose -file uart_tx_control_sets_placed.rpt
| Design       : uart_tx
| Device       : xc7a35t
------------------------------------------------------------------------------------

Control Set Information

Table of Contents
-----------------
1. Summary
2. Histogram
3. Flip-Flop Distribution
4. Detailed Control Set Information

1. Summary
----------

+----------------------------------------------------------+-------+
|                          Status                          | Count |
+----------------------------------------------------------+-------+
| Total control sets                                       |     6 |
|    Minimum number of control sets                        |     6 |
|    Addition due to synthesis replication                 |     0 |
|    Addition due to physical synthesis replication        |     0 |
| Unused register locations in slices containing registers |    21 |
+----------------------------------------------------------+-------+
* Control sets can be merged at opt_design using control_set_merge or merge_equivalent_drivers
** Run report_qor_suggestions for automated merging and remapping suggestions


2. Histogram
------------

+--------------------+-------+
|       Fanout       | Count |
+--------------------+-------+
| Total control sets |     6 |
| >= 0 to < 4        |     2 |
| >= 4 to < 6        |     1 |
| >= 6 to < 8        |     0 |
| >= 8 to < 10       |     2 |
| >= 10 to < 12      |     1 |
| >= 12 to < 14      |     0 |
| >= 14 to < 16      |     0 |
| >= 16              |     0 |
+--------------------+-------+
* Control sets can be remapped at either synth_design or opt_design


3. Flip-Flop Distribution
-------------------------

+--------------+-----------------------+------------------------+-----------------+--------------+
| Clock Enable | Synchronous Set/Reset | Asynchronous Set/Reset | Total Registers | Total Slices |
+--------------+-----------------------+------------------------+-----------------+--------------+
| No           | No                    | No                     |               3 |            2 |
| No           | No                    | Yes                    |               0 |            0 |
| No           | Yes                   | No                     |              15 |            4 |
| Yes          | No                    | No                     |               1 |            1 |
| Yes          | No                    | Yes                    |               0 |            0 |
| Yes          | Yes                   | No                     |              16 |            3 |
+--------------+-----------------------+------------------------+-----------------+--------------+


4. Detailed Control Set Information
-----------------------------------

+------------------+----------------+-------------------------------+------------------+----------------+--------------+
|   Clock Signal   |  Enable Signal |        Set/Reset Signal       | Slice Load Count | Bel Load Count | Bels / Slice |
+------------------+----------------+-------------------------------+------------------+----------------+--------------+
|  i_clk_IBUF_BUFG | tx_serial_o    |                               |                1 |              1 |         1.00 |
|  i_clk_IBUF_BUFG |                |                               |                2 |              3 |         1.50 |
|  i_clk_IBUF_BUFG |                | FSM_onehot_p_state[4]_i_1_n_0 |                1 |              5 |         5.00 |
|  i_clk_IBUF_BUFG | tx_data_reg0   | FSM_onehot_p_state[4]_i_1_n_0 |                1 |              8 |         8.00 |
|  i_clk_IBUF_BUFG | baud_rate_done | FSM_onehot_p_state[4]_i_1_n_0 |                2 |              8 |         4.00 |
|  i_clk_IBUF_BUFG |                | clk_cycle_cnt[9]_i_1_n_0      |                3 |             10 |         3.33 |
+------------------+----------------+-------------------------------+------------------+----------------+--------------+


