Copyright 1986-2022 Xilinx, Inc. All Rights Reserved.
------------------------------------------------------------------------------------------------------------------------------------------------------------------------------------------------------------------
| Tool Version : Vivado v.2022.2 (win64) Build 3671981 Fri Oct 14 05:00:03 MDT 2022
| Date         : Mon Oct  2 11:22:24 2023
| Host         : LAPTOP-GBNTDCHP running 64-bit major release  (build 9200)
| Command      : report_timing_summary -max_paths 10 -report_unconstrained -file uart_tx_timing_summary_routed.rpt -pb uart_tx_timing_summary_routed.pb -rpx uart_tx_timing_summary_routed.rpx -warn_on_violation
| Design       : uart_tx
| Device       : 7a35t-ftg256
| Speed File   : -1  PRODUCTION 1.23 2018-06-13
------------------------------------------------------------------------------------------------------------------------------------------------------------------------------------------------------------------

Timing Summary Report

------------------------------------------------------------------------------------------------
| Timer Settings
| --------------
------------------------------------------------------------------------------------------------

  Enable Multi Corner Analysis               :  Yes
  Enable Pessimism Removal                   :  Yes
  Pessimism Removal Resolution               :  Nearest Common Node
  Enable Input Delay Default Clock           :  No
  Enable Preset / Clear Arcs                 :  No
  Disable Flight Delays                      :  No
  Ignore I/O Paths                           :  No
  Timing Early Launch at Borrowing Latches   :  No
  Borrow Time for Max Delay Exceptions       :  Yes
  Merge Timing Exceptions                    :  Yes

  Corner  Analyze    Analyze    
  Name    Max Paths  Min Paths  
  ------  ---------  ---------  
  Slow    Yes        Yes        
  Fast    Yes        Yes        


------------------------------------------------------------------------------------------------
| Report Methodology
| ------------------
------------------------------------------------------------------------------------------------

Rule       Severity          Description                  Violations  
---------  ----------------  ---------------------------  ----------  
TIMING-17  Critical Warning  Non-clocked sequential cell  35          

Note: This report is based on the most recent report_methodology run and may not be up-to-date. Run report_methodology on the current design for the latest report.



check_timing report

Table of Contents
-----------------
1. checking no_clock (35)
2. checking constant_clock (0)
3. checking pulse_width_clock (0)
4. checking unconstrained_internal_endpoints (83)
5. checking no_input_delay (10)
6. checking no_output_delay (2)
7. checking multiple_clock (0)
8. checking generated_clocks (0)
9. checking loops (0)
10. checking partial_input_delay (0)
11. checking partial_output_delay (0)
12. checking latch_loops (0)

1. checking no_clock (35)
-------------------------
 There are 35 register/latch pins with no clock driven by root clock pin: i_clk (HIGH)


2. checking constant_clock (0)
------------------------------
 There are 0 register/latch pins with constant_clock.


3. checking pulse_width_clock (0)
---------------------------------
 There are 0 register/latch pins which need pulse_width check


4. checking unconstrained_internal_endpoints (83)
-------------------------------------------------
 There are 83 pins that are not constrained for maximum delay. (HIGH)

 There are 0 pins that are not constrained for maximum delay due to constant clock.


5. checking no_input_delay (10)
-------------------------------
 There are 10 input ports with no input delay specified. (HIGH)

 There are 0 input ports with no input delay but user has a false path constraint.


6. checking no_output_delay (2)
-------------------------------
 There are 2 ports with no output delay specified. (HIGH)

 There are 0 ports with no output delay but user has a false path constraint

 There are 0 ports with no output delay but with a timing clock defined on it or propagating through it


7. checking multiple_clock (0)
------------------------------
 There are 0 register/latch pins with multiple clocks.


8. checking generated_clocks (0)
--------------------------------
 There are 0 generated clocks that are not connected to a clock source.


9. checking loops (0)
---------------------
 There are 0 combinational loops in the design.


10. checking partial_input_delay (0)
------------------------------------
 There are 0 input ports with partial input delay specified.


11. checking partial_output_delay (0)
-------------------------------------
 There are 0 ports with partial output delay specified.


12. checking latch_loops (0)
----------------------------
 There are 0 combinational latch loops in the design through latch input



------------------------------------------------------------------------------------------------
| Design Timing Summary
| ---------------------
------------------------------------------------------------------------------------------------

    WNS(ns)      TNS(ns)  TNS Failing Endpoints  TNS Total Endpoints      WHS(ns)      THS(ns)  THS Failing Endpoints  THS Total Endpoints     WPWS(ns)     TPWS(ns)  TPWS Failing Endpoints  TPWS Total Endpoints  
    -------      -------  ---------------------  -------------------      -------      -------  ---------------------  -------------------     --------     --------  ----------------------  --------------------  
        inf        0.000                      0                   85          inf        0.000                      0                   85           NA           NA                      NA                    NA  


There are no user specified timing constraints.


------------------------------------------------------------------------------------------------
| Clock Summary
| -------------
------------------------------------------------------------------------------------------------


------------------------------------------------------------------------------------------------
| Intra Clock Table
| -----------------
------------------------------------------------------------------------------------------------

Clock             WNS(ns)      TNS(ns)  TNS Failing Endpoints  TNS Total Endpoints      WHS(ns)      THS(ns)  THS Failing Endpoints  THS Total Endpoints     WPWS(ns)     TPWS(ns)  TPWS Failing Endpoints  TPWS Total Endpoints  
-----             -------      -------  ---------------------  -------------------      -------      -------  ---------------------  -------------------     --------     --------  ----------------------  --------------------  


------------------------------------------------------------------------------------------------
| Inter Clock Table
| -----------------
------------------------------------------------------------------------------------------------

From Clock    To Clock          WNS(ns)      TNS(ns)  TNS Failing Endpoints  TNS Total Endpoints      WHS(ns)      THS(ns)  THS Failing Endpoints  THS Total Endpoints  
----------    --------          -------      -------  ---------------------  -------------------      -------      -------  ---------------------  -------------------  


------------------------------------------------------------------------------------------------
| Other Path Groups Table
| -----------------------
------------------------------------------------------------------------------------------------

Path Group    From Clock    To Clock          WNS(ns)      TNS(ns)  TNS Failing Endpoints  TNS Total Endpoints      WHS(ns)      THS(ns)  THS Failing Endpoints  THS Total Endpoints  
----------    ----------    --------          -------      -------  ---------------------  -------------------      -------      -------  ---------------------  -------------------  


------------------------------------------------------------------------------------------------
| User Ignored Path Table
| -----------------------
------------------------------------------------------------------------------------------------

Path Group    From Clock    To Clock    
----------    ----------    --------    


------------------------------------------------------------------------------------------------
| Unconstrained Path Table
| ------------------------
------------------------------------------------------------------------------------------------

Path Group    From Clock    To Clock    
----------    ----------    --------    
(none)                                    


------------------------------------------------------------------------------------------------
| Timing Details
| --------------
------------------------------------------------------------------------------------------------


--------------------------------------------------------------------------------------
Path Group:  (none)
From Clock:  
  To Clock:  

Max Delay            85 Endpoints
Min Delay            85 Endpoints
--------------------------------------------------------------------------------------


Max Delay Paths
--------------------------------------------------------------------------------------
Slack:                    inf
  Source:                 i_tx_data_valid
                            (input port)
  Destination:            latch_shift_uart_data_reg[7]/D
  Path Group:             (none)
  Path Type:              Max at Slow Process Corner
  Data Path Delay:        7.698ns  (logic 1.908ns (24.785%)  route 5.790ns (75.215%))
  Logic Levels:           4  (IBUF=1 LUT2=1 LUT5=1 LUT6=1)

    Location             Delay type                Incr(ns)  Path(ns)    Netlist Resource(s)
  -------------------------------------------------------------------    -------------------
    M6                                                0.000     0.000 f  i_tx_data_valid (IN)
                         net (fo=0)                   0.000     0.000    i_tx_data_valid
    M6                   IBUF (Prop_ibuf_I_O)         1.536     1.536 f  i_tx_data_valid_IBUF_inst/O
                         net (fo=6, routed)           4.206     5.742    i_tx_data_valid_IBUF
    SLICE_X63Y43         LUT2 (Prop_lut2_I0_O)        0.124     5.866 r  data_count[0]_i_3/O
                         net (fo=4, routed)           0.537     6.403    data_count[0]_i_3_n_0
    SLICE_X62Y43         LUT6 (Prop_lut6_I3_O)        0.124     6.527 r  data_count[2]_i_3/O
                         net (fo=11, routed)          1.048     7.574    data_count[2]_i_3_n_0
    SLICE_X63Y44         LUT5 (Prop_lut5_I3_O)        0.124     7.698 r  latch_shift_uart_data[7]_i_2/O
                         net (fo=1, routed)           0.000     7.698    latch_shift_uart_data[7]_i_2_n_0
    SLICE_X63Y44         FDRE                                         r  latch_shift_uart_data_reg[7]/D
  -------------------------------------------------------------------    -------------------

Slack:                    inf
  Source:                 i_tx_data_valid
                            (input port)
  Destination:            latch_shift_uart_data_reg[0]/D
  Path Group:             (none)
  Path Type:              Max at Slow Process Corner
  Data Path Delay:        7.524ns  (logic 1.908ns (25.360%)  route 5.616ns (74.640%))
  Logic Levels:           4  (IBUF=1 LUT2=1 LUT5=1 LUT6=1)

    Location             Delay type                Incr(ns)  Path(ns)    Netlist Resource(s)
  -------------------------------------------------------------------    -------------------
    M6                                                0.000     0.000 f  i_tx_data_valid (IN)
                         net (fo=0)                   0.000     0.000    i_tx_data_valid
    M6                   IBUF (Prop_ibuf_I_O)         1.536     1.536 f  i_tx_data_valid_IBUF_inst/O
                         net (fo=6, routed)           4.206     5.742    i_tx_data_valid_IBUF
    SLICE_X63Y43         LUT2 (Prop_lut2_I0_O)        0.124     5.866 r  data_count[0]_i_3/O
                         net (fo=4, routed)           0.537     6.403    data_count[0]_i_3_n_0
    SLICE_X62Y43         LUT6 (Prop_lut6_I3_O)        0.124     6.527 r  data_count[2]_i_3/O
                         net (fo=11, routed)          0.873     7.400    data_count[2]_i_3_n_0
    SLICE_X63Y44         LUT5 (Prop_lut5_I1_O)        0.124     7.524 r  latch_shift_uart_data[0]_i_1/O
                         net (fo=1, routed)           0.000     7.524    latch_shift_uart_data[0]_i_1_n_0
    SLICE_X63Y44         FDRE                                         r  latch_shift_uart_data_reg[0]/D
  -------------------------------------------------------------------    -------------------

Slack:                    inf
  Source:                 i_tx_data_valid
                            (input port)
  Destination:            latch_shift_uart_data_reg[5]/D
  Path Group:             (none)
  Path Type:              Max at Slow Process Corner
  Data Path Delay:        7.518ns  (logic 1.908ns (25.379%)  route 5.610ns (74.621%))
  Logic Levels:           4  (IBUF=1 LUT2=1 LUT5=1 LUT6=1)

    Location             Delay type                Incr(ns)  Path(ns)    Netlist Resource(s)
  -------------------------------------------------------------------    -------------------
    M6                                                0.000     0.000 f  i_tx_data_valid (IN)
                         net (fo=0)                   0.000     0.000    i_tx_data_valid
    M6                   IBUF (Prop_ibuf_I_O)         1.536     1.536 f  i_tx_data_valid_IBUF_inst/O
                         net (fo=6, routed)           4.206     5.742    i_tx_data_valid_IBUF
    SLICE_X63Y43         LUT2 (Prop_lut2_I0_O)        0.124     5.866 r  data_count[0]_i_3/O
                         net (fo=4, routed)           0.537     6.403    data_count[0]_i_3_n_0
    SLICE_X62Y43         LUT6 (Prop_lut6_I3_O)        0.124     6.527 r  data_count[2]_i_3/O
                         net (fo=11, routed)          0.867     7.394    data_count[2]_i_3_n_0
    SLICE_X65Y43         LUT5 (Prop_lut5_I1_O)        0.124     7.518 r  latch_shift_uart_data[5]_i_1/O
                         net (fo=1, routed)           0.000     7.518    latch_shift_uart_data[5]_i_1_n_0
    SLICE_X65Y43         FDRE                                         r  latch_shift_uart_data_reg[5]/D
  -------------------------------------------------------------------    -------------------

Slack:                    inf
  Source:                 i_tx_data_valid
                            (input port)
  Destination:            latch_shift_uart_data_reg[4]/D
  Path Group:             (none)
  Path Type:              Max at Slow Process Corner
  Data Path Delay:        7.513ns  (logic 1.908ns (25.396%)  route 5.605ns (74.604%))
  Logic Levels:           4  (IBUF=1 LUT2=1 LUT5=1 LUT6=1)

    Location             Delay type                Incr(ns)  Path(ns)    Netlist Resource(s)
  -------------------------------------------------------------------    -------------------
    M6                                                0.000     0.000 f  i_tx_data_valid (IN)
                         net (fo=0)                   0.000     0.000    i_tx_data_valid
    M6                   IBUF (Prop_ibuf_I_O)         1.536     1.536 f  i_tx_data_valid_IBUF_inst/O
                         net (fo=6, routed)           4.206     5.742    i_tx_data_valid_IBUF
    SLICE_X63Y43         LUT2 (Prop_lut2_I0_O)        0.124     5.866 r  data_count[0]_i_3/O
                         net (fo=4, routed)           0.537     6.403    data_count[0]_i_3_n_0
    SLICE_X62Y43         LUT6 (Prop_lut6_I3_O)        0.124     6.527 r  data_count[2]_i_3/O
                         net (fo=11, routed)          0.862     7.389    data_count[2]_i_3_n_0
    SLICE_X65Y43         LUT5 (Prop_lut5_I1_O)        0.124     7.513 r  latch_shift_uart_data[4]_i_1/O
                         net (fo=1, routed)           0.000     7.513    latch_shift_uart_data[4]_i_1_n_0
    SLICE_X65Y43         FDRE                                         r  latch_shift_uart_data_reg[4]/D
  -------------------------------------------------------------------    -------------------

Slack:                    inf
  Source:                 i_tx_data_valid
                            (input port)
  Destination:            latch_shift_uart_data_reg[1]/D
  Path Group:             (none)
  Path Type:              Max at Slow Process Corner
  Data Path Delay:        7.483ns  (logic 1.908ns (25.498%)  route 5.575ns (74.502%))
  Logic Levels:           4  (IBUF=1 LUT2=1 LUT5=1 LUT6=1)

    Location             Delay type                Incr(ns)  Path(ns)    Netlist Resource(s)
  -------------------------------------------------------------------    -------------------
    M6                                                0.000     0.000 f  i_tx_data_valid (IN)
                         net (fo=0)                   0.000     0.000    i_tx_data_valid
    M6                   IBUF (Prop_ibuf_I_O)         1.536     1.536 f  i_tx_data_valid_IBUF_inst/O
                         net (fo=6, routed)           4.206     5.742    i_tx_data_valid_IBUF
    SLICE_X63Y43         LUT2 (Prop_lut2_I0_O)        0.124     5.866 r  data_count[0]_i_3/O
                         net (fo=4, routed)           0.530     6.396    data_count[0]_i_3_n_0
    SLICE_X62Y43         LUT6 (Prop_lut6_I3_O)        0.124     6.520 r  latch_shift_uart_data[6]_i_2/O
                         net (fo=7, routed)           0.839     7.359    latch_shift_uart_data[6]_i_2_n_0
    SLICE_X63Y44         LUT5 (Prop_lut5_I3_O)        0.124     7.483 r  latch_shift_uart_data[1]_i_1/O
                         net (fo=1, routed)           0.000     7.483    latch_shift_uart_data[1]_i_1_n_0
    SLICE_X63Y44         FDRE                                         r  latch_shift_uart_data_reg[1]/D
  -------------------------------------------------------------------    -------------------

Slack:                    inf
  Source:                 i_tx_data_valid
                            (input port)
  Destination:            data_count_reg[1]/D
  Path Group:             (none)
  Path Type:              Max at Slow Process Corner
  Data Path Delay:        7.381ns  (logic 1.908ns (25.851%)  route 5.473ns (74.149%))
  Logic Levels:           4  (IBUF=1 LUT2=1 LUT6=2)

    Location             Delay type                Incr(ns)  Path(ns)    Netlist Resource(s)
  -------------------------------------------------------------------    -------------------
    M6                                                0.000     0.000 f  i_tx_data_valid (IN)
                         net (fo=0)                   0.000     0.000    i_tx_data_valid
    M6                   IBUF (Prop_ibuf_I_O)         1.536     1.536 f  i_tx_data_valid_IBUF_inst/O
                         net (fo=6, routed)           4.206     5.742    i_tx_data_valid_IBUF
    SLICE_X63Y43         LUT2 (Prop_lut2_I0_O)        0.124     5.866 r  data_count[0]_i_3/O
                         net (fo=4, routed)           0.537     6.403    data_count[0]_i_3_n_0
    SLICE_X62Y43         LUT6 (Prop_lut6_I3_O)        0.124     6.527 f  data_count[2]_i_3/O
                         net (fo=11, routed)          0.730     7.257    data_count[2]_i_3_n_0
    SLICE_X63Y43         LUT6 (Prop_lut6_I2_O)        0.124     7.381 r  data_count[1]_i_1/O
                         net (fo=1, routed)           0.000     7.381    data_count[1]_i_1_n_0
    SLICE_X63Y43         FDRE                                         r  data_count_reg[1]/D
  -------------------------------------------------------------------    -------------------

Slack:                    inf
  Source:                 i_tx_data_valid
                            (input port)
  Destination:            data_count_reg[2]/D
  Path Group:             (none)
  Path Type:              Max at Slow Process Corner
  Data Path Delay:        7.319ns  (logic 1.908ns (26.070%)  route 5.411ns (73.930%))
  Logic Levels:           4  (IBUF=1 LUT2=1 LUT6=2)

    Location             Delay type                Incr(ns)  Path(ns)    Netlist Resource(s)
  -------------------------------------------------------------------    -------------------
    M6                                                0.000     0.000 f  i_tx_data_valid (IN)
                         net (fo=0)                   0.000     0.000    i_tx_data_valid
    M6                   IBUF (Prop_ibuf_I_O)         1.536     1.536 f  i_tx_data_valid_IBUF_inst/O
                         net (fo=6, routed)           4.206     5.742    i_tx_data_valid_IBUF
    SLICE_X63Y43         LUT2 (Prop_lut2_I0_O)        0.124     5.866 r  data_count[0]_i_3/O
                         net (fo=4, routed)           0.537     6.403    data_count[0]_i_3_n_0
    SLICE_X62Y43         LUT6 (Prop_lut6_I3_O)        0.124     6.527 f  data_count[2]_i_3/O
                         net (fo=11, routed)          0.668     7.195    data_count[2]_i_3_n_0
    SLICE_X63Y43         LUT6 (Prop_lut6_I2_O)        0.124     7.319 r  data_count[2]_i_1/O
                         net (fo=1, routed)           0.000     7.319    data_count[2]_i_1_n_0
    SLICE_X63Y43         FDRE                                         r  data_count_reg[2]/D
  -------------------------------------------------------------------    -------------------

Slack:                    inf
  Source:                 i_tx_data_valid
                            (input port)
  Destination:            latch_shift_uart_data_reg[2]/D
  Path Group:             (none)
  Path Type:              Max at Slow Process Corner
  Data Path Delay:        7.280ns  (logic 1.908ns (26.209%)  route 5.372ns (73.791%))
  Logic Levels:           4  (IBUF=1 LUT2=1 LUT5=1 LUT6=1)

    Location             Delay type                Incr(ns)  Path(ns)    Netlist Resource(s)
  -------------------------------------------------------------------    -------------------
    M6                                                0.000     0.000 f  i_tx_data_valid (IN)
                         net (fo=0)                   0.000     0.000    i_tx_data_valid
    M6                   IBUF (Prop_ibuf_I_O)         1.536     1.536 f  i_tx_data_valid_IBUF_inst/O
                         net (fo=6, routed)           4.206     5.742    i_tx_data_valid_IBUF
    SLICE_X63Y43         LUT2 (Prop_lut2_I0_O)        0.124     5.866 r  data_count[0]_i_3/O
                         net (fo=4, routed)           0.537     6.403    data_count[0]_i_3_n_0
    SLICE_X62Y43         LUT6 (Prop_lut6_I3_O)        0.124     6.527 r  data_count[2]_i_3/O
                         net (fo=11, routed)          0.629     7.156    data_count[2]_i_3_n_0
    SLICE_X65Y43         LUT5 (Prop_lut5_I1_O)        0.124     7.280 r  latch_shift_uart_data[2]_i_1/O
                         net (fo=1, routed)           0.000     7.280    latch_shift_uart_data[2]_i_1_n_0
    SLICE_X65Y43         FDRE                                         r  latch_shift_uart_data_reg[2]/D
  -------------------------------------------------------------------    -------------------

Slack:                    inf
  Source:                 i_tx_data_valid
                            (input port)
  Destination:            latch_shift_uart_data_reg[6]/D
  Path Group:             (none)
  Path Type:              Max at Slow Process Corner
  Data Path Delay:        7.130ns  (logic 1.908ns (26.761%)  route 5.222ns (73.239%))
  Logic Levels:           4  (IBUF=1 LUT2=1 LUT5=1 LUT6=1)

    Location             Delay type                Incr(ns)  Path(ns)    Netlist Resource(s)
  -------------------------------------------------------------------    -------------------
    M6                                                0.000     0.000 f  i_tx_data_valid (IN)
                         net (fo=0)                   0.000     0.000    i_tx_data_valid
    M6                   IBUF (Prop_ibuf_I_O)         1.536     1.536 f  i_tx_data_valid_IBUF_inst/O
                         net (fo=6, routed)           4.206     5.742    i_tx_data_valid_IBUF
    SLICE_X63Y43         LUT2 (Prop_lut2_I0_O)        0.124     5.866 r  data_count[0]_i_3/O
                         net (fo=4, routed)           0.530     6.396    data_count[0]_i_3_n_0
    SLICE_X62Y43         LUT6 (Prop_lut6_I3_O)        0.124     6.520 r  latch_shift_uart_data[6]_i_2/O
                         net (fo=7, routed)           0.486     7.006    latch_shift_uart_data[6]_i_2_n_0
    SLICE_X63Y44         LUT5 (Prop_lut5_I3_O)        0.124     7.130 r  latch_shift_uart_data[6]_i_1/O
                         net (fo=1, routed)           0.000     7.130    latch_shift_uart_data[6]_i_1_n_0
    SLICE_X63Y44         FDRE                                         r  latch_shift_uart_data_reg[6]/D
  -------------------------------------------------------------------    -------------------

Slack:                    inf
  Source:                 i_tx_data_valid
                            (input port)
  Destination:            latch_shift_uart_data_reg[3]/D
  Path Group:             (none)
  Path Type:              Max at Slow Process Corner
  Data Path Delay:        7.112ns  (logic 1.908ns (26.828%)  route 5.204ns (73.172%))
  Logic Levels:           4  (IBUF=1 LUT2=1 LUT5=1 LUT6=1)

    Location             Delay type                Incr(ns)  Path(ns)    Netlist Resource(s)
  -------------------------------------------------------------------    -------------------
    M6                                                0.000     0.000 f  i_tx_data_valid (IN)
                         net (fo=0)                   0.000     0.000    i_tx_data_valid
    M6                   IBUF (Prop_ibuf_I_O)         1.536     1.536 f  i_tx_data_valid_IBUF_inst/O
                         net (fo=6, routed)           4.206     5.742    i_tx_data_valid_IBUF
    SLICE_X63Y43         LUT2 (Prop_lut2_I0_O)        0.124     5.866 r  data_count[0]_i_3/O
                         net (fo=4, routed)           0.537     6.403    data_count[0]_i_3_n_0
    SLICE_X62Y43         LUT6 (Prop_lut6_I3_O)        0.124     6.527 r  data_count[2]_i_3/O
                         net (fo=11, routed)          0.461     6.988    data_count[2]_i_3_n_0
    SLICE_X65Y43         LUT5 (Prop_lut5_I1_O)        0.124     7.112 r  latch_shift_uart_data[3]_i_1/O
                         net (fo=1, routed)           0.000     7.112    latch_shift_uart_data[3]_i_1_n_0
    SLICE_X65Y43         FDRE                                         r  latch_shift_uart_data_reg[3]/D
  -------------------------------------------------------------------    -------------------





Min Delay Paths
--------------------------------------------------------------------------------------
Slack:                    inf
  Source:                 latch_shift_uart_data_reg[6]/C
                            (rising edge-triggered cell FDRE)
  Destination:            latch_shift_uart_data_reg[5]/D
  Path Group:             (none)
  Path Type:              Min at Fast Process Corner
  Data Path Delay:        0.281ns  (logic 0.186ns (66.095%)  route 0.095ns (33.905%))
  Logic Levels:           2  (FDRE=1 LUT5=1)

    Location             Delay type                Incr(ns)  Path(ns)    Netlist Resource(s)
  -------------------------------------------------------------------    -------------------
    SLICE_X63Y44         FDRE                         0.000     0.000 r  latch_shift_uart_data_reg[6]/C
    SLICE_X63Y44         FDRE (Prop_fdre_C_Q)         0.141     0.141 r  latch_shift_uart_data_reg[6]/Q
                         net (fo=1, routed)           0.095     0.236    latch_shift_uart_data__0[6]
    SLICE_X65Y43         LUT5 (Prop_lut5_I2_O)        0.045     0.281 r  latch_shift_uart_data[5]_i_1/O
                         net (fo=1, routed)           0.000     0.281    latch_shift_uart_data[5]_i_1_n_0
    SLICE_X65Y43         FDRE                                         r  latch_shift_uart_data_reg[5]/D
  -------------------------------------------------------------------    -------------------

Slack:                    inf
  Source:                 latch_shift_uart_data_reg[0]/C
                            (rising edge-triggered cell FDRE)
  Destination:            tx_serial_o_reg/D
  Path Group:             (none)
  Path Type:              Min at Fast Process Corner
  Data Path Delay:        0.287ns  (logic 0.186ns (64.769%)  route 0.101ns (35.231%))
  Logic Levels:           2  (FDRE=1 LUT5=1)

    Location             Delay type                Incr(ns)  Path(ns)    Netlist Resource(s)
  -------------------------------------------------------------------    -------------------
    SLICE_X63Y44         FDRE                         0.000     0.000 r  latch_shift_uart_data_reg[0]/C
    SLICE_X63Y44         FDRE (Prop_fdre_C_Q)         0.141     0.141 r  latch_shift_uart_data_reg[0]/Q
                         net (fo=1, routed)           0.101     0.242    latch_shift_uart_data[0]
    SLICE_X64Y44         LUT5 (Prop_lut5_I1_O)        0.045     0.287 r  tx_serial_o_i_2/O
                         net (fo=1, routed)           0.000     0.287    tx_serial_o_i_2_n_0
    SLICE_X64Y44         FDRE                                         r  tx_serial_o_reg/D
  -------------------------------------------------------------------    -------------------

Slack:                    inf
  Source:                 tx_data_reg_reg[1]/C
                            (rising edge-triggered cell FDRE)
  Destination:            latch_shift_uart_data_reg[1]/D
  Path Group:             (none)
  Path Type:              Min at Fast Process Corner
  Data Path Delay:        0.293ns  (logic 0.186ns (63.421%)  route 0.107ns (36.579%))
  Logic Levels:           2  (FDRE=1 LUT5=1)

    Location             Delay type                Incr(ns)  Path(ns)    Netlist Resource(s)
  -------------------------------------------------------------------    -------------------
    SLICE_X65Y44         FDRE                         0.000     0.000 r  tx_data_reg_reg[1]/C
    SLICE_X65Y44         FDRE (Prop_fdre_C_Q)         0.141     0.141 r  tx_data_reg_reg[1]/Q
                         net (fo=2, routed)           0.107     0.248    tx_data_reg[1]
    SLICE_X63Y44         LUT5 (Prop_lut5_I0_O)        0.045     0.293 r  latch_shift_uart_data[1]_i_1/O
                         net (fo=1, routed)           0.000     0.293    latch_shift_uart_data[1]_i_1_n_0
    SLICE_X63Y44         FDRE                                         r  latch_shift_uart_data_reg[1]/D
  -------------------------------------------------------------------    -------------------

Slack:                    inf
  Source:                 clk_cycle_cnt_reg[6]/C
                            (rising edge-triggered cell FDRE)
  Destination:            clk_cycle_cnt_reg[9]/D
  Path Group:             (none)
  Path Type:              Min at Fast Process Corner
  Data Path Delay:        0.302ns  (logic 0.227ns (75.183%)  route 0.075ns (24.817%))
  Logic Levels:           2  (FDRE=1 LUT6=1)

    Location             Delay type                Incr(ns)  Path(ns)    Netlist Resource(s)
  -------------------------------------------------------------------    -------------------
    SLICE_X62Y45         FDRE                         0.000     0.000 r  clk_cycle_cnt_reg[6]/C
    SLICE_X62Y45         FDRE (Prop_fdre_C_Q)         0.128     0.128 r  clk_cycle_cnt_reg[6]/Q
                         net (fo=4, routed)           0.075     0.203    clk_cycle_cnt_reg[6]
    SLICE_X62Y45         LUT6 (Prop_lut6_I5_O)        0.099     0.302 r  clk_cycle_cnt[9]_i_2/O
                         net (fo=1, routed)           0.000     0.302    p_0_in[9]
    SLICE_X62Y45         FDRE                                         r  clk_cycle_cnt_reg[9]/D
  -------------------------------------------------------------------    -------------------

Slack:                    inf
  Source:                 data_count_reg[1]/C
                            (rising edge-triggered cell FDRE)
  Destination:            FSM_onehot_p_state_reg[2]/D
  Path Group:             (none)
  Path Type:              Min at Fast Process Corner
  Data Path Delay:        0.307ns  (logic 0.186ns (60.518%)  route 0.121ns (39.482%))
  Logic Levels:           2  (FDRE=1 LUT6=1)

    Location             Delay type                Incr(ns)  Path(ns)    Netlist Resource(s)
  -------------------------------------------------------------------    -------------------
    SLICE_X63Y43         FDRE                         0.000     0.000 r  data_count_reg[1]/C
    SLICE_X63Y43         FDRE (Prop_fdre_C_Q)         0.141     0.141 f  data_count_reg[1]/Q
                         net (fo=5, routed)           0.121     0.262    data_count_reg_n_0_[1]
    SLICE_X64Y43         LUT6 (Prop_lut6_I3_O)        0.045     0.307 r  FSM_onehot_p_state[2]_i_1/O
                         net (fo=1, routed)           0.000     0.307    FSM_onehot_p_state[2]_i_1_n_0
    SLICE_X64Y43         FDRE                                         r  FSM_onehot_p_state_reg[2]/D
  -------------------------------------------------------------------    -------------------

Slack:                    inf
  Source:                 latch_shift_uart_data_reg[5]/C
                            (rising edge-triggered cell FDRE)
  Destination:            latch_shift_uart_data_reg[4]/D
  Path Group:             (none)
  Path Type:              Min at Fast Process Corner
  Data Path Delay:        0.345ns  (logic 0.186ns (53.897%)  route 0.159ns (46.103%))
  Logic Levels:           2  (FDRE=1 LUT5=1)

    Location             Delay type                Incr(ns)  Path(ns)    Netlist Resource(s)
  -------------------------------------------------------------------    -------------------
    SLICE_X65Y43         FDRE                         0.000     0.000 r  latch_shift_uart_data_reg[5]/C
    SLICE_X65Y43         FDRE (Prop_fdre_C_Q)         0.141     0.141 r  latch_shift_uart_data_reg[5]/Q
                         net (fo=1, routed)           0.159     0.300    latch_shift_uart_data__0[5]
    SLICE_X65Y43         LUT5 (Prop_lut5_I2_O)        0.045     0.345 r  latch_shift_uart_data[4]_i_1/O
                         net (fo=1, routed)           0.000     0.345    latch_shift_uart_data[4]_i_1_n_0
    SLICE_X65Y43         FDRE                                         r  latch_shift_uart_data_reg[4]/D
  -------------------------------------------------------------------    -------------------

Slack:                    inf
  Source:                 clk_cycle_cnt_reg[0]/C
                            (rising edge-triggered cell FDRE)
  Destination:            clk_cycle_cnt_reg[1]/D
  Path Group:             (none)
  Path Type:              Min at Fast Process Corner
  Data Path Delay:        0.353ns  (logic 0.186ns (52.744%)  route 0.167ns (47.256%))
  Logic Levels:           2  (FDRE=1 LUT2=1)

    Location             Delay type                Incr(ns)  Path(ns)    Netlist Resource(s)
  -------------------------------------------------------------------    -------------------
    SLICE_X62Y45         FDRE                         0.000     0.000 r  clk_cycle_cnt_reg[0]/C
    SLICE_X62Y45         FDRE (Prop_fdre_C_Q)         0.141     0.141 r  clk_cycle_cnt_reg[0]/Q
                         net (fo=11, routed)          0.167     0.308    clk_cycle_cnt_reg[0]
    SLICE_X62Y44         LUT2 (Prop_lut2_I0_O)        0.045     0.353 r  clk_cycle_cnt[1]_i_1/O
                         net (fo=1, routed)           0.000     0.353    p_0_in[1]
    SLICE_X62Y44         FDRE                                         r  clk_cycle_cnt_reg[1]/D
  -------------------------------------------------------------------    -------------------

Slack:                    inf
  Source:                 data_count_reg[0]/C
                            (rising edge-triggered cell FDRE)
  Destination:            data_count_reg[1]/D
  Path Group:             (none)
  Path Type:              Min at Fast Process Corner
  Data Path Delay:        0.357ns  (logic 0.186ns (52.082%)  route 0.171ns (47.918%))
  Logic Levels:           2  (FDRE=1 LUT6=1)

    Location             Delay type                Incr(ns)  Path(ns)    Netlist Resource(s)
  -------------------------------------------------------------------    -------------------
    SLICE_X62Y43         FDRE                         0.000     0.000 r  data_count_reg[0]/C
    SLICE_X62Y43         FDRE (Prop_fdre_C_Q)         0.141     0.141 r  data_count_reg[0]/Q
                         net (fo=6, routed)           0.171     0.312    data_count_reg_n_0_[0]
    SLICE_X63Y43         LUT6 (Prop_lut6_I1_O)        0.045     0.357 r  data_count[1]_i_1/O
                         net (fo=1, routed)           0.000     0.357    data_count[1]_i_1_n_0
    SLICE_X63Y43         FDRE                                         r  data_count_reg[1]/D
  -------------------------------------------------------------------    -------------------

Slack:                    inf
  Source:                 clk_cycle_cnt_reg[4]/C
                            (rising edge-triggered cell FDRE)
  Destination:            clk_cycle_cnt_reg[8]/D
  Path Group:             (none)
  Path Type:              Min at Fast Process Corner
  Data Path Delay:        0.362ns  (logic 0.227ns (62.665%)  route 0.135ns (37.335%))
  Logic Levels:           2  (FDRE=1 LUT6=1)

    Location             Delay type                Incr(ns)  Path(ns)    Netlist Resource(s)
  -------------------------------------------------------------------    -------------------
    SLICE_X62Y46         FDRE                         0.000     0.000 r  clk_cycle_cnt_reg[4]/C
    SLICE_X62Y46         FDRE (Prop_fdre_C_Q)         0.128     0.128 r  clk_cycle_cnt_reg[4]/Q
                         net (fo=7, routed)           0.135     0.263    clk_cycle_cnt_reg[4]
    SLICE_X62Y46         LUT6 (Prop_lut6_I2_O)        0.099     0.362 r  clk_cycle_cnt[8]_i_1/O
                         net (fo=1, routed)           0.000     0.362    p_0_in[8]
    SLICE_X62Y46         FDRE                                         r  clk_cycle_cnt_reg[8]/D
  -------------------------------------------------------------------    -------------------

Slack:                    inf
  Source:                 clk_cycle_cnt_reg[7]/C
                            (rising edge-triggered cell FDRE)
  Destination:            clk_cycle_cnt_reg[7]/D
  Path Group:             (none)
  Path Type:              Min at Fast Process Corner
  Data Path Delay:        0.371ns  (logic 0.186ns (50.108%)  route 0.185ns (49.892%))
  Logic Levels:           2  (FDRE=1 LUT5=1)

    Location             Delay type                Incr(ns)  Path(ns)    Netlist Resource(s)
  -------------------------------------------------------------------    -------------------
    SLICE_X62Y46         FDRE                         0.000     0.000 r  clk_cycle_cnt_reg[7]/C
    SLICE_X62Y46         FDRE (Prop_fdre_C_Q)         0.141     0.141 r  clk_cycle_cnt_reg[7]/Q
                         net (fo=4, routed)           0.185     0.326    clk_cycle_cnt_reg[7]
    SLICE_X62Y46         LUT5 (Prop_lut5_I4_O)        0.045     0.371 r  clk_cycle_cnt[7]_i_1/O
                         net (fo=1, routed)           0.000     0.371    p_0_in[7]
    SLICE_X62Y46         FDRE                                         r  clk_cycle_cnt_reg[7]/D
  -------------------------------------------------------------------    -------------------





