Copyright 1986-2022 Xilinx, Inc. All Rights Reserved.
------------------------------------------------------------------------------------------------------------------------------------------------------------------------------------------------------------------------------------------------------------------------------------------------
| Tool Version : Vivado v.2022.2 (win64) Build 3671981 Fri Oct 14 05:00:03 MDT 2022
| Date         : Fri Nov 10 22:06:44 2023
| Host         : LAPTOP-GBNTDCHP running 64-bit major release  (build 9200)
| Command      : report_timing_summary -max_paths 10 -report_unconstrained -file one_bit_overlapping_moore_machine_timing_summary_routed.rpt -pb one_bit_overlapping_moore_machine_timing_summary_routed.pb -rpx one_bit_overlapping_moore_machine_timing_summary_routed.rpx -warn_on_violation
| Design       : one_bit_overlapping_moore_machine
| Device       : 7a35t-ftg256
| Speed File   : -1  PRODUCTION 1.23 2018-06-13
------------------------------------------------------------------------------------------------------------------------------------------------------------------------------------------------------------------------------------------------------------------------------------------------

Timing Summary Report

------------------------------------------------------------------------------------------------
| Timer Settings
| --------------
------------------------------------------------------------------------------------------------

  Enable Multi Corner Analysis               :  Yes
  Enable Pessimism Removal                   :  Yes
  Pessimism Removal Resolution               :  Nearest Common Node
  Enable Input Delay Default Clock           :  No
  Enable Preset / Clear Arcs                 :  No
  Disable Flight Delays                      :  No
  Ignore I/O Paths                           :  No
  Timing Early Launch at Borrowing Latches   :  No
  Borrow Time for Max Delay Exceptions       :  Yes
  Merge Timing Exceptions                    :  Yes

  Corner  Analyze    Analyze    
  Name    Max Paths  Min Paths  
  ------  ---------  ---------  
  Slow    Yes        Yes        
  Fast    Yes        Yes        


------------------------------------------------------------------------------------------------
| Report Methodology
| ------------------
------------------------------------------------------------------------------------------------

Rule       Severity  Description                    Violations  
---------  --------  -----------------------------  ----------  
TIMING-18  Warning   Missing input or output delay  3           

Note: This report is based on the most recent report_methodology run and may not be up-to-date. Run report_methodology on the current design for the latest report.



check_timing report

Table of Contents
-----------------
1. checking no_clock (0)
2. checking constant_clock (0)
3. checking pulse_width_clock (0)
4. checking unconstrained_internal_endpoints (0)
5. checking no_input_delay (2)
6. checking no_output_delay (1)
7. checking multiple_clock (0)
8. checking generated_clocks (0)
9. checking loops (0)
10. checking partial_input_delay (0)
11. checking partial_output_delay (0)
12. checking latch_loops (0)

1. checking no_clock (0)
------------------------
 There are 0 register/latch pins with no clock.


2. checking constant_clock (0)
------------------------------
 There are 0 register/latch pins with constant_clock.


3. checking pulse_width_clock (0)
---------------------------------
 There are 0 register/latch pins which need pulse_width check


4. checking unconstrained_internal_endpoints (0)
------------------------------------------------
 There are 0 pins that are not constrained for maximum delay.

 There are 0 pins that are not constrained for maximum delay due to constant clock.


5. checking no_input_delay (2)
------------------------------
 There are 2 input ports with no input delay specified. (HIGH)

 There are 0 input ports with no input delay but user has a false path constraint.


6. checking no_output_delay (1)
-------------------------------
 There is 1 port with no output delay specified. (HIGH)

 There are 0 ports with no output delay but user has a false path constraint

 There are 0 ports with no output delay but with a timing clock defined on it or propagating through it


7. checking multiple_clock (0)
------------------------------
 There are 0 register/latch pins with multiple clocks.


8. checking generated_clocks (0)
--------------------------------
 There are 0 generated clocks that are not connected to a clock source.


9. checking loops (0)
---------------------
 There are 0 combinational loops in the design.


10. checking partial_input_delay (0)
------------------------------------
 There are 0 input ports with partial input delay specified.


11. checking partial_output_delay (0)
-------------------------------------
 There are 0 ports with partial output delay specified.


12. checking latch_loops (0)
----------------------------
 There are 0 combinational latch loops in the design through latch input



------------------------------------------------------------------------------------------------
| Design Timing Summary
| ---------------------
------------------------------------------------------------------------------------------------

    WNS(ns)      TNS(ns)  TNS Failing Endpoints  TNS Total Endpoints      WHS(ns)      THS(ns)  THS Failing Endpoints  THS Total Endpoints     WPWS(ns)     TPWS(ns)  TPWS Failing Endpoints  TPWS Total Endpoints  
    -------      -------  ---------------------  -------------------      -------      -------  ---------------------  -------------------     --------     --------  ----------------------  --------------------  
     18.109        0.000                      0                    6        0.178        0.000                      0                    6        9.500        0.000                       0                     7  


All user specified timing constraints are met.


------------------------------------------------------------------------------------------------
| Clock Summary
| -------------
------------------------------------------------------------------------------------------------

Clock    Waveform(ns)       Period(ns)      Frequency(MHz)
-----    ------------       ----------      --------------
sys_clk  {0.000 10.000}     20.000          50.000          


------------------------------------------------------------------------------------------------
| Intra Clock Table
| -----------------
------------------------------------------------------------------------------------------------

Clock             WNS(ns)      TNS(ns)  TNS Failing Endpoints  TNS Total Endpoints      WHS(ns)      THS(ns)  THS Failing Endpoints  THS Total Endpoints     WPWS(ns)     TPWS(ns)  TPWS Failing Endpoints  TPWS Total Endpoints  
-----             -------      -------  ---------------------  -------------------      -------      -------  ---------------------  -------------------     --------     --------  ----------------------  --------------------  
sys_clk            18.109        0.000                      0                    6        0.178        0.000                      0                    6        9.500        0.000                       0                     7  


------------------------------------------------------------------------------------------------
| Inter Clock Table
| -----------------
------------------------------------------------------------------------------------------------

From Clock    To Clock          WNS(ns)      TNS(ns)  TNS Failing Endpoints  TNS Total Endpoints      WHS(ns)      THS(ns)  THS Failing Endpoints  THS Total Endpoints  
----------    --------          -------      -------  ---------------------  -------------------      -------      -------  ---------------------  -------------------  


------------------------------------------------------------------------------------------------
| Other Path Groups Table
| -----------------------
------------------------------------------------------------------------------------------------

Path Group    From Clock    To Clock          WNS(ns)      TNS(ns)  TNS Failing Endpoints  TNS Total Endpoints      WHS(ns)      THS(ns)  THS Failing Endpoints  THS Total Endpoints  
----------    ----------    --------          -------      -------  ---------------------  -------------------      -------      -------  ---------------------  -------------------  


------------------------------------------------------------------------------------------------
| User Ignored Path Table
| -----------------------
------------------------------------------------------------------------------------------------

Path Group    From Clock    To Clock    
----------    ----------    --------    


------------------------------------------------------------------------------------------------
| Unconstrained Path Table
| ------------------------
------------------------------------------------------------------------------------------------

Path Group    From Clock    To Clock    
----------    ----------    --------    
(none)        sys_clk                     
(none)                      sys_clk       


------------------------------------------------------------------------------------------------
| Timing Details
| --------------
------------------------------------------------------------------------------------------------


---------------------------------------------------------------------------------------------------
From Clock:  sys_clk
  To Clock:  sys_clk

Setup :            0  Failing Endpoints,  Worst Slack       18.109ns,  Total Violation        0.000ns
Hold  :            0  Failing Endpoints,  Worst Slack        0.178ns,  Total Violation        0.000ns
PW    :            0  Failing Endpoints,  Worst Slack        9.500ns,  Total Violation        0.000ns
---------------------------------------------------------------------------------------------------


Max Delay Paths
--------------------------------------------------------------------------------------
Slack (MET) :             18.109ns  (required time - arrival time)
  Source:                 rst_reg_reg[1]/C
                            (rising edge-triggered cell FDRE clocked by sys_clk  {rise@0.000ns fall@10.000ns period=20.000ns})
  Destination:            o_seq_reg/R
                            (rising edge-triggered cell FDRE clocked by sys_clk  {rise@0.000ns fall@10.000ns period=20.000ns})
  Path Group:             sys_clk
  Path Type:              Setup (Max at Slow Process Corner)
  Requirement:            20.000ns  (sys_clk rise@20.000ns - sys_clk rise@0.000ns)
  Data Path Delay:        1.401ns  (logic 0.580ns (41.387%)  route 0.821ns (58.613%))
  Logic Levels:           1  (LUT1=1)
  Clock Path Skew:        -0.025ns (DCD - SCD + CPR)
    Destination Clock Delay (DCD):    4.927ns = ( 24.927 - 20.000 ) 
    Source Clock Delay      (SCD):    5.226ns
    Clock Pessimism Removal (CPR):    0.273ns
  Clock Uncertainty:      0.035ns  ((TSJ^2 + TIJ^2)^1/2 + DJ) / 2 + PE
    Total System Jitter     (TSJ):    0.071ns
    Total Input Jitter      (TIJ):    0.000ns
    Discrete Jitter          (DJ):    0.000ns
    Phase Error              (PE):    0.000ns

    Location             Delay type                Incr(ns)  Path(ns)    Netlist Resource(s)
  -------------------------------------------------------------------    -------------------
                         (clock sys_clk rise edge)    0.000     0.000 r  
    N11                                               0.000     0.000 r  i_clk (IN)
                         net (fo=0)                   0.000     0.000    i_clk
    N11                  IBUF (Prop_ibuf_I_O)         1.519     1.519 r  i_clk_IBUF_inst/O
                         net (fo=1, routed)           1.972     3.490    i_clk_IBUF
    BUFGCTRL_X0Y0        BUFG (Prop_bufg_I_O)         0.096     3.586 r  i_clk_IBUF_BUFG_inst/O
                         net (fo=6, routed)           1.639     5.226    i_clk_IBUF_BUFG
    SLICE_X65Y48         FDRE                                         r  rst_reg_reg[1]/C
  -------------------------------------------------------------------    -------------------
    SLICE_X65Y48         FDRE (Prop_fdre_C_Q)         0.456     5.682 f  rst_reg_reg[1]/Q
                         net (fo=4, routed)           0.434     6.116    rst_reg[1]
    SLICE_X65Y49         LUT1 (Prop_lut1_I0_O)        0.124     6.240 r  o_seq_i_1/O
                         net (fo=1, routed)           0.387     6.627    o_seq_i_1_n_0
    SLICE_X65Y49         FDRE                                         r  o_seq_reg/R
  -------------------------------------------------------------------    -------------------

                         (clock sys_clk rise edge)   20.000    20.000 r  
    N11                                               0.000    20.000 r  i_clk (IN)
                         net (fo=0)                   0.000    20.000    i_clk
    N11                  IBUF (Prop_ibuf_I_O)         1.448    21.448 r  i_clk_IBUF_inst/O
                         net (fo=1, routed)           1.868    23.316    i_clk_IBUF
    BUFGCTRL_X0Y0        BUFG (Prop_bufg_I_O)         0.091    23.407 r  i_clk_IBUF_BUFG_inst/O
                         net (fo=6, routed)           1.520    24.927    i_clk_IBUF_BUFG
    SLICE_X65Y49         FDRE                                         r  o_seq_reg/C
                         clock pessimism              0.273    25.201    
                         clock uncertainty           -0.035    25.165    
    SLICE_X65Y49         FDRE (Setup_fdre_C_R)       -0.429    24.736    o_seq_reg
  -------------------------------------------------------------------
                         required time                         24.736    
                         arrival time                          -6.627    
  -------------------------------------------------------------------
                         slack                                 18.109    

Slack (MET) :             18.448ns  (required time - arrival time)
  Source:                 FSM_sequential_p_state_reg[2]/C
                            (rising edge-triggered cell FDRE clocked by sys_clk  {rise@0.000ns fall@10.000ns period=20.000ns})
  Destination:            FSM_sequential_p_state_reg[0]/D
                            (rising edge-triggered cell FDRE clocked by sys_clk  {rise@0.000ns fall@10.000ns period=20.000ns})
  Path Group:             sys_clk
  Path Type:              Setup (Max at Slow Process Corner)
  Requirement:            20.000ns  (sys_clk rise@20.000ns - sys_clk rise@0.000ns)
  Data Path Delay:        1.595ns  (logic 0.642ns (40.243%)  route 0.953ns (59.757%))
  Logic Levels:           1  (LUT5=1)
  Clock Path Skew:        0.000ns (DCD - SCD + CPR)
    Destination Clock Delay (DCD):    4.927ns = ( 24.927 - 20.000 ) 
    Source Clock Delay      (SCD):    5.226ns
    Clock Pessimism Removal (CPR):    0.298ns
  Clock Uncertainty:      0.035ns  ((TSJ^2 + TIJ^2)^1/2 + DJ) / 2 + PE
    Total System Jitter     (TSJ):    0.071ns
    Total Input Jitter      (TIJ):    0.000ns
    Discrete Jitter          (DJ):    0.000ns
    Phase Error              (PE):    0.000ns

    Location             Delay type                Incr(ns)  Path(ns)    Netlist Resource(s)
  -------------------------------------------------------------------    -------------------
                         (clock sys_clk rise edge)    0.000     0.000 r  
    N11                                               0.000     0.000 r  i_clk (IN)
                         net (fo=0)                   0.000     0.000    i_clk
    N11                  IBUF (Prop_ibuf_I_O)         1.519     1.519 r  i_clk_IBUF_inst/O
                         net (fo=1, routed)           1.972     3.490    i_clk_IBUF
    BUFGCTRL_X0Y0        BUFG (Prop_bufg_I_O)         0.096     3.586 r  i_clk_IBUF_BUFG_inst/O
                         net (fo=6, routed)           1.639     5.226    i_clk_IBUF_BUFG
    SLICE_X64Y49         FDRE                                         r  FSM_sequential_p_state_reg[2]/C
  -------------------------------------------------------------------    -------------------
    SLICE_X64Y49         FDRE (Prop_fdre_C_Q)         0.518     5.744 f  FSM_sequential_p_state_reg[2]/Q
                         net (fo=4, routed)           0.953     6.697    p_state[2]
    SLICE_X64Y49         LUT5 (Prop_lut5_I0_O)        0.124     6.821 r  FSM_sequential_p_state[0]_i_1/O
                         net (fo=1, routed)           0.000     6.821    FSM_sequential_p_state[0]_i_1_n_0
    SLICE_X64Y49         FDRE                                         r  FSM_sequential_p_state_reg[0]/D
  -------------------------------------------------------------------    -------------------

                         (clock sys_clk rise edge)   20.000    20.000 r  
    N11                                               0.000    20.000 r  i_clk (IN)
                         net (fo=0)                   0.000    20.000    i_clk
    N11                  IBUF (Prop_ibuf_I_O)         1.448    21.448 r  i_clk_IBUF_inst/O
                         net (fo=1, routed)           1.868    23.316    i_clk_IBUF
    BUFGCTRL_X0Y0        BUFG (Prop_bufg_I_O)         0.091    23.407 r  i_clk_IBUF_BUFG_inst/O
                         net (fo=6, routed)           1.520    24.927    i_clk_IBUF_BUFG
    SLICE_X64Y49         FDRE                                         r  FSM_sequential_p_state_reg[0]/C
                         clock pessimism              0.298    25.226    
                         clock uncertainty           -0.035    25.190    
    SLICE_X64Y49         FDRE (Setup_fdre_C_D)        0.079    25.269    FSM_sequential_p_state_reg[0]
  -------------------------------------------------------------------
                         required time                         25.269    
                         arrival time                          -6.821    
  -------------------------------------------------------------------
                         slack                                 18.448    

Slack (MET) :             18.495ns  (required time - arrival time)
  Source:                 FSM_sequential_p_state_reg[0]/C
                            (rising edge-triggered cell FDRE clocked by sys_clk  {rise@0.000ns fall@10.000ns period=20.000ns})
  Destination:            FSM_sequential_p_state_reg[1]/D
                            (rising edge-triggered cell FDRE clocked by sys_clk  {rise@0.000ns fall@10.000ns period=20.000ns})
  Path Group:             sys_clk
  Path Type:              Setup (Max at Slow Process Corner)
  Requirement:            20.000ns  (sys_clk rise@20.000ns - sys_clk rise@0.000ns)
  Data Path Delay:        1.547ns  (logic 0.642ns (41.512%)  route 0.905ns (58.488%))
  Logic Levels:           1  (LUT5=1)
  Clock Path Skew:        0.000ns (DCD - SCD + CPR)
    Destination Clock Delay (DCD):    4.927ns = ( 24.927 - 20.000 ) 
    Source Clock Delay      (SCD):    5.226ns
    Clock Pessimism Removal (CPR):    0.298ns
  Clock Uncertainty:      0.035ns  ((TSJ^2 + TIJ^2)^1/2 + DJ) / 2 + PE
    Total System Jitter     (TSJ):    0.071ns
    Total Input Jitter      (TIJ):    0.000ns
    Discrete Jitter          (DJ):    0.000ns
    Phase Error              (PE):    0.000ns

    Location             Delay type                Incr(ns)  Path(ns)    Netlist Resource(s)
  -------------------------------------------------------------------    -------------------
                         (clock sys_clk rise edge)    0.000     0.000 r  
    N11                                               0.000     0.000 r  i_clk (IN)
                         net (fo=0)                   0.000     0.000    i_clk
    N11                  IBUF (Prop_ibuf_I_O)         1.519     1.519 r  i_clk_IBUF_inst/O
                         net (fo=1, routed)           1.972     3.490    i_clk_IBUF
    BUFGCTRL_X0Y0        BUFG (Prop_bufg_I_O)         0.096     3.586 r  i_clk_IBUF_BUFG_inst/O
                         net (fo=6, routed)           1.639     5.226    i_clk_IBUF_BUFG
    SLICE_X64Y49         FDRE                                         r  FSM_sequential_p_state_reg[0]/C
  -------------------------------------------------------------------    -------------------
    SLICE_X64Y49         FDRE (Prop_fdre_C_Q)         0.518     5.744 r  FSM_sequential_p_state_reg[0]/Q
                         net (fo=4, routed)           0.905     6.648    p_state[0]
    SLICE_X64Y49         LUT5 (Prop_lut5_I1_O)        0.124     6.772 r  FSM_sequential_p_state[1]_i_1/O
                         net (fo=1, routed)           0.000     6.772    FSM_sequential_p_state[1]_i_1_n_0
    SLICE_X64Y49         FDRE                                         r  FSM_sequential_p_state_reg[1]/D
  -------------------------------------------------------------------    -------------------

                         (clock sys_clk rise edge)   20.000    20.000 r  
    N11                                               0.000    20.000 r  i_clk (IN)
                         net (fo=0)                   0.000    20.000    i_clk
    N11                  IBUF (Prop_ibuf_I_O)         1.448    21.448 r  i_clk_IBUF_inst/O
                         net (fo=1, routed)           1.868    23.316    i_clk_IBUF
    BUFGCTRL_X0Y0        BUFG (Prop_bufg_I_O)         0.091    23.407 r  i_clk_IBUF_BUFG_inst/O
                         net (fo=6, routed)           1.520    24.927    i_clk_IBUF_BUFG
    SLICE_X64Y49         FDRE                                         r  FSM_sequential_p_state_reg[1]/C
                         clock pessimism              0.298    25.226    
                         clock uncertainty           -0.035    25.190    
    SLICE_X64Y49         FDRE (Setup_fdre_C_D)        0.077    25.267    FSM_sequential_p_state_reg[1]
  -------------------------------------------------------------------
                         required time                         25.267    
                         arrival time                          -6.772    
  -------------------------------------------------------------------
                         slack                                 18.495    

Slack (MET) :             18.509ns  (required time - arrival time)
  Source:                 FSM_sequential_p_state_reg[0]/C
                            (rising edge-triggered cell FDRE clocked by sys_clk  {rise@0.000ns fall@10.000ns period=20.000ns})
  Destination:            FSM_sequential_p_state_reg[2]/D
                            (rising edge-triggered cell FDRE clocked by sys_clk  {rise@0.000ns fall@10.000ns period=20.000ns})
  Path Group:             sys_clk
  Path Type:              Setup (Max at Slow Process Corner)
  Requirement:            20.000ns  (sys_clk rise@20.000ns - sys_clk rise@0.000ns)
  Data Path Delay:        1.537ns  (logic 0.642ns (41.782%)  route 0.895ns (58.218%))
  Logic Levels:           1  (LUT5=1)
  Clock Path Skew:        0.000ns (DCD - SCD + CPR)
    Destination Clock Delay (DCD):    4.927ns = ( 24.927 - 20.000 ) 
    Source Clock Delay      (SCD):    5.226ns
    Clock Pessimism Removal (CPR):    0.298ns
  Clock Uncertainty:      0.035ns  ((TSJ^2 + TIJ^2)^1/2 + DJ) / 2 + PE
    Total System Jitter     (TSJ):    0.071ns
    Total Input Jitter      (TIJ):    0.000ns
    Discrete Jitter          (DJ):    0.000ns
    Phase Error              (PE):    0.000ns

    Location             Delay type                Incr(ns)  Path(ns)    Netlist Resource(s)
  -------------------------------------------------------------------    -------------------
                         (clock sys_clk rise edge)    0.000     0.000 r  
    N11                                               0.000     0.000 r  i_clk (IN)
                         net (fo=0)                   0.000     0.000    i_clk
    N11                  IBUF (Prop_ibuf_I_O)         1.519     1.519 r  i_clk_IBUF_inst/O
                         net (fo=1, routed)           1.972     3.490    i_clk_IBUF
    BUFGCTRL_X0Y0        BUFG (Prop_bufg_I_O)         0.096     3.586 r  i_clk_IBUF_BUFG_inst/O
                         net (fo=6, routed)           1.639     5.226    i_clk_IBUF_BUFG
    SLICE_X64Y49         FDRE                                         r  FSM_sequential_p_state_reg[0]/C
  -------------------------------------------------------------------    -------------------
    SLICE_X64Y49         FDRE (Prop_fdre_C_Q)         0.518     5.744 r  FSM_sequential_p_state_reg[0]/Q
                         net (fo=4, routed)           0.895     6.638    p_state[0]
    SLICE_X64Y49         LUT5 (Prop_lut5_I3_O)        0.124     6.762 r  FSM_sequential_p_state[2]_i_1/O
                         net (fo=1, routed)           0.000     6.762    FSM_sequential_p_state[2]_i_1_n_0
    SLICE_X64Y49         FDRE                                         r  FSM_sequential_p_state_reg[2]/D
  -------------------------------------------------------------------    -------------------

                         (clock sys_clk rise edge)   20.000    20.000 r  
    N11                                               0.000    20.000 r  i_clk (IN)
                         net (fo=0)                   0.000    20.000    i_clk
    N11                  IBUF (Prop_ibuf_I_O)         1.448    21.448 r  i_clk_IBUF_inst/O
                         net (fo=1, routed)           1.868    23.316    i_clk_IBUF
    BUFGCTRL_X0Y0        BUFG (Prop_bufg_I_O)         0.091    23.407 r  i_clk_IBUF_BUFG_inst/O
                         net (fo=6, routed)           1.520    24.927    i_clk_IBUF_BUFG
    SLICE_X64Y49         FDRE                                         r  FSM_sequential_p_state_reg[2]/C
                         clock pessimism              0.298    25.226    
                         clock uncertainty           -0.035    25.190    
    SLICE_X64Y49         FDRE (Setup_fdre_C_D)        0.081    25.271    FSM_sequential_p_state_reg[2]
  -------------------------------------------------------------------
                         required time                         25.271    
                         arrival time                          -6.762    
  -------------------------------------------------------------------
                         slack                                 18.509    

Slack (MET) :             18.883ns  (required time - arrival time)
  Source:                 FSM_sequential_p_state_reg[2]/C
                            (rising edge-triggered cell FDRE clocked by sys_clk  {rise@0.000ns fall@10.000ns period=20.000ns})
  Destination:            o_seq_reg/D
                            (rising edge-triggered cell FDRE clocked by sys_clk  {rise@0.000ns fall@10.000ns period=20.000ns})
  Path Group:             sys_clk
  Path Type:              Setup (Max at Slow Process Corner)
  Requirement:            20.000ns  (sys_clk rise@20.000ns - sys_clk rise@0.000ns)
  Data Path Delay:        1.089ns  (logic 0.642ns (58.973%)  route 0.447ns (41.027%))
  Logic Levels:           1  (LUT3=1)
  Clock Path Skew:        -0.022ns (DCD - SCD + CPR)
    Destination Clock Delay (DCD):    4.927ns = ( 24.927 - 20.000 ) 
    Source Clock Delay      (SCD):    5.226ns
    Clock Pessimism Removal (CPR):    0.276ns
  Clock Uncertainty:      0.035ns  ((TSJ^2 + TIJ^2)^1/2 + DJ) / 2 + PE
    Total System Jitter     (TSJ):    0.071ns
    Total Input Jitter      (TIJ):    0.000ns
    Discrete Jitter          (DJ):    0.000ns
    Phase Error              (PE):    0.000ns

    Location             Delay type                Incr(ns)  Path(ns)    Netlist Resource(s)
  -------------------------------------------------------------------    -------------------
                         (clock sys_clk rise edge)    0.000     0.000 r  
    N11                                               0.000     0.000 r  i_clk (IN)
                         net (fo=0)                   0.000     0.000    i_clk
    N11                  IBUF (Prop_ibuf_I_O)         1.519     1.519 r  i_clk_IBUF_inst/O
                         net (fo=1, routed)           1.972     3.490    i_clk_IBUF
    BUFGCTRL_X0Y0        BUFG (Prop_bufg_I_O)         0.096     3.586 r  i_clk_IBUF_BUFG_inst/O
                         net (fo=6, routed)           1.639     5.226    i_clk_IBUF_BUFG
    SLICE_X64Y49         FDRE                                         r  FSM_sequential_p_state_reg[2]/C
  -------------------------------------------------------------------    -------------------
    SLICE_X64Y49         FDRE (Prop_fdre_C_Q)         0.518     5.744 r  FSM_sequential_p_state_reg[2]/Q
                         net (fo=4, routed)           0.447     6.190    p_state[2]
    SLICE_X65Y49         LUT3 (Prop_lut3_I0_O)        0.124     6.314 r  o_seq_i_2/O
                         net (fo=1, routed)           0.000     6.314    out_reg
    SLICE_X65Y49         FDRE                                         r  o_seq_reg/D
  -------------------------------------------------------------------    -------------------

                         (clock sys_clk rise edge)   20.000    20.000 r  
    N11                                               0.000    20.000 r  i_clk (IN)
                         net (fo=0)                   0.000    20.000    i_clk
    N11                  IBUF (Prop_ibuf_I_O)         1.448    21.448 r  i_clk_IBUF_inst/O
                         net (fo=1, routed)           1.868    23.316    i_clk_IBUF
    BUFGCTRL_X0Y0        BUFG (Prop_bufg_I_O)         0.091    23.407 r  i_clk_IBUF_BUFG_inst/O
                         net (fo=6, routed)           1.520    24.927    i_clk_IBUF_BUFG
    SLICE_X65Y49         FDRE                                         r  o_seq_reg/C
                         clock pessimism              0.276    25.204    
                         clock uncertainty           -0.035    25.168    
    SLICE_X65Y49         FDRE (Setup_fdre_C_D)        0.029    25.197    o_seq_reg
  -------------------------------------------------------------------
                         required time                         25.197    
                         arrival time                          -6.314    
  -------------------------------------------------------------------
                         slack                                 18.883    

Slack (MET) :             19.118ns  (required time - arrival time)
  Source:                 rst_reg_reg[0]/C
                            (rising edge-triggered cell FDRE clocked by sys_clk  {rise@0.000ns fall@10.000ns period=20.000ns})
  Destination:            rst_reg_reg[1]/D
                            (rising edge-triggered cell FDRE clocked by sys_clk  {rise@0.000ns fall@10.000ns period=20.000ns})
  Path Group:             sys_clk
  Path Type:              Setup (Max at Slow Process Corner)
  Requirement:            20.000ns  (sys_clk rise@20.000ns - sys_clk rise@0.000ns)
  Data Path Delay:        0.875ns  (logic 0.718ns (82.019%)  route 0.157ns (17.981%))
  Logic Levels:           1  (LUT2=1)
  Clock Path Skew:        0.000ns (DCD - SCD + CPR)
    Destination Clock Delay (DCD):    4.927ns = ( 24.927 - 20.000 ) 
    Source Clock Delay      (SCD):    5.226ns
    Clock Pessimism Removal (CPR):    0.298ns
  Clock Uncertainty:      0.035ns  ((TSJ^2 + TIJ^2)^1/2 + DJ) / 2 + PE
    Total System Jitter     (TSJ):    0.071ns
    Total Input Jitter      (TIJ):    0.000ns
    Discrete Jitter          (DJ):    0.000ns
    Phase Error              (PE):    0.000ns

    Location             Delay type                Incr(ns)  Path(ns)    Netlist Resource(s)
  -------------------------------------------------------------------    -------------------
                         (clock sys_clk rise edge)    0.000     0.000 r  
    N11                                               0.000     0.000 r  i_clk (IN)
                         net (fo=0)                   0.000     0.000    i_clk
    N11                  IBUF (Prop_ibuf_I_O)         1.519     1.519 r  i_clk_IBUF_inst/O
                         net (fo=1, routed)           1.972     3.490    i_clk_IBUF
    BUFGCTRL_X0Y0        BUFG (Prop_bufg_I_O)         0.096     3.586 r  i_clk_IBUF_BUFG_inst/O
                         net (fo=6, routed)           1.639     5.226    i_clk_IBUF_BUFG
    SLICE_X65Y48         FDRE                                         r  rst_reg_reg[0]/C
  -------------------------------------------------------------------    -------------------
    SLICE_X65Y48         FDRE (Prop_fdre_C_Q)         0.419     5.645 r  rst_reg_reg[0]/Q
                         net (fo=1, routed)           0.157     5.802    rst_reg[0]
    SLICE_X65Y48         LUT2 (Prop_lut2_I0_O)        0.299     6.101 r  rst_reg[1]_i_1/O
                         net (fo=1, routed)           0.000     6.101    rst_reg[1]_i_1_n_0
    SLICE_X65Y48         FDRE                                         r  rst_reg_reg[1]/D
  -------------------------------------------------------------------    -------------------

                         (clock sys_clk rise edge)   20.000    20.000 r  
    N11                                               0.000    20.000 r  i_clk (IN)
                         net (fo=0)                   0.000    20.000    i_clk
    N11                  IBUF (Prop_ibuf_I_O)         1.448    21.448 r  i_clk_IBUF_inst/O
                         net (fo=1, routed)           1.868    23.316    i_clk_IBUF
    BUFGCTRL_X0Y0        BUFG (Prop_bufg_I_O)         0.091    23.407 r  i_clk_IBUF_BUFG_inst/O
                         net (fo=6, routed)           1.520    24.927    i_clk_IBUF_BUFG
    SLICE_X65Y48         FDRE                                         r  rst_reg_reg[1]/C
                         clock pessimism              0.298    25.226    
                         clock uncertainty           -0.035    25.190    
    SLICE_X65Y48         FDRE (Setup_fdre_C_D)        0.029    25.219    rst_reg_reg[1]
  -------------------------------------------------------------------
                         required time                         25.219    
                         arrival time                          -6.101    
  -------------------------------------------------------------------
                         slack                                 19.118    





Min Delay Paths
--------------------------------------------------------------------------------------
Slack (MET) :             0.178ns  (arrival time - required time)
  Source:                 FSM_sequential_p_state_reg[0]/C
                            (rising edge-triggered cell FDRE clocked by sys_clk  {rise@0.000ns fall@10.000ns period=20.000ns})
  Destination:            o_seq_reg/D
                            (rising edge-triggered cell FDRE clocked by sys_clk  {rise@0.000ns fall@10.000ns period=20.000ns})
  Path Group:             sys_clk
  Path Type:              Hold (Min at Fast Process Corner)
  Requirement:            0.000ns  (sys_clk rise@0.000ns - sys_clk rise@0.000ns)
  Data Path Delay:        0.282ns  (logic 0.209ns (74.086%)  route 0.073ns (25.914%))
  Logic Levels:           1  (LUT3=1)
  Clock Path Skew:        0.013ns (DCD - SCD - CPR)
    Destination Clock Delay (DCD):    2.059ns
    Source Clock Delay      (SCD):    1.542ns
    Clock Pessimism Removal (CPR):    0.504ns

    Location             Delay type                Incr(ns)  Path(ns)    Netlist Resource(s)
  -------------------------------------------------------------------    -------------------
                         (clock sys_clk rise edge)    0.000     0.000 r  
    N11                                               0.000     0.000 r  i_clk (IN)
                         net (fo=0)                   0.000     0.000    i_clk
    N11                  IBUF (Prop_ibuf_I_O)         0.286     0.286 r  i_clk_IBUF_inst/O
                         net (fo=1, routed)           0.634     0.920    i_clk_IBUF
    BUFGCTRL_X0Y0        BUFG (Prop_bufg_I_O)         0.026     0.946 r  i_clk_IBUF_BUFG_inst/O
                         net (fo=6, routed)           0.596     1.542    i_clk_IBUF_BUFG
    SLICE_X64Y49         FDRE                                         r  FSM_sequential_p_state_reg[0]/C
  -------------------------------------------------------------------    -------------------
    SLICE_X64Y49         FDRE (Prop_fdre_C_Q)         0.164     1.706 f  FSM_sequential_p_state_reg[0]/Q
                         net (fo=4, routed)           0.073     1.779    p_state[0]
    SLICE_X65Y49         LUT3 (Prop_lut3_I1_O)        0.045     1.824 r  o_seq_i_2/O
                         net (fo=1, routed)           0.000     1.824    out_reg
    SLICE_X65Y49         FDRE                                         r  o_seq_reg/D
  -------------------------------------------------------------------    -------------------

                         (clock sys_clk rise edge)    0.000     0.000 r  
    N11                                               0.000     0.000 r  i_clk (IN)
                         net (fo=0)                   0.000     0.000    i_clk
    N11                  IBUF (Prop_ibuf_I_O)         0.475     0.475 r  i_clk_IBUF_inst/O
                         net (fo=1, routed)           0.689     1.163    i_clk_IBUF
    BUFGCTRL_X0Y0        BUFG (Prop_bufg_I_O)         0.029     1.192 r  i_clk_IBUF_BUFG_inst/O
                         net (fo=6, routed)           0.867     2.059    i_clk_IBUF_BUFG
    SLICE_X65Y49         FDRE                                         r  o_seq_reg/C
                         clock pessimism             -0.504     1.555    
    SLICE_X65Y49         FDRE (Hold_fdre_C_D)         0.091     1.646    o_seq_reg
  -------------------------------------------------------------------
                         required time                         -1.646    
                         arrival time                           1.824    
  -------------------------------------------------------------------
                         slack                                  0.178    

Slack (MET) :             0.190ns  (arrival time - required time)
  Source:                 rst_reg_reg[0]/C
                            (rising edge-triggered cell FDRE clocked by sys_clk  {rise@0.000ns fall@10.000ns period=20.000ns})
  Destination:            rst_reg_reg[1]/D
                            (rising edge-triggered cell FDRE clocked by sys_clk  {rise@0.000ns fall@10.000ns period=20.000ns})
  Path Group:             sys_clk
  Path Type:              Hold (Min at Fast Process Corner)
  Requirement:            0.000ns  (sys_clk rise@0.000ns - sys_clk rise@0.000ns)
  Data Path Delay:        0.281ns  (logic 0.227ns (80.665%)  route 0.054ns (19.335%))
  Logic Levels:           1  (LUT2=1)
  Clock Path Skew:        0.000ns (DCD - SCD - CPR)
    Destination Clock Delay (DCD):    2.059ns
    Source Clock Delay      (SCD):    1.542ns
    Clock Pessimism Removal (CPR):    0.517ns

    Location             Delay type                Incr(ns)  Path(ns)    Netlist Resource(s)
  -------------------------------------------------------------------    -------------------
                         (clock sys_clk rise edge)    0.000     0.000 r  
    N11                                               0.000     0.000 r  i_clk (IN)
                         net (fo=0)                   0.000     0.000    i_clk
    N11                  IBUF (Prop_ibuf_I_O)         0.286     0.286 r  i_clk_IBUF_inst/O
                         net (fo=1, routed)           0.634     0.920    i_clk_IBUF
    BUFGCTRL_X0Y0        BUFG (Prop_bufg_I_O)         0.026     0.946 r  i_clk_IBUF_BUFG_inst/O
                         net (fo=6, routed)           0.596     1.542    i_clk_IBUF_BUFG
    SLICE_X65Y48         FDRE                                         r  rst_reg_reg[0]/C
  -------------------------------------------------------------------    -------------------
    SLICE_X65Y48         FDRE (Prop_fdre_C_Q)         0.128     1.670 r  rst_reg_reg[0]/Q
                         net (fo=1, routed)           0.054     1.724    rst_reg[0]
    SLICE_X65Y48         LUT2 (Prop_lut2_I0_O)        0.099     1.823 r  rst_reg[1]_i_1/O
                         net (fo=1, routed)           0.000     1.823    rst_reg[1]_i_1_n_0
    SLICE_X65Y48         FDRE                                         r  rst_reg_reg[1]/D
  -------------------------------------------------------------------    -------------------

                         (clock sys_clk rise edge)    0.000     0.000 r  
    N11                                               0.000     0.000 r  i_clk (IN)
                         net (fo=0)                   0.000     0.000    i_clk
    N11                  IBUF (Prop_ibuf_I_O)         0.475     0.475 r  i_clk_IBUF_inst/O
                         net (fo=1, routed)           0.689     1.163    i_clk_IBUF
    BUFGCTRL_X0Y0        BUFG (Prop_bufg_I_O)         0.029     1.192 r  i_clk_IBUF_BUFG_inst/O
                         net (fo=6, routed)           0.867     2.059    i_clk_IBUF_BUFG
    SLICE_X65Y48         FDRE                                         r  rst_reg_reg[1]/C
                         clock pessimism             -0.517     1.542    
    SLICE_X65Y48         FDRE (Hold_fdre_C_D)         0.091     1.633    rst_reg_reg[1]
  -------------------------------------------------------------------
                         required time                         -1.633    
                         arrival time                           1.823    
  -------------------------------------------------------------------
                         slack                                  0.190    

Slack (MET) :             0.220ns  (arrival time - required time)
  Source:                 rst_reg_reg[1]/C
                            (rising edge-triggered cell FDRE clocked by sys_clk  {rise@0.000ns fall@10.000ns period=20.000ns})
  Destination:            FSM_sequential_p_state_reg[1]/D
                            (rising edge-triggered cell FDRE clocked by sys_clk  {rise@0.000ns fall@10.000ns period=20.000ns})
  Path Group:             sys_clk
  Path Type:              Hold (Min at Fast Process Corner)
  Requirement:            0.000ns  (sys_clk rise@0.000ns - sys_clk rise@0.000ns)
  Data Path Delay:        0.356ns  (logic 0.186ns (52.205%)  route 0.170ns (47.795%))
  Logic Levels:           1  (LUT5=1)
  Clock Path Skew:        0.016ns (DCD - SCD - CPR)
    Destination Clock Delay (DCD):    2.059ns
    Source Clock Delay      (SCD):    1.542ns
    Clock Pessimism Removal (CPR):    0.501ns

    Location             Delay type                Incr(ns)  Path(ns)    Netlist Resource(s)
  -------------------------------------------------------------------    -------------------
                         (clock sys_clk rise edge)    0.000     0.000 r  
    N11                                               0.000     0.000 r  i_clk (IN)
                         net (fo=0)                   0.000     0.000    i_clk
    N11                  IBUF (Prop_ibuf_I_O)         0.286     0.286 r  i_clk_IBUF_inst/O
                         net (fo=1, routed)           0.634     0.920    i_clk_IBUF
    BUFGCTRL_X0Y0        BUFG (Prop_bufg_I_O)         0.026     0.946 r  i_clk_IBUF_BUFG_inst/O
                         net (fo=6, routed)           0.596     1.542    i_clk_IBUF_BUFG
    SLICE_X65Y48         FDRE                                         r  rst_reg_reg[1]/C
  -------------------------------------------------------------------    -------------------
    SLICE_X65Y48         FDRE (Prop_fdre_C_Q)         0.141     1.683 r  rst_reg_reg[1]/Q
                         net (fo=4, routed)           0.170     1.853    rst_reg[1]
    SLICE_X64Y49         LUT5 (Prop_lut5_I4_O)        0.045     1.898 r  FSM_sequential_p_state[1]_i_1/O
                         net (fo=1, routed)           0.000     1.898    FSM_sequential_p_state[1]_i_1_n_0
    SLICE_X64Y49         FDRE                                         r  FSM_sequential_p_state_reg[1]/D
  -------------------------------------------------------------------    -------------------

                         (clock sys_clk rise edge)    0.000     0.000 r  
    N11                                               0.000     0.000 r  i_clk (IN)
                         net (fo=0)                   0.000     0.000    i_clk
    N11                  IBUF (Prop_ibuf_I_O)         0.475     0.475 r  i_clk_IBUF_inst/O
                         net (fo=1, routed)           0.689     1.163    i_clk_IBUF
    BUFGCTRL_X0Y0        BUFG (Prop_bufg_I_O)         0.029     1.192 r  i_clk_IBUF_BUFG_inst/O
                         net (fo=6, routed)           0.867     2.059    i_clk_IBUF_BUFG
    SLICE_X64Y49         FDRE                                         r  FSM_sequential_p_state_reg[1]/C
                         clock pessimism             -0.501     1.558    
    SLICE_X64Y49         FDRE (Hold_fdre_C_D)         0.120     1.678    FSM_sequential_p_state_reg[1]
  -------------------------------------------------------------------
                         required time                         -1.678    
                         arrival time                           1.898    
  -------------------------------------------------------------------
                         slack                                  0.220    

Slack (MET) :             0.223ns  (arrival time - required time)
  Source:                 rst_reg_reg[1]/C
                            (rising edge-triggered cell FDRE clocked by sys_clk  {rise@0.000ns fall@10.000ns period=20.000ns})
  Destination:            FSM_sequential_p_state_reg[2]/D
                            (rising edge-triggered cell FDRE clocked by sys_clk  {rise@0.000ns fall@10.000ns period=20.000ns})
  Path Group:             sys_clk
  Path Type:              Hold (Min at Fast Process Corner)
  Requirement:            0.000ns  (sys_clk rise@0.000ns - sys_clk rise@0.000ns)
  Data Path Delay:        0.360ns  (logic 0.186ns (51.626%)  route 0.174ns (48.374%))
  Logic Levels:           1  (LUT5=1)
  Clock Path Skew:        0.016ns (DCD - SCD - CPR)
    Destination Clock Delay (DCD):    2.059ns
    Source Clock Delay      (SCD):    1.542ns
    Clock Pessimism Removal (CPR):    0.501ns

    Location             Delay type                Incr(ns)  Path(ns)    Netlist Resource(s)
  -------------------------------------------------------------------    -------------------
                         (clock sys_clk rise edge)    0.000     0.000 r  
    N11                                               0.000     0.000 r  i_clk (IN)
                         net (fo=0)                   0.000     0.000    i_clk
    N11                  IBUF (Prop_ibuf_I_O)         0.286     0.286 r  i_clk_IBUF_inst/O
                         net (fo=1, routed)           0.634     0.920    i_clk_IBUF
    BUFGCTRL_X0Y0        BUFG (Prop_bufg_I_O)         0.026     0.946 r  i_clk_IBUF_BUFG_inst/O
                         net (fo=6, routed)           0.596     1.542    i_clk_IBUF_BUFG
    SLICE_X65Y48         FDRE                                         r  rst_reg_reg[1]/C
  -------------------------------------------------------------------    -------------------
    SLICE_X65Y48         FDRE (Prop_fdre_C_Q)         0.141     1.683 r  rst_reg_reg[1]/Q
                         net (fo=4, routed)           0.174     1.857    rst_reg[1]
    SLICE_X64Y49         LUT5 (Prop_lut5_I4_O)        0.045     1.902 r  FSM_sequential_p_state[2]_i_1/O
                         net (fo=1, routed)           0.000     1.902    FSM_sequential_p_state[2]_i_1_n_0
    SLICE_X64Y49         FDRE                                         r  FSM_sequential_p_state_reg[2]/D
  -------------------------------------------------------------------    -------------------

                         (clock sys_clk rise edge)    0.000     0.000 r  
    N11                                               0.000     0.000 r  i_clk (IN)
                         net (fo=0)                   0.000     0.000    i_clk
    N11                  IBUF (Prop_ibuf_I_O)         0.475     0.475 r  i_clk_IBUF_inst/O
                         net (fo=1, routed)           0.689     1.163    i_clk_IBUF
    BUFGCTRL_X0Y0        BUFG (Prop_bufg_I_O)         0.029     1.192 r  i_clk_IBUF_BUFG_inst/O
                         net (fo=6, routed)           0.867     2.059    i_clk_IBUF_BUFG
    SLICE_X64Y49         FDRE                                         r  FSM_sequential_p_state_reg[2]/C
                         clock pessimism             -0.501     1.558    
    SLICE_X64Y49         FDRE (Hold_fdre_C_D)         0.121     1.679    FSM_sequential_p_state_reg[2]
  -------------------------------------------------------------------
                         required time                         -1.679    
                         arrival time                           1.902    
  -------------------------------------------------------------------
                         slack                                  0.223    

Slack (MET) :             0.331ns  (arrival time - required time)
  Source:                 FSM_sequential_p_state_reg[0]/C
                            (rising edge-triggered cell FDRE clocked by sys_clk  {rise@0.000ns fall@10.000ns period=20.000ns})
  Destination:            FSM_sequential_p_state_reg[0]/D
                            (rising edge-triggered cell FDRE clocked by sys_clk  {rise@0.000ns fall@10.000ns period=20.000ns})
  Path Group:             sys_clk
  Path Type:              Hold (Min at Fast Process Corner)
  Requirement:            0.000ns  (sys_clk rise@0.000ns - sys_clk rise@0.000ns)
  Data Path Delay:        0.452ns  (logic 0.209ns (46.228%)  route 0.243ns (53.772%))
  Logic Levels:           1  (LUT5=1)
  Clock Path Skew:        0.000ns (DCD - SCD - CPR)
    Destination Clock Delay (DCD):    2.059ns
    Source Clock Delay      (SCD):    1.542ns
    Clock Pessimism Removal (CPR):    0.517ns

    Location             Delay type                Incr(ns)  Path(ns)    Netlist Resource(s)
  -------------------------------------------------------------------    -------------------
                         (clock sys_clk rise edge)    0.000     0.000 r  
    N11                                               0.000     0.000 r  i_clk (IN)
                         net (fo=0)                   0.000     0.000    i_clk
    N11                  IBUF (Prop_ibuf_I_O)         0.286     0.286 r  i_clk_IBUF_inst/O
                         net (fo=1, routed)           0.634     0.920    i_clk_IBUF
    BUFGCTRL_X0Y0        BUFG (Prop_bufg_I_O)         0.026     0.946 r  i_clk_IBUF_BUFG_inst/O
                         net (fo=6, routed)           0.596     1.542    i_clk_IBUF_BUFG
    SLICE_X64Y49         FDRE                                         r  FSM_sequential_p_state_reg[0]/C
  -------------------------------------------------------------------    -------------------
    SLICE_X64Y49         FDRE (Prop_fdre_C_Q)         0.164     1.706 f  FSM_sequential_p_state_reg[0]/Q
                         net (fo=4, routed)           0.243     1.949    p_state[0]
    SLICE_X64Y49         LUT5 (Prop_lut5_I3_O)        0.045     1.994 r  FSM_sequential_p_state[0]_i_1/O
                         net (fo=1, routed)           0.000     1.994    FSM_sequential_p_state[0]_i_1_n_0
    SLICE_X64Y49         FDRE                                         r  FSM_sequential_p_state_reg[0]/D
  -------------------------------------------------------------------    -------------------

                         (clock sys_clk rise edge)    0.000     0.000 r  
    N11                                               0.000     0.000 r  i_clk (IN)
                         net (fo=0)                   0.000     0.000    i_clk
    N11                  IBUF (Prop_ibuf_I_O)         0.475     0.475 r  i_clk_IBUF_inst/O
                         net (fo=1, routed)           0.689     1.163    i_clk_IBUF
    BUFGCTRL_X0Y0        BUFG (Prop_bufg_I_O)         0.029     1.192 r  i_clk_IBUF_BUFG_inst/O
                         net (fo=6, routed)           0.867     2.059    i_clk_IBUF_BUFG
    SLICE_X64Y49         FDRE                                         r  FSM_sequential_p_state_reg[0]/C
                         clock pessimism             -0.517     1.542    
    SLICE_X64Y49         FDRE (Hold_fdre_C_D)         0.121     1.663    FSM_sequential_p_state_reg[0]
  -------------------------------------------------------------------
                         required time                         -1.663    
                         arrival time                           1.994    
  -------------------------------------------------------------------
                         slack                                  0.331    

Slack (MET) :             0.473ns  (arrival time - required time)
  Source:                 rst_reg_reg[1]/C
                            (rising edge-triggered cell FDRE clocked by sys_clk  {rise@0.000ns fall@10.000ns period=20.000ns})
  Destination:            o_seq_reg/R
                            (rising edge-triggered cell FDRE clocked by sys_clk  {rise@0.000ns fall@10.000ns period=20.000ns})
  Path Group:             sys_clk
  Path Type:              Hold (Min at Fast Process Corner)
  Requirement:            0.000ns  (sys_clk rise@0.000ns - sys_clk rise@0.000ns)
  Data Path Delay:        0.471ns  (logic 0.186ns (39.455%)  route 0.285ns (60.545%))
  Logic Levels:           1  (LUT1=1)
  Clock Path Skew:        0.016ns (DCD - SCD - CPR)
    Destination Clock Delay (DCD):    2.059ns
    Source Clock Delay      (SCD):    1.542ns
    Clock Pessimism Removal (CPR):    0.501ns

    Location             Delay type                Incr(ns)  Path(ns)    Netlist Resource(s)
  -------------------------------------------------------------------    -------------------
                         (clock sys_clk rise edge)    0.000     0.000 r  
    N11                                               0.000     0.000 r  i_clk (IN)
                         net (fo=0)                   0.000     0.000    i_clk
    N11                  IBUF (Prop_ibuf_I_O)         0.286     0.286 r  i_clk_IBUF_inst/O
                         net (fo=1, routed)           0.634     0.920    i_clk_IBUF
    BUFGCTRL_X0Y0        BUFG (Prop_bufg_I_O)         0.026     0.946 r  i_clk_IBUF_BUFG_inst/O
                         net (fo=6, routed)           0.596     1.542    i_clk_IBUF_BUFG
    SLICE_X65Y48         FDRE                                         r  rst_reg_reg[1]/C
  -------------------------------------------------------------------    -------------------
    SLICE_X65Y48         FDRE (Prop_fdre_C_Q)         0.141     1.683 f  rst_reg_reg[1]/Q
                         net (fo=4, routed)           0.166     1.849    rst_reg[1]
    SLICE_X65Y49         LUT1 (Prop_lut1_I0_O)        0.045     1.894 r  o_seq_i_1/O
                         net (fo=1, routed)           0.119     2.013    o_seq_i_1_n_0
    SLICE_X65Y49         FDRE                                         r  o_seq_reg/R
  -------------------------------------------------------------------    -------------------

                         (clock sys_clk rise edge)    0.000     0.000 r  
    N11                                               0.000     0.000 r  i_clk (IN)
                         net (fo=0)                   0.000     0.000    i_clk
    N11                  IBUF (Prop_ibuf_I_O)         0.475     0.475 r  i_clk_IBUF_inst/O
                         net (fo=1, routed)           0.689     1.163    i_clk_IBUF
    BUFGCTRL_X0Y0        BUFG (Prop_bufg_I_O)         0.029     1.192 r  i_clk_IBUF_BUFG_inst/O
                         net (fo=6, routed)           0.867     2.059    i_clk_IBUF_BUFG
    SLICE_X65Y49         FDRE                                         r  o_seq_reg/C
                         clock pessimism             -0.501     1.558    
    SLICE_X65Y49         FDRE (Hold_fdre_C_R)        -0.018     1.540    o_seq_reg
  -------------------------------------------------------------------
                         required time                         -1.540    
                         arrival time                           2.013    
  -------------------------------------------------------------------
                         slack                                  0.473    





Pulse Width Checks
--------------------------------------------------------------------------------------
Clock Name:         sys_clk
Waveform(ns):       { 0.000 10.000 }
Period(ns):         20.000
Sources:            { i_clk }

Check Type        Corner  Lib Pin  Reference Pin  Required(ns)  Actual(ns)  Slack(ns)  Location       Pin
Min Period        n/a     BUFG/I   n/a            2.155         20.000      17.845     BUFGCTRL_X0Y0  i_clk_IBUF_BUFG_inst/I
Min Period        n/a     FDRE/C   n/a            1.000         20.000      19.000     SLICE_X64Y49   FSM_sequential_p_state_reg[0]/C
Min Period        n/a     FDRE/C   n/a            1.000         20.000      19.000     SLICE_X64Y49   FSM_sequential_p_state_reg[1]/C
Min Period        n/a     FDRE/C   n/a            1.000         20.000      19.000     SLICE_X64Y49   FSM_sequential_p_state_reg[2]/C
Min Period        n/a     FDRE/C   n/a            1.000         20.000      19.000     SLICE_X65Y49   o_seq_reg/C
Min Period        n/a     FDRE/C   n/a            1.000         20.000      19.000     SLICE_X65Y48   rst_reg_reg[0]/C
Min Period        n/a     FDRE/C   n/a            1.000         20.000      19.000     SLICE_X65Y48   rst_reg_reg[1]/C
Low Pulse Width   Slow    FDRE/C   n/a            0.500         10.000      9.500      SLICE_X64Y49   FSM_sequential_p_state_reg[0]/C
Low Pulse Width   Fast    FDRE/C   n/a            0.500         10.000      9.500      SLICE_X64Y49   FSM_sequential_p_state_reg[0]/C
Low Pulse Width   Slow    FDRE/C   n/a            0.500         10.000      9.500      SLICE_X64Y49   FSM_sequential_p_state_reg[1]/C
Low Pulse Width   Fast    FDRE/C   n/a            0.500         10.000      9.500      SLICE_X64Y49   FSM_sequential_p_state_reg[1]/C
Low Pulse Width   Slow    FDRE/C   n/a            0.500         10.000      9.500      SLICE_X64Y49   FSM_sequential_p_state_reg[2]/C
Low Pulse Width   Fast    FDRE/C   n/a            0.500         10.000      9.500      SLICE_X64Y49   FSM_sequential_p_state_reg[2]/C
Low Pulse Width   Slow    FDRE/C   n/a            0.500         10.000      9.500      SLICE_X65Y49   o_seq_reg/C
Low Pulse Width   Fast    FDRE/C   n/a            0.500         10.000      9.500      SLICE_X65Y49   o_seq_reg/C
Low Pulse Width   Slow    FDRE/C   n/a            0.500         10.000      9.500      SLICE_X65Y48   rst_reg_reg[0]/C
Low Pulse Width   Fast    FDRE/C   n/a            0.500         10.000      9.500      SLICE_X65Y48   rst_reg_reg[0]/C
High Pulse Width  Slow    FDRE/C   n/a            0.500         10.000      9.500      SLICE_X64Y49   FSM_sequential_p_state_reg[0]/C
High Pulse Width  Fast    FDRE/C   n/a            0.500         10.000      9.500      SLICE_X64Y49   FSM_sequential_p_state_reg[0]/C
High Pulse Width  Slow    FDRE/C   n/a            0.500         10.000      9.500      SLICE_X64Y49   FSM_sequential_p_state_reg[1]/C
High Pulse Width  Fast    FDRE/C   n/a            0.500         10.000      9.500      SLICE_X64Y49   FSM_sequential_p_state_reg[1]/C
High Pulse Width  Slow    FDRE/C   n/a            0.500         10.000      9.500      SLICE_X64Y49   FSM_sequential_p_state_reg[2]/C
High Pulse Width  Fast    FDRE/C   n/a            0.500         10.000      9.500      SLICE_X64Y49   FSM_sequential_p_state_reg[2]/C
High Pulse Width  Slow    FDRE/C   n/a            0.500         10.000      9.500      SLICE_X65Y49   o_seq_reg/C
High Pulse Width  Fast    FDRE/C   n/a            0.500         10.000      9.500      SLICE_X65Y49   o_seq_reg/C
High Pulse Width  Slow    FDRE/C   n/a            0.500         10.000      9.500      SLICE_X65Y48   rst_reg_reg[0]/C
High Pulse Width  Fast    FDRE/C   n/a            0.500         10.000      9.500      SLICE_X65Y48   rst_reg_reg[0]/C



--------------------------------------------------------------------------------------
Path Group:  (none)
From Clock:  sys_clk
  To Clock:  

Max Delay             1 Endpoint
Min Delay             1 Endpoint
--------------------------------------------------------------------------------------


Max Delay Paths
--------------------------------------------------------------------------------------
Slack:                    inf
  Source:                 o_seq_reg/C
                            (rising edge-triggered cell FDRE clocked by sys_clk  {rise@0.000ns fall@10.000ns period=20.000ns})
  Destination:            o_seq
                            (output port)
  Path Group:             (none)
  Path Type:              Max at Slow Process Corner
  Data Path Delay:        5.910ns  (logic 3.997ns (67.640%)  route 1.912ns (32.360%))
  Logic Levels:           1  (OBUF=1)
  Clock Uncertainty:      0.025ns  ((TSJ^2 + TIJ^2)^1/2 + DJ) / 2 + PE
    Total System Jitter     (TSJ):    0.050ns
    Total Input Jitter      (TIJ):    0.000ns
    Discrete Jitter          (DJ):    0.000ns
    Phase Error              (PE):    0.000ns

    Location             Delay type                Incr(ns)  Path(ns)    Netlist Resource(s)
  -------------------------------------------------------------------    -------------------
                         (clock sys_clk rise edge)    0.000     0.000 r  
    N11                                               0.000     0.000 r  i_clk (IN)
                         net (fo=0)                   0.000     0.000    i_clk
    N11                  IBUF (Prop_ibuf_I_O)         1.519     1.519 r  i_clk_IBUF_inst/O
                         net (fo=1, routed)           1.972     3.490    i_clk_IBUF
    BUFGCTRL_X0Y0        BUFG (Prop_bufg_I_O)         0.096     3.586 r  i_clk_IBUF_BUFG_inst/O
                         net (fo=6, routed)           1.639     5.226    i_clk_IBUF_BUFG
    SLICE_X65Y49         FDRE                                         r  o_seq_reg/C
  -------------------------------------------------------------------    -------------------
    SLICE_X65Y49         FDRE (Prop_fdre_C_Q)         0.456     5.682 r  o_seq_reg/Q
                         net (fo=1, routed)           1.912     7.594    o_seq_OBUF
    J3                   OBUF (Prop_obuf_I_O)         3.541    11.135 r  o_seq_OBUF_inst/O
                         net (fo=0)                   0.000    11.135    o_seq
    J3                                                                r  o_seq (OUT)
  -------------------------------------------------------------------    -------------------





Min Delay Paths
--------------------------------------------------------------------------------------
Slack:                    inf
  Source:                 o_seq_reg/C
                            (rising edge-triggered cell FDRE clocked by sys_clk  {rise@0.000ns fall@10.000ns period=20.000ns})
  Destination:            o_seq
                            (output port)
  Path Group:             (none)
  Path Type:              Min at Fast Process Corner
  Data Path Delay:        1.826ns  (logic 1.383ns (75.725%)  route 0.443ns (24.275%))
  Logic Levels:           1  (OBUF=1)
  Clock Uncertainty:      0.025ns  ((TSJ^2 + TIJ^2)^1/2 + DJ) / 2 + PE
    Total System Jitter     (TSJ):    0.050ns
    Total Input Jitter      (TIJ):    0.000ns
    Discrete Jitter          (DJ):    0.000ns
    Phase Error              (PE):    0.000ns

    Location             Delay type                Incr(ns)  Path(ns)    Netlist Resource(s)
  -------------------------------------------------------------------    -------------------
                         (clock sys_clk rise edge)    0.000     0.000 r  
    N11                                               0.000     0.000 r  i_clk (IN)
                         net (fo=0)                   0.000     0.000    i_clk
    N11                  IBUF (Prop_ibuf_I_O)         0.286     0.286 r  i_clk_IBUF_inst/O
                         net (fo=1, routed)           0.634     0.920    i_clk_IBUF
    BUFGCTRL_X0Y0        BUFG (Prop_bufg_I_O)         0.026     0.946 r  i_clk_IBUF_BUFG_inst/O
                         net (fo=6, routed)           0.596     1.542    i_clk_IBUF_BUFG
    SLICE_X65Y49         FDRE                                         r  o_seq_reg/C
  -------------------------------------------------------------------    -------------------
    SLICE_X65Y49         FDRE (Prop_fdre_C_Q)         0.141     1.683 r  o_seq_reg/Q
                         net (fo=1, routed)           0.443     2.126    o_seq_OBUF
    J3                   OBUF (Prop_obuf_I_O)         1.242     3.368 r  o_seq_OBUF_inst/O
                         net (fo=0)                   0.000     3.368    o_seq
    J3                                                                r  o_seq (OUT)
  -------------------------------------------------------------------    -------------------





--------------------------------------------------------------------------------------
Path Group:  (none)
From Clock:  
  To Clock:  sys_clk

Max Delay             5 Endpoints
Min Delay             5 Endpoints
--------------------------------------------------------------------------------------


Max Delay Paths
--------------------------------------------------------------------------------------
Slack:                    inf
  Source:                 i_in_seq
                            (input port)
  Destination:            FSM_sequential_p_state_reg[1]/D
                            (rising edge-triggered cell FDRE clocked by sys_clk  {rise@0.000ns fall@10.000ns period=20.000ns})
  Path Group:             (none)
  Path Type:              Setup (Max at Slow Process Corner)
  Data Path Delay:        2.980ns  (logic 1.579ns (52.995%)  route 1.401ns (47.005%))
  Logic Levels:           2  (IBUF=1 LUT5=1)
  Clock Path Skew:        4.927ns (DCD - SCD + CPR)
    Destination Clock Delay (DCD):    4.927ns
    Source Clock Delay      (SCD):    0.000ns
    Clock Pessimism Removal (CPR):    0.000ns
  Clock Uncertainty:      0.025ns  ((TSJ^2 + TIJ^2)^1/2 + DJ) / 2 + PE
    Total System Jitter     (TSJ):    0.050ns
    Total Input Jitter      (TIJ):    0.000ns
    Discrete Jitter          (DJ):    0.000ns
    Phase Error              (PE):    0.000ns

    Location             Delay type                Incr(ns)  Path(ns)    Netlist Resource(s)
  -------------------------------------------------------------------    -------------------
    L4                                                0.000     0.000 r  i_in_seq (IN)
                         net (fo=0)                   0.000     0.000    i_in_seq
    L4                   IBUF (Prop_ibuf_I_O)         1.455     1.455 r  i_in_seq_IBUF_inst/O
                         net (fo=3, routed)           1.401     2.856    i_in_seq_IBUF
    SLICE_X64Y49         LUT5 (Prop_lut5_I0_O)        0.124     2.980 r  FSM_sequential_p_state[1]_i_1/O
                         net (fo=1, routed)           0.000     2.980    FSM_sequential_p_state[1]_i_1_n_0
    SLICE_X64Y49         FDRE                                         r  FSM_sequential_p_state_reg[1]/D
  -------------------------------------------------------------------    -------------------

                         (clock sys_clk rise edge)    0.000     0.000 r  
    N11                                               0.000     0.000 r  i_clk (IN)
                         net (fo=0)                   0.000     0.000    i_clk
    N11                  IBUF (Prop_ibuf_I_O)         1.448     1.448 r  i_clk_IBUF_inst/O
                         net (fo=1, routed)           1.868     3.316    i_clk_IBUF
    BUFGCTRL_X0Y0        BUFG (Prop_bufg_I_O)         0.091     3.407 r  i_clk_IBUF_BUFG_inst/O
                         net (fo=6, routed)           1.520     4.927    i_clk_IBUF_BUFG
    SLICE_X64Y49         FDRE                                         r  FSM_sequential_p_state_reg[1]/C

Slack:                    inf
  Source:                 i_in_seq
                            (input port)
  Destination:            FSM_sequential_p_state_reg[2]/D
                            (rising edge-triggered cell FDRE clocked by sys_clk  {rise@0.000ns fall@10.000ns period=20.000ns})
  Path Group:             (none)
  Path Type:              Setup (Max at Slow Process Corner)
  Data Path Delay:        2.972ns  (logic 1.579ns (53.138%)  route 1.393ns (46.862%))
  Logic Levels:           2  (IBUF=1 LUT5=1)
  Clock Path Skew:        4.927ns (DCD - SCD + CPR)
    Destination Clock Delay (DCD):    4.927ns
    Source Clock Delay      (SCD):    0.000ns
    Clock Pessimism Removal (CPR):    0.000ns
  Clock Uncertainty:      0.025ns  ((TSJ^2 + TIJ^2)^1/2 + DJ) / 2 + PE
    Total System Jitter     (TSJ):    0.050ns
    Total Input Jitter      (TIJ):    0.000ns
    Discrete Jitter          (DJ):    0.000ns
    Phase Error              (PE):    0.000ns

    Location             Delay type                Incr(ns)  Path(ns)    Netlist Resource(s)
  -------------------------------------------------------------------    -------------------
    L4                                                0.000     0.000 r  i_in_seq (IN)
                         net (fo=0)                   0.000     0.000    i_in_seq
    L4                   IBUF (Prop_ibuf_I_O)         1.455     1.455 r  i_in_seq_IBUF_inst/O
                         net (fo=3, routed)           1.393     2.848    i_in_seq_IBUF
    SLICE_X64Y49         LUT5 (Prop_lut5_I2_O)        0.124     2.972 r  FSM_sequential_p_state[2]_i_1/O
                         net (fo=1, routed)           0.000     2.972    FSM_sequential_p_state[2]_i_1_n_0
    SLICE_X64Y49         FDRE                                         r  FSM_sequential_p_state_reg[2]/D
  -------------------------------------------------------------------    -------------------

                         (clock sys_clk rise edge)    0.000     0.000 r  
    N11                                               0.000     0.000 r  i_clk (IN)
                         net (fo=0)                   0.000     0.000    i_clk
    N11                  IBUF (Prop_ibuf_I_O)         1.448     1.448 r  i_clk_IBUF_inst/O
                         net (fo=1, routed)           1.868     3.316    i_clk_IBUF
    BUFGCTRL_X0Y0        BUFG (Prop_bufg_I_O)         0.091     3.407 r  i_clk_IBUF_BUFG_inst/O
                         net (fo=6, routed)           1.520     4.927    i_clk_IBUF_BUFG
    SLICE_X64Y49         FDRE                                         r  FSM_sequential_p_state_reg[2]/C

Slack:                    inf
  Source:                 i_rst_n
                            (input port)
  Destination:            rst_reg_reg[1]/D
                            (rising edge-triggered cell FDRE clocked by sys_clk  {rise@0.000ns fall@10.000ns period=20.000ns})
  Path Group:             (none)
  Path Type:              Setup (Max at Slow Process Corner)
  Data Path Delay:        2.943ns  (logic 1.564ns (53.124%)  route 1.380ns (46.876%))
  Logic Levels:           2  (IBUF=1 LUT2=1)
  Clock Path Skew:        4.927ns (DCD - SCD + CPR)
    Destination Clock Delay (DCD):    4.927ns
    Source Clock Delay      (SCD):    0.000ns
    Clock Pessimism Removal (CPR):    0.000ns
  Clock Uncertainty:      0.025ns  ((TSJ^2 + TIJ^2)^1/2 + DJ) / 2 + PE
    Total System Jitter     (TSJ):    0.050ns
    Total Input Jitter      (TIJ):    0.000ns
    Discrete Jitter          (DJ):    0.000ns
    Phase Error              (PE):    0.000ns

    Location             Delay type                Incr(ns)  Path(ns)    Netlist Resource(s)
  -------------------------------------------------------------------    -------------------
    L5                                                0.000     0.000 r  i_rst_n (IN)
                         net (fo=0)                   0.000     0.000    i_rst_n
    L5                   IBUF (Prop_ibuf_I_O)         1.440     1.440 r  i_rst_n_IBUF_inst/O
                         net (fo=2, routed)           1.380     2.819    i_rst_n_IBUF
    SLICE_X65Y48         LUT2 (Prop_lut2_I1_O)        0.124     2.943 r  rst_reg[1]_i_1/O
                         net (fo=1, routed)           0.000     2.943    rst_reg[1]_i_1_n_0
    SLICE_X65Y48         FDRE                                         r  rst_reg_reg[1]/D
  -------------------------------------------------------------------    -------------------

                         (clock sys_clk rise edge)    0.000     0.000 r  
    N11                                               0.000     0.000 r  i_clk (IN)
                         net (fo=0)                   0.000     0.000    i_clk
    N11                  IBUF (Prop_ibuf_I_O)         1.448     1.448 r  i_clk_IBUF_inst/O
                         net (fo=1, routed)           1.868     3.316    i_clk_IBUF
    BUFGCTRL_X0Y0        BUFG (Prop_bufg_I_O)         0.091     3.407 r  i_clk_IBUF_BUFG_inst/O
                         net (fo=6, routed)           1.520     4.927    i_clk_IBUF_BUFG
    SLICE_X65Y48         FDRE                                         r  rst_reg_reg[1]/C

Slack:                    inf
  Source:                 i_in_seq
                            (input port)
  Destination:            FSM_sequential_p_state_reg[0]/D
                            (rising edge-triggered cell FDRE clocked by sys_clk  {rise@0.000ns fall@10.000ns period=20.000ns})
  Path Group:             (none)
  Path Type:              Setup (Max at Slow Process Corner)
  Data Path Delay:        2.669ns  (logic 1.579ns (59.160%)  route 1.090ns (40.840%))
  Logic Levels:           2  (IBUF=1 LUT5=1)
  Clock Path Skew:        4.927ns (DCD - SCD + CPR)
    Destination Clock Delay (DCD):    4.927ns
    Source Clock Delay      (SCD):    0.000ns
    Clock Pessimism Removal (CPR):    0.000ns
  Clock Uncertainty:      0.025ns  ((TSJ^2 + TIJ^2)^1/2 + DJ) / 2 + PE
    Total System Jitter     (TSJ):    0.050ns
    Total Input Jitter      (TIJ):    0.000ns
    Discrete Jitter          (DJ):    0.000ns
    Phase Error              (PE):    0.000ns

    Location             Delay type                Incr(ns)  Path(ns)    Netlist Resource(s)
  -------------------------------------------------------------------    -------------------
    L4                                                0.000     0.000 r  i_in_seq (IN)
                         net (fo=0)                   0.000     0.000    i_in_seq
    L4                   IBUF (Prop_ibuf_I_O)         1.455     1.455 r  i_in_seq_IBUF_inst/O
                         net (fo=3, routed)           1.090     2.545    i_in_seq_IBUF
    SLICE_X64Y49         LUT5 (Prop_lut5_I2_O)        0.124     2.669 r  FSM_sequential_p_state[0]_i_1/O
                         net (fo=1, routed)           0.000     2.669    FSM_sequential_p_state[0]_i_1_n_0
    SLICE_X64Y49         FDRE                                         r  FSM_sequential_p_state_reg[0]/D
  -------------------------------------------------------------------    -------------------

                         (clock sys_clk rise edge)    0.000     0.000 r  
    N11                                               0.000     0.000 r  i_clk (IN)
                         net (fo=0)                   0.000     0.000    i_clk
    N11                  IBUF (Prop_ibuf_I_O)         1.448     1.448 r  i_clk_IBUF_inst/O
                         net (fo=1, routed)           1.868     3.316    i_clk_IBUF
    BUFGCTRL_X0Y0        BUFG (Prop_bufg_I_O)         0.091     3.407 r  i_clk_IBUF_BUFG_inst/O
                         net (fo=6, routed)           1.520     4.927    i_clk_IBUF_BUFG
    SLICE_X64Y49         FDRE                                         r  FSM_sequential_p_state_reg[0]/C

Slack:                    inf
  Source:                 i_rst_n
                            (input port)
  Destination:            rst_reg_reg[0]/D
                            (rising edge-triggered cell FDRE clocked by sys_clk  {rise@0.000ns fall@10.000ns period=20.000ns})
  Path Group:             (none)
  Path Type:              Setup (Max at Slow Process Corner)
  Data Path Delay:        2.493ns  (logic 1.440ns (57.742%)  route 1.054ns (42.258%))
  Logic Levels:           1  (IBUF=1)
  Clock Path Skew:        4.927ns (DCD - SCD + CPR)
    Destination Clock Delay (DCD):    4.927ns
    Source Clock Delay      (SCD):    0.000ns
    Clock Pessimism Removal (CPR):    0.000ns
  Clock Uncertainty:      0.025ns  ((TSJ^2 + TIJ^2)^1/2 + DJ) / 2 + PE
    Total System Jitter     (TSJ):    0.050ns
    Total Input Jitter      (TIJ):    0.000ns
    Discrete Jitter          (DJ):    0.000ns
    Phase Error              (PE):    0.000ns

    Location             Delay type                Incr(ns)  Path(ns)    Netlist Resource(s)
  -------------------------------------------------------------------    -------------------
    L5                                                0.000     0.000 r  i_rst_n (IN)
                         net (fo=0)                   0.000     0.000    i_rst_n
    L5                   IBUF (Prop_ibuf_I_O)         1.440     1.440 r  i_rst_n_IBUF_inst/O
                         net (fo=2, routed)           1.054     2.493    i_rst_n_IBUF
    SLICE_X65Y48         FDRE                                         r  rst_reg_reg[0]/D
  -------------------------------------------------------------------    -------------------

                         (clock sys_clk rise edge)    0.000     0.000 r  
    N11                                               0.000     0.000 r  i_clk (IN)
                         net (fo=0)                   0.000     0.000    i_clk
    N11                  IBUF (Prop_ibuf_I_O)         1.448     1.448 r  i_clk_IBUF_inst/O
                         net (fo=1, routed)           1.868     3.316    i_clk_IBUF
    BUFGCTRL_X0Y0        BUFG (Prop_bufg_I_O)         0.091     3.407 r  i_clk_IBUF_BUFG_inst/O
                         net (fo=6, routed)           1.520     4.927    i_clk_IBUF_BUFG
    SLICE_X65Y48         FDRE                                         r  rst_reg_reg[0]/C





Min Delay Paths
--------------------------------------------------------------------------------------
Slack:                    inf
  Source:                 i_rst_n
                            (input port)
  Destination:            rst_reg_reg[0]/D
                            (rising edge-triggered cell FDRE clocked by sys_clk  {rise@0.000ns fall@10.000ns period=20.000ns})
  Path Group:             (none)
  Path Type:              Hold (Min at Fast Process Corner)
  Data Path Delay:        0.617ns  (logic 0.208ns (33.659%)  route 0.410ns (66.341%))
  Logic Levels:           1  (IBUF=1)
  Clock Path Skew:        2.059ns (DCD - SCD - CPR)
    Destination Clock Delay (DCD):    2.059ns
    Source Clock Delay      (SCD):    0.000ns
    Clock Pessimism Removal (CPR):    -0.000ns

    Location             Delay type                Incr(ns)  Path(ns)    Netlist Resource(s)
  -------------------------------------------------------------------    -------------------
    L5                                                0.000     0.000 r  i_rst_n (IN)
                         net (fo=0)                   0.000     0.000    i_rst_n
    L5                   IBUF (Prop_ibuf_I_O)         0.208     0.208 r  i_rst_n_IBUF_inst/O
                         net (fo=2, routed)           0.410     0.617    i_rst_n_IBUF
    SLICE_X65Y48         FDRE                                         r  rst_reg_reg[0]/D
  -------------------------------------------------------------------    -------------------

                         (clock sys_clk rise edge)    0.000     0.000 r  
    N11                                               0.000     0.000 r  i_clk (IN)
                         net (fo=0)                   0.000     0.000    i_clk
    N11                  IBUF (Prop_ibuf_I_O)         0.475     0.475 r  i_clk_IBUF_inst/O
                         net (fo=1, routed)           0.689     1.163    i_clk_IBUF
    BUFGCTRL_X0Y0        BUFG (Prop_bufg_I_O)         0.029     1.192 r  i_clk_IBUF_BUFG_inst/O
                         net (fo=6, routed)           0.867     2.059    i_clk_IBUF_BUFG
    SLICE_X65Y48         FDRE                                         r  rst_reg_reg[0]/C

Slack:                    inf
  Source:                 i_in_seq
                            (input port)
  Destination:            FSM_sequential_p_state_reg[0]/D
                            (rising edge-triggered cell FDRE clocked by sys_clk  {rise@0.000ns fall@10.000ns period=20.000ns})
  Path Group:             (none)
  Path Type:              Hold (Min at Fast Process Corner)
  Data Path Delay:        0.692ns  (logic 0.268ns (38.741%)  route 0.424ns (61.259%))
  Logic Levels:           2  (IBUF=1 LUT5=1)
  Clock Path Skew:        2.059ns (DCD - SCD - CPR)
    Destination Clock Delay (DCD):    2.059ns
    Source Clock Delay      (SCD):    0.000ns
    Clock Pessimism Removal (CPR):    -0.000ns

    Location             Delay type                Incr(ns)  Path(ns)    Netlist Resource(s)
  -------------------------------------------------------------------    -------------------
    L4                                                0.000     0.000 r  i_in_seq (IN)
                         net (fo=0)                   0.000     0.000    i_in_seq
    L4                   IBUF (Prop_ibuf_I_O)         0.223     0.223 r  i_in_seq_IBUF_inst/O
                         net (fo=3, routed)           0.424     0.647    i_in_seq_IBUF
    SLICE_X64Y49         LUT5 (Prop_lut5_I2_O)        0.045     0.692 r  FSM_sequential_p_state[0]_i_1/O
                         net (fo=1, routed)           0.000     0.692    FSM_sequential_p_state[0]_i_1_n_0
    SLICE_X64Y49         FDRE                                         r  FSM_sequential_p_state_reg[0]/D
  -------------------------------------------------------------------    -------------------

                         (clock sys_clk rise edge)    0.000     0.000 r  
    N11                                               0.000     0.000 r  i_clk (IN)
                         net (fo=0)                   0.000     0.000    i_clk
    N11                  IBUF (Prop_ibuf_I_O)         0.475     0.475 r  i_clk_IBUF_inst/O
                         net (fo=1, routed)           0.689     1.163    i_clk_IBUF
    BUFGCTRL_X0Y0        BUFG (Prop_bufg_I_O)         0.029     1.192 r  i_clk_IBUF_BUFG_inst/O
                         net (fo=6, routed)           0.867     2.059    i_clk_IBUF_BUFG
    SLICE_X64Y49         FDRE                                         r  FSM_sequential_p_state_reg[0]/C

Slack:                    inf
  Source:                 i_rst_n
                            (input port)
  Destination:            rst_reg_reg[1]/D
                            (rising edge-triggered cell FDRE clocked by sys_clk  {rise@0.000ns fall@10.000ns period=20.000ns})
  Path Group:             (none)
  Path Type:              Hold (Min at Fast Process Corner)
  Data Path Delay:        0.771ns  (logic 0.253ns (32.767%)  route 0.519ns (67.233%))
  Logic Levels:           2  (IBUF=1 LUT2=1)
  Clock Path Skew:        2.059ns (DCD - SCD - CPR)
    Destination Clock Delay (DCD):    2.059ns
    Source Clock Delay      (SCD):    0.000ns
    Clock Pessimism Removal (CPR):    -0.000ns

    Location             Delay type                Incr(ns)  Path(ns)    Netlist Resource(s)
  -------------------------------------------------------------------    -------------------
    L5                                                0.000     0.000 r  i_rst_n (IN)
                         net (fo=0)                   0.000     0.000    i_rst_n
    L5                   IBUF (Prop_ibuf_I_O)         0.208     0.208 r  i_rst_n_IBUF_inst/O
                         net (fo=2, routed)           0.519     0.726    i_rst_n_IBUF
    SLICE_X65Y48         LUT2 (Prop_lut2_I1_O)        0.045     0.771 r  rst_reg[1]_i_1/O
                         net (fo=1, routed)           0.000     0.771    rst_reg[1]_i_1_n_0
    SLICE_X65Y48         FDRE                                         r  rst_reg_reg[1]/D
  -------------------------------------------------------------------    -------------------

                         (clock sys_clk rise edge)    0.000     0.000 r  
    N11                                               0.000     0.000 r  i_clk (IN)
                         net (fo=0)                   0.000     0.000    i_clk
    N11                  IBUF (Prop_ibuf_I_O)         0.475     0.475 r  i_clk_IBUF_inst/O
                         net (fo=1, routed)           0.689     1.163    i_clk_IBUF
    BUFGCTRL_X0Y0        BUFG (Prop_bufg_I_O)         0.029     1.192 r  i_clk_IBUF_BUFG_inst/O
                         net (fo=6, routed)           0.867     2.059    i_clk_IBUF_BUFG
    SLICE_X65Y48         FDRE                                         r  rst_reg_reg[1]/C

Slack:                    inf
  Source:                 i_in_seq
                            (input port)
  Destination:            FSM_sequential_p_state_reg[2]/D
                            (rising edge-triggered cell FDRE clocked by sys_clk  {rise@0.000ns fall@10.000ns period=20.000ns})
  Path Group:             (none)
  Path Type:              Hold (Min at Fast Process Corner)
  Data Path Delay:        0.799ns  (logic 0.268ns (33.575%)  route 0.531ns (66.425%))
  Logic Levels:           2  (IBUF=1 LUT5=1)
  Clock Path Skew:        2.059ns (DCD - SCD - CPR)
    Destination Clock Delay (DCD):    2.059ns
    Source Clock Delay      (SCD):    0.000ns
    Clock Pessimism Removal (CPR):    -0.000ns

    Location             Delay type                Incr(ns)  Path(ns)    Netlist Resource(s)
  -------------------------------------------------------------------    -------------------
    L4                                                0.000     0.000 r  i_in_seq (IN)
                         net (fo=0)                   0.000     0.000    i_in_seq
    L4                   IBUF (Prop_ibuf_I_O)         0.223     0.223 r  i_in_seq_IBUF_inst/O
                         net (fo=3, routed)           0.531     0.754    i_in_seq_IBUF
    SLICE_X64Y49         LUT5 (Prop_lut5_I2_O)        0.045     0.799 r  FSM_sequential_p_state[2]_i_1/O
                         net (fo=1, routed)           0.000     0.799    FSM_sequential_p_state[2]_i_1_n_0
    SLICE_X64Y49         FDRE                                         r  FSM_sequential_p_state_reg[2]/D
  -------------------------------------------------------------------    -------------------

                         (clock sys_clk rise edge)    0.000     0.000 r  
    N11                                               0.000     0.000 r  i_clk (IN)
                         net (fo=0)                   0.000     0.000    i_clk
    N11                  IBUF (Prop_ibuf_I_O)         0.475     0.475 r  i_clk_IBUF_inst/O
                         net (fo=1, routed)           0.689     1.163    i_clk_IBUF
    BUFGCTRL_X0Y0        BUFG (Prop_bufg_I_O)         0.029     1.192 r  i_clk_IBUF_BUFG_inst/O
                         net (fo=6, routed)           0.867     2.059    i_clk_IBUF_BUFG
    SLICE_X64Y49         FDRE                                         r  FSM_sequential_p_state_reg[2]/C

Slack:                    inf
  Source:                 i_in_seq
                            (input port)
  Destination:            FSM_sequential_p_state_reg[1]/D
                            (rising edge-triggered cell FDRE clocked by sys_clk  {rise@0.000ns fall@10.000ns period=20.000ns})
  Path Group:             (none)
  Path Type:              Hold (Min at Fast Process Corner)
  Data Path Delay:        0.801ns  (logic 0.268ns (33.491%)  route 0.533ns (66.509%))
  Logic Levels:           2  (IBUF=1 LUT5=1)
  Clock Path Skew:        2.059ns (DCD - SCD - CPR)
    Destination Clock Delay (DCD):    2.059ns
    Source Clock Delay      (SCD):    0.000ns
    Clock Pessimism Removal (CPR):    -0.000ns

    Location             Delay type                Incr(ns)  Path(ns)    Netlist Resource(s)
  -------------------------------------------------------------------    -------------------
    L4                                                0.000     0.000 r  i_in_seq (IN)
                         net (fo=0)                   0.000     0.000    i_in_seq
    L4                   IBUF (Prop_ibuf_I_O)         0.223     0.223 r  i_in_seq_IBUF_inst/O
                         net (fo=3, routed)           0.533     0.756    i_in_seq_IBUF
    SLICE_X64Y49         LUT5 (Prop_lut5_I0_O)        0.045     0.801 r  FSM_sequential_p_state[1]_i_1/O
                         net (fo=1, routed)           0.000     0.801    FSM_sequential_p_state[1]_i_1_n_0
    SLICE_X64Y49         FDRE                                         r  FSM_sequential_p_state_reg[1]/D
  -------------------------------------------------------------------    -------------------

                         (clock sys_clk rise edge)    0.000     0.000 r  
    N11                                               0.000     0.000 r  i_clk (IN)
                         net (fo=0)                   0.000     0.000    i_clk
    N11                  IBUF (Prop_ibuf_I_O)         0.475     0.475 r  i_clk_IBUF_inst/O
                         net (fo=1, routed)           0.689     1.163    i_clk_IBUF
    BUFGCTRL_X0Y0        BUFG (Prop_bufg_I_O)         0.029     1.192 r  i_clk_IBUF_BUFG_inst/O
                         net (fo=6, routed)           0.867     2.059    i_clk_IBUF_BUFG
    SLICE_X64Y49         FDRE                                         r  FSM_sequential_p_state_reg[1]/C





