# do {testbench_async_fifo_compile.do}
# Model Technology ModelSim - Intel FPGA Edition vmap 2020.1 Lib Mapping Utility 2020.02 Feb 28 2020
# vmap xil_defaultlib modelsim_lib/msim/xil_defaultlib 
# Modifying modelsim.ini
# Model Technology ModelSim - Intel FPGA Edition vlog 2020.1 Compiler 2020.02 Feb 28 2020
# Start time: 13:17:19 on Oct 09,2023
# vlog -incr -mfcu -work xil_defaultlib "+incdir+../../../../Asynch_FIFO.gen/sources_1/ip/clk_wiz_0" ../../../../Asynch_FIFO.srcs/sources_1/new/Top_async_fifo.v ../../../../Asynch_FIFO.srcs/sources_1/new/dual_port_sync_ram.v ../../../../Asynch_FIFO.srcs/sources_1/new/read_pointer_logic.v ../../../../Asynch_FIFO.srcs/sources_1/new/sync_read_pointer.v ../../../../Asynch_FIFO.srcs/sources_1/new/sync_write_pointer.v ../../../../Asynch_FIFO.srcs/sources_1/new/write_pointer_logic.v ../../../../Asynch_FIFO.srcs/sim_1/new/testbench_async_fifo.v 
# -- Compiling module Top_async_fifo
# -- Compiling module single_port_sync_ram
# -- Compiling module read_pointer_logic
# -- Compiling module sync_read_pointer
# -- Compiling module sync_write_pointer
# -- Compiling module write_pointer_logic
# -- Compiling module testbench_async_fifo
# 
# Top level modules:
# 	testbench_async_fifo
# End time: 13:17:20 on Oct 09,2023, Elapsed time: 0:00:01
# Errors: 0, Warnings: 0
# Model Technology ModelSim - Intel FPGA Edition vlog 2020.1 Compiler 2020.02 Feb 28 2020
# Start time: 13:17:20 on Oct 09,2023
# vlog -work xil_defaultlib glbl.v 
# -- Compiling module glbl
# 
# Top level modules:
# 	glbl
# End time: 13:17:20 on Oct 09,2023, Elapsed time: 0:00:00
# Errors: 0, Warnings: 0
