Copyright 1986-2022 Xilinx, Inc. All Rights Reserved.
--------------------------------------------------------------------------------------
| Tool Version : Vivado v.2022.2 (win64) Build 3671981 Fri Oct 14 05:00:03 MDT 2022
| Date         : Sat Sep 30 10:06:52 2023
| Host         : LAPTOP-GBNTDCHP running 64-bit major release  (build 9200)
| Command      : report_control_sets -verbose -file Led_chase_control_sets_placed.rpt
| Design       : Led_chase
| Device       : xc7a35t
--------------------------------------------------------------------------------------

Control Set Information

Table of Contents
-----------------
1. Summary
2. Histogram
3. Flip-Flop Distribution
4. Detailed Control Set Information

1. Summary
----------

+----------------------------------------------------------+-------+
|                          Status                          | Count |
+----------------------------------------------------------+-------+
| Total control sets                                       |    11 |
|    Minimum number of control sets                        |    11 |
|    Addition due to synthesis replication                 |     0 |
|    Addition due to physical synthesis replication        |     0 |
| Unused register locations in slices containing registers |    46 |
+----------------------------------------------------------+-------+
* Control sets can be merged at opt_design using control_set_merge or merge_equivalent_drivers
** Run report_qor_suggestions for automated merging and remapping suggestions


2. Histogram
------------

+--------------------+-------+
|       Fanout       | Count |
+--------------------+-------+
| Total control sets |    11 |
| >= 0 to < 4        |     0 |
| >= 4 to < 6        |     1 |
| >= 6 to < 8        |     1 |
| >= 8 to < 10       |     1 |
| >= 10 to < 12      |     0 |
| >= 12 to < 14      |     0 |
| >= 14 to < 16      |     0 |
| >= 16              |     8 |
+--------------------+-------+
* Control sets can be remapped at either synth_design or opt_design


3. Flip-Flop Distribution
-------------------------

+--------------+-----------------------+------------------------+-----------------+--------------+
| Clock Enable | Synchronous Set/Reset | Asynchronous Set/Reset | Total Registers | Total Slices |
+--------------+-----------------------+------------------------+-----------------+--------------+
| No           | No                    | No                     |              25 |           15 |
| No           | No                    | Yes                    |               0 |            0 |
| No           | Yes                   | No                     |             201 |           58 |
| Yes          | No                    | No                     |               0 |            0 |
| Yes          | No                    | Yes                    |               0 |            0 |
| Yes          | Yes                   | No                     |               0 |            0 |
+--------------+-----------------------+------------------------+-----------------+--------------+


4. Detailed Control Set Information
-----------------------------------

+-----------------------------+---------------+----------------------------------+------------------+----------------+--------------+
|         Clock Signal        | Enable Signal |         Set/Reset Signal         | Slice Load Count | Bel Load Count | Bels / Slice |
+-----------------------------+---------------+----------------------------------+------------------+----------------+--------------+
|  ONE_HZ_CLK_2_HZ/mux_o_BUFG |               | UO_DIFFERENT_PATTERNS_LED/cnt[1] |                2 |              4 |         2.00 |
|  i_clk_IBUF_BUFG            |               |                                  |                7 |              7 |         1.00 |
|  ONE_HZ_CLK_2_HZ/mux_o_BUFG |               | i_order_sel_IBUF                 |                2 |              8 |         4.00 |
|  ONE_HZ_CLK_2_HZ/mux_o_BUFG |               |                                  |                8 |             18 |         2.25 |
|  i_clk_IBUF_BUFG            |               | ONE_HZ_CLK_1_HZ/toggle_HZ        |                8 |             27 |         3.38 |
|  i_clk_IBUF_BUFG            |               | ONE_HZ_CLK_5_HZ/toggle_HZ        |                7 |             27 |         3.86 |
|  i_clk_IBUF_BUFG            |               | ONE_HZ_CLK_25_HZ/toggle_HZ       |                7 |             27 |         3.86 |
|  i_clk_IBUF_BUFG            |               | ONE_HZ_CLK_20_HZ/toggle_HZ       |                8 |             27 |         3.38 |
|  i_clk_IBUF_BUFG            |               | ONE_HZ_CLK_30_HZ/toggle_HZ       |                8 |             27 |         3.38 |
|  i_clk_IBUF_BUFG            |               | ONE_HZ_CLK_10_HZ/toggle_HZ_0     |                8 |             27 |         3.38 |
|  i_clk_IBUF_BUFG            |               | ONE_HZ_CLK_2_HZ/toggle_HZ_0      |                8 |             27 |         3.38 |
+-----------------------------+---------------+----------------------------------+------------------+----------------+--------------+


