
*** Running vivado
    with args -log one_bit_overlapping_moore_machine.vds -m64 -product Vivado -mode batch -messageDb vivado.pb -notrace -source one_bit_overlapping_moore_machine.tcl



****** Vivado v2022.2 (64-bit)
  **** SW Build 3671981 on Fri Oct 14 05:00:03 MDT 2022
  **** IP Build 3669848 on Fri Oct 14 08:30:02 MDT 2022
    ** Copyright 1986-2022 Xilinx, Inc. All Rights Reserved.

source one_bit_overlapping_moore_machine.tcl -notrace
create_project: Time (s): cpu = 00:00:10 ; elapsed = 00:00:16 . Memory (MB): peak = 454.137 ; gain = 117.973
Command: read_checkpoint -auto_incremental -incremental E:/VIVADO_2022/ARTIX_A7_FPGA/Debugging/Debugging_Xilinx_IPs/State_machine/state_machine_debug/state_machine_debug.srcs/utils_1/imports/synth_1/one_bit_overlapping_moore_machine.dcp
INFO: [Vivado 12-5825] Read reference checkpoint from E:/VIVADO_2022/ARTIX_A7_FPGA/Debugging/Debugging_Xilinx_IPs/State_machine/state_machine_debug/state_machine_debug.srcs/utils_1/imports/synth_1/one_bit_overlapping_moore_machine.dcp for incremental synthesis
INFO: [Vivado 12-7989] Please ensure there are no constraint changes
Command: synth_design -top one_bit_overlapping_moore_machine -part xc7a35tftg256-1
Starting synth_design
Attempting to get a license for feature 'Synthesis' and/or device 'xc7a35t'
INFO: [Common 17-349] Got license for feature 'Synthesis' and/or device 'xc7a35t'
INFO: [Device 21-403] Loading part xc7a35tftg256-1
INFO: [Designutils 20-5440] No compile time benefit to using incremental synthesis; A full resynthesis will be run
INFO: [Designutils 20-4379] Flow is switching to default flow due to incremental criteria not met. If you would like to alter this behaviour and have the flow terminate instead, please set the following parameter config_implementation {autoIncr.Synth.RejectBehavior Terminate}
INFO: [Synth 8-7079] Multithreading enabled for synth_design using a maximum of 2 processes.
INFO: [Synth 8-7078] Launching helper process for spawning children vivado processes
INFO: [Synth 8-7075] Helper process launched with PID 29900
INFO: [Synth 8-11241] undeclared symbol 'REGCCE', assumed default net type 'wire' [E:/VITIS_2020.2/Vivado/2022.2/data/verilog/src/unimacro/BRAM_SINGLE_MACRO.v:2170]
---------------------------------------------------------------------------------
Starting RTL Elaboration : Time (s): cpu = 00:00:08 ; elapsed = 00:00:11 . Memory (MB): peak = 1259.750 ; gain = 408.848
---------------------------------------------------------------------------------
INFO: [Synth 8-638] synthesizing module 'one_bit_overlapping_moore_machine' [F:/XILINX_GITHUB_PROJECTS/LEARNING_VHDL_RTL_DESIGN/VHDL/Sequential_circuits_04_Moore_machine_overlapping_seq/one_bit_overlapping_moore_machine.vhd:40]
INFO: [Synth 8-256] done synthesizing module 'one_bit_overlapping_moore_machine' (0#1) [F:/XILINX_GITHUB_PROJECTS/LEARNING_VHDL_RTL_DESIGN/VHDL/Sequential_circuits_04_Moore_machine_overlapping_seq/one_bit_overlapping_moore_machine.vhd:40]
---------------------------------------------------------------------------------
Finished RTL Elaboration : Time (s): cpu = 00:00:12 ; elapsed = 00:00:18 . Memory (MB): peak = 1349.805 ; gain = 498.902
---------------------------------------------------------------------------------
---------------------------------------------------------------------------------
Start Handling Custom Attributes
---------------------------------------------------------------------------------
---------------------------------------------------------------------------------
Finished Handling Custom Attributes : Time (s): cpu = 00:00:12 ; elapsed = 00:00:19 . Memory (MB): peak = 1349.805 ; gain = 498.902
---------------------------------------------------------------------------------
---------------------------------------------------------------------------------
Finished RTL Optimization Phase 1 : Time (s): cpu = 00:00:12 ; elapsed = 00:00:19 . Memory (MB): peak = 1349.805 ; gain = 498.902
---------------------------------------------------------------------------------
Netlist sorting complete. Time (s): cpu = 00:00:00 ; elapsed = 00:00:00 . Memory (MB): peak = 1349.805 ; gain = 0.000
INFO: [Project 1-570] Preparing netlist for logic optimization

Processing XDC Constraints
Initializing timing engine
Parsing XDC File [E:/VIVADO_2022/ARTIX_A7_FPGA/Debugging/Debugging_Xilinx_IPs/State_machine/state_machine_debug/state_machine_debug.srcs/constrs_1/new/moore_xdc.xdc]
Finished Parsing XDC File [E:/VIVADO_2022/ARTIX_A7_FPGA/Debugging/Debugging_Xilinx_IPs/State_machine/state_machine_debug/state_machine_debug.srcs/constrs_1/new/moore_xdc.xdc]
INFO: [Project 1-236] Implementation specific constraints were found while reading constraint file [E:/VIVADO_2022/ARTIX_A7_FPGA/Debugging/Debugging_Xilinx_IPs/State_machine/state_machine_debug/state_machine_debug.srcs/constrs_1/new/moore_xdc.xdc]. These constraints will be ignored for synthesis but will be used in implementation. Impacted constraints are listed in the file [.Xil/one_bit_overlapping_moore_machine_propImpl.xdc].
Resolution: To avoid this warning, move constraints listed in [.Xil/one_bit_overlapping_moore_machine_propImpl.xdc] to another XDC file and exclude this new file from synthesis with the used_in_synthesis property (File Properties dialog in GUI) and re-run elaboration/synthesis.
Completed Processing XDC Constraints

Netlist sorting complete. Time (s): cpu = 00:00:00 ; elapsed = 00:00:00 . Memory (MB): peak = 1422.004 ; gain = 0.000
INFO: [Project 1-111] Unisim Transformation Summary:
No Unisim elements were transformed.

Constraint Validation Runtime : Time (s): cpu = 00:00:00 ; elapsed = 00:00:00.003 . Memory (MB): peak = 1422.004 ; gain = 0.000
INFO: [Designutils 20-5440] No compile time benefit to using incremental synthesis; A full resynthesis will be run
INFO: [Designutils 20-4379] Flow is switching to default flow due to incremental criteria not met. If you would like to alter this behaviour and have the flow terminate instead, please set the following parameter config_implementation {autoIncr.Synth.RejectBehavior Terminate}
INFO: [Synth 8-11241] undeclared symbol 'REGCCE', assumed default net type 'wire' [E:/VITIS_2020.2/Vivado/2022.2/data/verilog/src/unimacro/BRAM_SINGLE_MACRO.v:2170]
---------------------------------------------------------------------------------
Finished Constraint Validation : Time (s): cpu = 00:00:24 ; elapsed = 00:00:34 . Memory (MB): peak = 1422.004 ; gain = 571.102
---------------------------------------------------------------------------------
---------------------------------------------------------------------------------
Start Loading Part and Timing Information
---------------------------------------------------------------------------------
Loading part: xc7a35tftg256-1
---------------------------------------------------------------------------------
Finished Loading Part and Timing Information : Time (s): cpu = 00:00:24 ; elapsed = 00:00:34 . Memory (MB): peak = 1422.004 ; gain = 571.102
---------------------------------------------------------------------------------
---------------------------------------------------------------------------------
Start Applying 'set_property' XDC Constraints
---------------------------------------------------------------------------------
---------------------------------------------------------------------------------
Finished applying 'set_property' XDC Constraints : Time (s): cpu = 00:00:24 ; elapsed = 00:00:34 . Memory (MB): peak = 1422.004 ; gain = 571.102
---------------------------------------------------------------------------------
INFO: [Synth 8-802] inferred FSM for state register 'p_state_reg' in module 'one_bit_overlapping_moore_machine'
---------------------------------------------------------------------------------------------------
                   State |                     New Encoding |                Previous Encoding 
---------------------------------------------------------------------------------------------------
                     s_0 |                              000 |                              000
                     s_1 |                              001 |                              001
                     s_2 |                              010 |                              010
                     s_3 |                              011 |                              011
                     s_4 |                              100 |                              100
---------------------------------------------------------------------------------------------------
INFO: [Synth 8-3354] encoded FSM with state register 'p_state_reg' using encoding 'sequential' in module 'one_bit_overlapping_moore_machine'
---------------------------------------------------------------------------------
Finished RTL Optimization Phase 2 : Time (s): cpu = 00:00:24 ; elapsed = 00:00:35 . Memory (MB): peak = 1422.004 ; gain = 571.102
---------------------------------------------------------------------------------
---------------------------------------------------------------------------------
Start RTL Component Statistics 
---------------------------------------------------------------------------------
Detailed RTL Component Info : 
+---Registers : 
	                2 Bit    Registers := 1     
	                1 Bit    Registers := 1     
+---Muxes : 
	   5 Input    3 Bit        Muxes := 1     
	   2 Input    3 Bit        Muxes := 5     
	   2 Input    2 Bit        Muxes := 1     
	   2 Input    1 Bit        Muxes := 1     
---------------------------------------------------------------------------------
Finished RTL Component Statistics 
---------------------------------------------------------------------------------
---------------------------------------------------------------------------------
Start Part Resource Summary
---------------------------------------------------------------------------------
Part Resources:
DSPs: 90 (col length:60)
BRAMs: 100 (col length: RAMB18 60 RAMB36 30)
---------------------------------------------------------------------------------
Finished Part Resource Summary
---------------------------------------------------------------------------------
---------------------------------------------------------------------------------
Start Cross Boundary and Area Optimization
---------------------------------------------------------------------------------
WARNING: [Synth 8-7080] Parallel synthesis criteria is not met
---------------------------------------------------------------------------------
Finished Cross Boundary and Area Optimization : Time (s): cpu = 00:00:27 ; elapsed = 00:00:38 . Memory (MB): peak = 1422.004 ; gain = 571.102
---------------------------------------------------------------------------------
---------------------------------------------------------------------------------
Start Applying XDC Timing Constraints
---------------------------------------------------------------------------------
---------------------------------------------------------------------------------
Finished Applying XDC Timing Constraints : Time (s): cpu = 00:00:34 ; elapsed = 00:00:46 . Memory (MB): peak = 1422.004 ; gain = 571.102
---------------------------------------------------------------------------------
---------------------------------------------------------------------------------
Start Timing Optimization
---------------------------------------------------------------------------------
---------------------------------------------------------------------------------
Finished Timing Optimization : Time (s): cpu = 00:00:34 ; elapsed = 00:00:46 . Memory (MB): peak = 1422.004 ; gain = 571.102
---------------------------------------------------------------------------------
---------------------------------------------------------------------------------
Start Technology Mapping
---------------------------------------------------------------------------------
---------------------------------------------------------------------------------
Finished Technology Mapping : Time (s): cpu = 00:00:34 ; elapsed = 00:00:46 . Memory (MB): peak = 1422.004 ; gain = 571.102
---------------------------------------------------------------------------------
---------------------------------------------------------------------------------
Start IO Insertion
---------------------------------------------------------------------------------
---------------------------------------------------------------------------------
Start Flattening Before IO Insertion
---------------------------------------------------------------------------------
---------------------------------------------------------------------------------
Finished Flattening Before IO Insertion
---------------------------------------------------------------------------------
---------------------------------------------------------------------------------
Start Final Netlist Cleanup
---------------------------------------------------------------------------------
---------------------------------------------------------------------------------
Finished Final Netlist Cleanup
---------------------------------------------------------------------------------
---------------------------------------------------------------------------------
Finished IO Insertion : Time (s): cpu = 00:00:41 ; elapsed = 00:00:53 . Memory (MB): peak = 1422.004 ; gain = 571.102
---------------------------------------------------------------------------------
---------------------------------------------------------------------------------
Start Renaming Generated Instances
---------------------------------------------------------------------------------
---------------------------------------------------------------------------------
Finished Renaming Generated Instances : Time (s): cpu = 00:00:41 ; elapsed = 00:00:53 . Memory (MB): peak = 1422.004 ; gain = 571.102
---------------------------------------------------------------------------------
---------------------------------------------------------------------------------
Start Rebuilding User Hierarchy
---------------------------------------------------------------------------------
---------------------------------------------------------------------------------
Finished Rebuilding User Hierarchy : Time (s): cpu = 00:00:41 ; elapsed = 00:00:53 . Memory (MB): peak = 1422.004 ; gain = 571.102
---------------------------------------------------------------------------------
---------------------------------------------------------------------------------
Start Renaming Generated Ports
---------------------------------------------------------------------------------
---------------------------------------------------------------------------------
Finished Renaming Generated Ports : Time (s): cpu = 00:00:41 ; elapsed = 00:00:53 . Memory (MB): peak = 1422.004 ; gain = 571.102
---------------------------------------------------------------------------------
---------------------------------------------------------------------------------
Start Handling Custom Attributes
---------------------------------------------------------------------------------
---------------------------------------------------------------------------------
Finished Handling Custom Attributes : Time (s): cpu = 00:00:41 ; elapsed = 00:00:53 . Memory (MB): peak = 1422.004 ; gain = 571.102
---------------------------------------------------------------------------------
---------------------------------------------------------------------------------
Start Renaming Generated Nets
---------------------------------------------------------------------------------
---------------------------------------------------------------------------------
Finished Renaming Generated Nets : Time (s): cpu = 00:00:41 ; elapsed = 00:00:53 . Memory (MB): peak = 1422.004 ; gain = 571.102
---------------------------------------------------------------------------------
---------------------------------------------------------------------------------
Start Writing Synthesis Report
---------------------------------------------------------------------------------

Report BlackBoxes: 
+-+--------------+----------+
| |BlackBox name |Instances |
+-+--------------+----------+
+-+--------------+----------+

Report Cell Usage: 
+------+-----+------+
|      |Cell |Count |
+------+-----+------+
|1     |BUFG |     1|
|2     |LUT1 |     1|
|3     |LUT2 |     1|
|4     |LUT3 |     1|
|5     |LUT5 |     3|
|6     |FDRE |     6|
|7     |IBUF |     3|
|8     |OBUF |     1|
+------+-----+------+
---------------------------------------------------------------------------------
Finished Writing Synthesis Report : Time (s): cpu = 00:00:41 ; elapsed = 00:00:53 . Memory (MB): peak = 1422.004 ; gain = 571.102
---------------------------------------------------------------------------------
Synthesis finished with 0 errors, 0 critical warnings and 1 warnings.
Synthesis Optimization Runtime : Time (s): cpu = 00:00:27 ; elapsed = 00:00:48 . Memory (MB): peak = 1422.004 ; gain = 498.902
Synthesis Optimization Complete : Time (s): cpu = 00:00:42 ; elapsed = 00:00:53 . Memory (MB): peak = 1422.004 ; gain = 571.102
INFO: [Project 1-571] Translating synthesized netlist
Netlist sorting complete. Time (s): cpu = 00:00:00 ; elapsed = 00:00:00 . Memory (MB): peak = 1422.004 ; gain = 0.000
INFO: [Project 1-570] Preparing netlist for logic optimization
INFO: [Opt 31-138] Pushed 0 inverter(s) to 0 load pin(s).
Netlist sorting complete. Time (s): cpu = 00:00:00 ; elapsed = 00:00:00 . Memory (MB): peak = 1422.004 ; gain = 0.000
INFO: [Project 1-111] Unisim Transformation Summary:
No Unisim elements were transformed.

Synth Design complete, checksum: 49f03a4e
INFO: [Common 17-83] Releasing license: Synthesis
25 Infos, 1 Warnings, 0 Critical Warnings and 0 Errors encountered.
synth_design completed successfully
synth_design: Time (s): cpu = 00:00:49 ; elapsed = 00:01:06 . Memory (MB): peak = 1422.004 ; gain = 943.027
INFO: [Common 17-1381] The checkpoint 'E:/VIVADO_2022/ARTIX_A7_FPGA/Debugging/Debugging_Xilinx_IPs/State_machine/state_machine_debug/state_machine_debug.runs/synth_1/one_bit_overlapping_moore_machine.dcp' has been generated.
INFO: [runtcl-4] Executing : report_utilization -file one_bit_overlapping_moore_machine_utilization_synth.rpt -pb one_bit_overlapping_moore_machine_utilization_synth.pb
INFO: [Common 17-206] Exiting Vivado at Fri Nov 10 22:04:48 2023...
