
*** Running vivado
    with args -log Top_Design.vds -m64 -product Vivado -mode batch -messageDb vivado.pb -notrace -source Top_Design.tcl



****** Vivado v2022.2 (64-bit)
  **** SW Build 3671981 on Fri Oct 14 05:00:03 MDT 2022
  **** IP Build 3669848 on Fri Oct 14 08:30:02 MDT 2022
    ** Copyright 1986-2022 Xilinx, Inc. All Rights Reserved.

source Top_Design.tcl -notrace
create_project: Time (s): cpu = 00:00:10 ; elapsed = 00:00:11 . Memory (MB): peak = 455.176 ; gain = 124.410
Command: read_checkpoint -auto_incremental -incremental E:/VIVADO_2022/Multiplexing_Seven_Seg_Display/Multiplexing_Seven_Seg_Display.srcs/utils_1/imports/synth_1/Top_Design.dcp
INFO: [Vivado 12-5825] Read reference checkpoint from E:/VIVADO_2022/Multiplexing_Seven_Seg_Display/Multiplexing_Seven_Seg_Display.srcs/utils_1/imports/synth_1/Top_Design.dcp for incremental synthesis
INFO: [Vivado 12-7989] Please ensure there are no constraint changes
Command: synth_design -top Top_Design -part xc7a35tftg256-1
Starting synth_design
Attempting to get a license for feature 'Synthesis' and/or device 'xc7a35t'
INFO: [Common 17-349] Got license for feature 'Synthesis' and/or device 'xc7a35t'
INFO: [Device 21-403] Loading part xc7a35tftg256-1
INFO: [Designutils 20-5440] No compile time benefit to using incremental synthesis; A full resynthesis will be run
INFO: [Designutils 20-4379] Flow is switching to default flow due to incremental criteria not met. If you would like to alter this behaviour and have the flow terminate instead, please set the following parameter config_implementation {autoIncr.Synth.RejectBehavior Terminate}
INFO: [Synth 8-7079] Multithreading enabled for synth_design using a maximum of 2 processes.
INFO: [Synth 8-7078] Launching helper process for spawning children vivado processes
INFO: [Synth 8-7075] Helper process launched with PID 17436
INFO: [Synth 8-11241] undeclared symbol 'REGCCE', assumed default net type 'wire' [E:/VITIS_2020.2/Vivado/2022.2/data/verilog/src/unimacro/BRAM_SINGLE_MACRO.v:2170]
---------------------------------------------------------------------------------
Starting RTL Elaboration : Time (s): cpu = 00:00:08 ; elapsed = 00:00:08 . Memory (MB): peak = 1261.832 ; gain = 409.051
---------------------------------------------------------------------------------
INFO: [Synth 8-6157] synthesizing module 'Top_Design' [E:/VIVADO_2022/Multiplexing_Seven_Seg_Display/Multiplexing_Seven_Seg_Display.srcs/sources_1/new/Top_Design.v:25]
INFO: [Synth 8-6157] synthesizing module 'Seven_seg' [E:/VIVADO_2022/Multiplexing_Seven_Seg_Display/Multiplexing_Seven_Seg_Display.srcs/sources_1/new/Seven_seg.v:23]
INFO: [Synth 8-6155] done synthesizing module 'Seven_seg' (0#1) [E:/VIVADO_2022/Multiplexing_Seven_Seg_Display/Multiplexing_Seven_Seg_Display.srcs/sources_1/new/Seven_seg.v:23]
INFO: [Synth 8-6157] synthesizing module 'Mux_seven_seg' [E:/VIVADO_2022/Multiplexing_Seven_Seg_Display/Multiplexing_Seven_Seg_Display.srcs/sources_1/new/Mux_seven_seg.v:15]
INFO: [Synth 8-6157] synthesizing module 'counter_circuit' [E:/VIVADO_2022/Multiplexing_Seven_Seg_Display/Multiplexing_Seven_Seg_Display.srcs/sources_1/new/count_2_bit.v:22]
	Parameter CNT_WIDTH bound to: 16 - type: integer 
INFO: [Synth 8-6155] done synthesizing module 'counter_circuit' (0#1) [E:/VIVADO_2022/Multiplexing_Seven_Seg_Display/Multiplexing_Seven_Seg_Display.srcs/sources_1/new/count_2_bit.v:22]
INFO: [Synth 8-6155] done synthesizing module 'Mux_seven_seg' (0#1) [E:/VIVADO_2022/Multiplexing_Seven_Seg_Display/Multiplexing_Seven_Seg_Display.srcs/sources_1/new/Mux_seven_seg.v:15]
INFO: [Synth 8-6155] done synthesizing module 'Top_Design' (0#1) [E:/VIVADO_2022/Multiplexing_Seven_Seg_Display/Multiplexing_Seven_Seg_Display.srcs/sources_1/new/Top_Design.v:25]
---------------------------------------------------------------------------------
Finished RTL Elaboration : Time (s): cpu = 00:00:10 ; elapsed = 00:00:11 . Memory (MB): peak = 1351.738 ; gain = 498.957
---------------------------------------------------------------------------------
---------------------------------------------------------------------------------
Start Handling Custom Attributes
---------------------------------------------------------------------------------
---------------------------------------------------------------------------------
Finished Handling Custom Attributes : Time (s): cpu = 00:00:10 ; elapsed = 00:00:11 . Memory (MB): peak = 1351.738 ; gain = 498.957
---------------------------------------------------------------------------------
---------------------------------------------------------------------------------
Finished RTL Optimization Phase 1 : Time (s): cpu = 00:00:10 ; elapsed = 00:00:11 . Memory (MB): peak = 1351.738 ; gain = 498.957
---------------------------------------------------------------------------------
Netlist sorting complete. Time (s): cpu = 00:00:00 ; elapsed = 00:00:00.001 . Memory (MB): peak = 1351.738 ; gain = 0.000
INFO: [Project 1-570] Preparing netlist for logic optimization

Processing XDC Constraints
Initializing timing engine
Parsing XDC File [E:/VIVADO_2022/Multiplexing_Seven_Seg_Display/Multiplexing_Seven_Seg_Display.srcs/constrs_1/new/Seven_seg_multiplex.xdc]
Finished Parsing XDC File [E:/VIVADO_2022/Multiplexing_Seven_Seg_Display/Multiplexing_Seven_Seg_Display.srcs/constrs_1/new/Seven_seg_multiplex.xdc]
INFO: [Project 1-236] Implementation specific constraints were found while reading constraint file [E:/VIVADO_2022/Multiplexing_Seven_Seg_Display/Multiplexing_Seven_Seg_Display.srcs/constrs_1/new/Seven_seg_multiplex.xdc]. These constraints will be ignored for synthesis but will be used in implementation. Impacted constraints are listed in the file [.Xil/Top_Design_propImpl.xdc].
Resolution: To avoid this warning, move constraints listed in [.Xil/Top_Design_propImpl.xdc] to another XDC file and exclude this new file from synthesis with the used_in_synthesis property (File Properties dialog in GUI) and re-run elaboration/synthesis.
Completed Processing XDC Constraints

Netlist sorting complete. Time (s): cpu = 00:00:00 ; elapsed = 00:00:00 . Memory (MB): peak = 1376.445 ; gain = 0.000
INFO: [Project 1-111] Unisim Transformation Summary:
No Unisim elements were transformed.

Constraint Validation Runtime : Time (s): cpu = 00:00:00 ; elapsed = 00:00:00.003 . Memory (MB): peak = 1376.445 ; gain = 0.000
INFO: [Designutils 20-5440] No compile time benefit to using incremental synthesis; A full resynthesis will be run
INFO: [Designutils 20-4379] Flow is switching to default flow due to incremental criteria not met. If you would like to alter this behaviour and have the flow terminate instead, please set the following parameter config_implementation {autoIncr.Synth.RejectBehavior Terminate}
INFO: [Synth 8-11241] undeclared symbol 'REGCCE', assumed default net type 'wire' [E:/VITIS_2020.2/Vivado/2022.2/data/verilog/src/unimacro/BRAM_SINGLE_MACRO.v:2170]
---------------------------------------------------------------------------------
Finished Constraint Validation : Time (s): cpu = 00:00:21 ; elapsed = 00:00:22 . Memory (MB): peak = 1376.445 ; gain = 523.664
---------------------------------------------------------------------------------
---------------------------------------------------------------------------------
Start Loading Part and Timing Information
---------------------------------------------------------------------------------
Loading part: xc7a35tftg256-1
---------------------------------------------------------------------------------
Finished Loading Part and Timing Information : Time (s): cpu = 00:00:21 ; elapsed = 00:00:22 . Memory (MB): peak = 1376.445 ; gain = 523.664
---------------------------------------------------------------------------------
---------------------------------------------------------------------------------
Start Applying 'set_property' XDC Constraints
---------------------------------------------------------------------------------
---------------------------------------------------------------------------------
Finished applying 'set_property' XDC Constraints : Time (s): cpu = 00:00:21 ; elapsed = 00:00:22 . Memory (MB): peak = 1376.445 ; gain = 523.664
---------------------------------------------------------------------------------
---------------------------------------------------------------------------------
Finished RTL Optimization Phase 2 : Time (s): cpu = 00:00:21 ; elapsed = 00:00:23 . Memory (MB): peak = 1376.445 ; gain = 523.664
---------------------------------------------------------------------------------
---------------------------------------------------------------------------------
Start RTL Component Statistics 
---------------------------------------------------------------------------------
Detailed RTL Component Info : 
+---Muxes : 
	   4 Input    4 Bit        Muxes := 2     
---------------------------------------------------------------------------------
Finished RTL Component Statistics 
---------------------------------------------------------------------------------
---------------------------------------------------------------------------------
Start Part Resource Summary
---------------------------------------------------------------------------------
Part Resources:
DSPs: 90 (col length:60)
BRAMs: 100 (col length: RAMB18 60 RAMB36 30)
---------------------------------------------------------------------------------
Finished Part Resource Summary
---------------------------------------------------------------------------------
---------------------------------------------------------------------------------
Start Cross Boundary and Area Optimization
---------------------------------------------------------------------------------
WARNING: [Synth 8-7080] Parallel synthesis criteria is not met
---------------------------------------------------------------------------------
Finished Cross Boundary and Area Optimization : Time (s): cpu = 00:00:24 ; elapsed = 00:00:26 . Memory (MB): peak = 1376.445 ; gain = 523.664
---------------------------------------------------------------------------------
---------------------------------------------------------------------------------
Start Applying XDC Timing Constraints
---------------------------------------------------------------------------------
---------------------------------------------------------------------------------
Finished Applying XDC Timing Constraints : Time (s): cpu = 00:00:32 ; elapsed = 00:00:34 . Memory (MB): peak = 1376.445 ; gain = 523.664
---------------------------------------------------------------------------------
---------------------------------------------------------------------------------
Start Timing Optimization
---------------------------------------------------------------------------------
---------------------------------------------------------------------------------
Finished Timing Optimization : Time (s): cpu = 00:00:32 ; elapsed = 00:00:34 . Memory (MB): peak = 1376.445 ; gain = 523.664
---------------------------------------------------------------------------------
---------------------------------------------------------------------------------
Start Technology Mapping
---------------------------------------------------------------------------------
---------------------------------------------------------------------------------
Finished Technology Mapping : Time (s): cpu = 00:00:32 ; elapsed = 00:00:34 . Memory (MB): peak = 1376.445 ; gain = 523.664
---------------------------------------------------------------------------------
---------------------------------------------------------------------------------
Start IO Insertion
---------------------------------------------------------------------------------
---------------------------------------------------------------------------------
Start Flattening Before IO Insertion
---------------------------------------------------------------------------------
---------------------------------------------------------------------------------
Finished Flattening Before IO Insertion
---------------------------------------------------------------------------------
---------------------------------------------------------------------------------
Start Final Netlist Cleanup
---------------------------------------------------------------------------------
---------------------------------------------------------------------------------
Finished Final Netlist Cleanup
---------------------------------------------------------------------------------
---------------------------------------------------------------------------------
Finished IO Insertion : Time (s): cpu = 00:00:39 ; elapsed = 00:00:42 . Memory (MB): peak = 1378.668 ; gain = 525.887
---------------------------------------------------------------------------------
---------------------------------------------------------------------------------
Start Renaming Generated Instances
---------------------------------------------------------------------------------
---------------------------------------------------------------------------------
Finished Renaming Generated Instances : Time (s): cpu = 00:00:39 ; elapsed = 00:00:42 . Memory (MB): peak = 1378.668 ; gain = 525.887
---------------------------------------------------------------------------------
---------------------------------------------------------------------------------
Start Rebuilding User Hierarchy
---------------------------------------------------------------------------------
---------------------------------------------------------------------------------
Finished Rebuilding User Hierarchy : Time (s): cpu = 00:00:39 ; elapsed = 00:00:42 . Memory (MB): peak = 1378.668 ; gain = 525.887
---------------------------------------------------------------------------------
---------------------------------------------------------------------------------
Start Renaming Generated Ports
---------------------------------------------------------------------------------
---------------------------------------------------------------------------------
Finished Renaming Generated Ports : Time (s): cpu = 00:00:39 ; elapsed = 00:00:42 . Memory (MB): peak = 1378.668 ; gain = 525.887
---------------------------------------------------------------------------------
---------------------------------------------------------------------------------
Start Handling Custom Attributes
---------------------------------------------------------------------------------
---------------------------------------------------------------------------------
Finished Handling Custom Attributes : Time (s): cpu = 00:00:39 ; elapsed = 00:00:42 . Memory (MB): peak = 1378.668 ; gain = 525.887
---------------------------------------------------------------------------------
---------------------------------------------------------------------------------
Start Renaming Generated Nets
---------------------------------------------------------------------------------
---------------------------------------------------------------------------------
Finished Renaming Generated Nets : Time (s): cpu = 00:00:39 ; elapsed = 00:00:42 . Memory (MB): peak = 1378.668 ; gain = 525.887
---------------------------------------------------------------------------------
---------------------------------------------------------------------------------
Start Writing Synthesis Report
---------------------------------------------------------------------------------

Report BlackBoxes: 
+-+--------------+----------+
| |BlackBox name |Instances |
+-+--------------+----------+
+-+--------------+----------+

Report Cell Usage: 
+------+-------+------+
|      |Cell   |Count |
+------+-------+------+
|1     |BUFG   |     1|
|2     |CARRY4 |     4|
|3     |LUT1   |     1|
|4     |LUT2   |     4|
|5     |LUT4   |     7|
|6     |LUT6   |     4|
|7     |FDRE   |    16|
|8     |IBUF   |    17|
|9     |OBUF   |    11|
+------+-------+------+
---------------------------------------------------------------------------------
Finished Writing Synthesis Report : Time (s): cpu = 00:00:39 ; elapsed = 00:00:42 . Memory (MB): peak = 1378.668 ; gain = 525.887
---------------------------------------------------------------------------------
Synthesis finished with 0 errors, 0 critical warnings and 1 warnings.
Synthesis Optimization Runtime : Time (s): cpu = 00:00:26 ; elapsed = 00:00:39 . Memory (MB): peak = 1378.668 ; gain = 501.180
Synthesis Optimization Complete : Time (s): cpu = 00:00:39 ; elapsed = 00:00:42 . Memory (MB): peak = 1378.668 ; gain = 525.887
INFO: [Project 1-571] Translating synthesized netlist
Netlist sorting complete. Time (s): cpu = 00:00:00 ; elapsed = 00:00:00 . Memory (MB): peak = 1390.766 ; gain = 0.000
INFO: [Netlist 29-17] Analyzing 4 Unisim elements for replacement
INFO: [Netlist 29-28] Unisim Transformation completed in 0 CPU seconds
INFO: [Project 1-570] Preparing netlist for logic optimization
INFO: [Opt 31-138] Pushed 0 inverter(s) to 0 load pin(s).
Netlist sorting complete. Time (s): cpu = 00:00:00 ; elapsed = 00:00:00 . Memory (MB): peak = 1396.414 ; gain = 0.000
INFO: [Project 1-111] Unisim Transformation Summary:
No Unisim elements were transformed.

Synth Design complete, checksum: a6dd0e71
INFO: [Common 17-83] Releasing license: Synthesis
31 Infos, 1 Warnings, 0 Critical Warnings and 0 Errors encountered.
synth_design completed successfully
synth_design: Time (s): cpu = 00:00:44 ; elapsed = 00:00:49 . Memory (MB): peak = 1396.414 ; gain = 916.406
INFO: [Common 17-1381] The checkpoint 'E:/VIVADO_2022/Multiplexing_Seven_Seg_Display/Multiplexing_Seven_Seg_Display.runs/synth_1/Top_Design.dcp' has been generated.
INFO: [runtcl-4] Executing : report_utilization -file Top_Design_utilization_synth.rpt -pb Top_Design_utilization_synth.pb
INFO: [Common 17-206] Exiting Vivado at Fri Sep 29 11:20:45 2023...
