
*** Running vivado
    with args -log Seven_seg_mod.vds -m64 -product Vivado -mode batch -messageDb vivado.pb -notrace -source Seven_seg_mod.tcl



****** Vivado v2022.2 (64-bit)
  **** SW Build 3671981 on Fri Oct 14 05:00:03 MDT 2022
  **** IP Build 3669848 on Fri Oct 14 08:30:02 MDT 2022
    ** Copyright 1986-2022 Xilinx, Inc. All Rights Reserved.

source Seven_seg_mod.tcl -notrace
create_project: Time (s): cpu = 00:00:10 ; elapsed = 00:00:13 . Memory (MB): peak = 456.309 ; gain = 125.305
Command: read_checkpoint -auto_incremental -incremental E:/VIVADO_2022/ARTIX_A7_FPGA/Seven_Segment_Dispplay/Seven_Seg_Disp/Seven_Seg_Disp.srcs/utils_1/imports/synth_1/Seven_seg_mod.dcp
INFO: [Vivado 12-5825] Read reference checkpoint from E:/VIVADO_2022/ARTIX_A7_FPGA/Seven_Segment_Dispplay/Seven_Seg_Disp/Seven_Seg_Disp.srcs/utils_1/imports/synth_1/Seven_seg_mod.dcp for incremental synthesis
INFO: [Vivado 12-7989] Please ensure there are no constraint changes
Command: synth_design -top Seven_seg_mod -part xc7a35tftg256-1
Starting synth_design
Attempting to get a license for feature 'Synthesis' and/or device 'xc7a35t'
INFO: [Common 17-349] Got license for feature 'Synthesis' and/or device 'xc7a35t'
INFO: [Device 21-403] Loading part xc7a35tftg256-1
INFO: [Designutils 20-5440] No compile time benefit to using incremental synthesis; A full resynthesis will be run
INFO: [Designutils 20-4379] Flow is switching to default flow due to incremental criteria not met. If you would like to alter this behaviour and have the flow terminate instead, please set the following parameter config_implementation {autoIncr.Synth.RejectBehavior Terminate}
INFO: [Synth 8-7079] Multithreading enabled for synth_design using a maximum of 2 processes.
INFO: [Synth 8-7078] Launching helper process for spawning children vivado processes
INFO: [Synth 8-7075] Helper process launched with PID 24788
INFO: [Synth 8-11241] undeclared symbol 'REGCCE', assumed default net type 'wire' [E:/VITIS_2020.2/Vivado/2022.2/data/verilog/src/unimacro/BRAM_SINGLE_MACRO.v:2170]
---------------------------------------------------------------------------------
Starting RTL Elaboration : Time (s): cpu = 00:00:08 ; elapsed = 00:00:09 . Memory (MB): peak = 1262.375 ; gain = 408.699
---------------------------------------------------------------------------------
INFO: [Synth 8-6157] synthesizing module 'Seven_seg_mod' [E:/VIVADO_2022/ARTIX_A7_FPGA/Seven_Segment_Dispplay/Seven_Seg_Disp/Seven_Seg_Disp.srcs/sources_1/new/Seven_Seg_mod.v:25]
INFO: [Synth 8-226] default block is never used [E:/VIVADO_2022/ARTIX_A7_FPGA/Seven_Segment_Dispplay/Seven_Seg_Disp/Seven_Seg_Disp.srcs/sources_1/new/Seven_Seg_mod.v:41]
INFO: [Synth 8-6155] done synthesizing module 'Seven_seg_mod' (0#1) [E:/VIVADO_2022/ARTIX_A7_FPGA/Seven_Segment_Dispplay/Seven_Seg_Disp/Seven_Seg_Disp.srcs/sources_1/new/Seven_Seg_mod.v:25]
WARNING: [Synth 8-3917] design Seven_seg_mod has port o_seven_seg_an[3] driven by constant 1
WARNING: [Synth 8-3917] design Seven_seg_mod has port o_seven_seg_an[2] driven by constant 1
WARNING: [Synth 8-3917] design Seven_seg_mod has port o_seven_seg_an[1] driven by constant 1
WARNING: [Synth 8-3917] design Seven_seg_mod has port o_seven_seg_an[0] driven by constant 1
---------------------------------------------------------------------------------
Finished RTL Elaboration : Time (s): cpu = 00:00:11 ; elapsed = 00:00:12 . Memory (MB): peak = 1351.273 ; gain = 497.598
---------------------------------------------------------------------------------
---------------------------------------------------------------------------------
Start Handling Custom Attributes
---------------------------------------------------------------------------------
---------------------------------------------------------------------------------
Finished Handling Custom Attributes : Time (s): cpu = 00:00:11 ; elapsed = 00:00:12 . Memory (MB): peak = 1351.273 ; gain = 497.598
---------------------------------------------------------------------------------
---------------------------------------------------------------------------------
Finished RTL Optimization Phase 1 : Time (s): cpu = 00:00:11 ; elapsed = 00:00:12 . Memory (MB): peak = 1351.273 ; gain = 497.598
---------------------------------------------------------------------------------
Netlist sorting complete. Time (s): cpu = 00:00:00 ; elapsed = 00:00:00 . Memory (MB): peak = 1351.273 ; gain = 0.000
INFO: [Project 1-570] Preparing netlist for logic optimization

Processing XDC Constraints
Initializing timing engine
Parsing XDC File [E:/VIVADO_2022/ARTIX_A7_FPGA/Seven_Segment_Dispplay/Seven_Seg_Disp/Seven_Seg_Disp.srcs/constrs_1/new/Seven_seg.xdc]
Finished Parsing XDC File [E:/VIVADO_2022/ARTIX_A7_FPGA/Seven_Segment_Dispplay/Seven_Seg_Disp/Seven_Seg_Disp.srcs/constrs_1/new/Seven_seg.xdc]
INFO: [Project 1-236] Implementation specific constraints were found while reading constraint file [E:/VIVADO_2022/ARTIX_A7_FPGA/Seven_Segment_Dispplay/Seven_Seg_Disp/Seven_Seg_Disp.srcs/constrs_1/new/Seven_seg.xdc]. These constraints will be ignored for synthesis but will be used in implementation. Impacted constraints are listed in the file [.Xil/Seven_seg_mod_propImpl.xdc].
Resolution: To avoid this warning, move constraints listed in [.Xil/Seven_seg_mod_propImpl.xdc] to another XDC file and exclude this new file from synthesis with the used_in_synthesis property (File Properties dialog in GUI) and re-run elaboration/synthesis.
Completed Processing XDC Constraints

Netlist sorting complete. Time (s): cpu = 00:00:00 ; elapsed = 00:00:00 . Memory (MB): peak = 1372.055 ; gain = 0.000
INFO: [Project 1-111] Unisim Transformation Summary:
No Unisim elements were transformed.

Constraint Validation Runtime : Time (s): cpu = 00:00:00 ; elapsed = 00:00:00.004 . Memory (MB): peak = 1372.055 ; gain = 0.000
INFO: [Designutils 20-5440] No compile time benefit to using incremental synthesis; A full resynthesis will be run
INFO: [Designutils 20-4379] Flow is switching to default flow due to incremental criteria not met. If you would like to alter this behaviour and have the flow terminate instead, please set the following parameter config_implementation {autoIncr.Synth.RejectBehavior Terminate}
INFO: [Synth 8-11241] undeclared symbol 'REGCCE', assumed default net type 'wire' [E:/VITIS_2020.2/Vivado/2022.2/data/verilog/src/unimacro/BRAM_SINGLE_MACRO.v:2170]
---------------------------------------------------------------------------------
Finished Constraint Validation : Time (s): cpu = 00:00:21 ; elapsed = 00:00:24 . Memory (MB): peak = 1372.055 ; gain = 518.379
---------------------------------------------------------------------------------
---------------------------------------------------------------------------------
Start Loading Part and Timing Information
---------------------------------------------------------------------------------
Loading part: xc7a35tftg256-1
---------------------------------------------------------------------------------
Finished Loading Part and Timing Information : Time (s): cpu = 00:00:21 ; elapsed = 00:00:24 . Memory (MB): peak = 1372.055 ; gain = 518.379
---------------------------------------------------------------------------------
---------------------------------------------------------------------------------
Start Applying 'set_property' XDC Constraints
---------------------------------------------------------------------------------
---------------------------------------------------------------------------------
Finished applying 'set_property' XDC Constraints : Time (s): cpu = 00:00:21 ; elapsed = 00:00:24 . Memory (MB): peak = 1372.055 ; gain = 518.379
---------------------------------------------------------------------------------
---------------------------------------------------------------------------------
Finished RTL Optimization Phase 2 : Time (s): cpu = 00:00:21 ; elapsed = 00:00:25 . Memory (MB): peak = 1372.055 ; gain = 518.379
---------------------------------------------------------------------------------
---------------------------------------------------------------------------------
Start RTL Component Statistics 
---------------------------------------------------------------------------------
Detailed RTL Component Info : 
+---Registers : 
	                7 Bit    Registers := 1     
---------------------------------------------------------------------------------
Finished RTL Component Statistics 
---------------------------------------------------------------------------------
---------------------------------------------------------------------------------
Start Part Resource Summary
---------------------------------------------------------------------------------
Part Resources:
DSPs: 90 (col length:60)
BRAMs: 100 (col length: RAMB18 60 RAMB36 30)
---------------------------------------------------------------------------------
Finished Part Resource Summary
---------------------------------------------------------------------------------
---------------------------------------------------------------------------------
Start Cross Boundary and Area Optimization
---------------------------------------------------------------------------------
WARNING: [Synth 8-7080] Parallel synthesis criteria is not met
WARNING: [Synth 8-3917] design Seven_seg_mod has port o_seven_seg_an[3] driven by constant 1
WARNING: [Synth 8-3917] design Seven_seg_mod has port o_seven_seg_an[2] driven by constant 1
WARNING: [Synth 8-3917] design Seven_seg_mod has port o_seven_seg_an[1] driven by constant 1
WARNING: [Synth 8-3917] design Seven_seg_mod has port o_seven_seg_an[0] driven by constant 1
---------------------------------------------------------------------------------
Finished Cross Boundary and Area Optimization : Time (s): cpu = 00:00:24 ; elapsed = 00:00:28 . Memory (MB): peak = 1372.055 ; gain = 518.379
---------------------------------------------------------------------------------
---------------------------------------------------------------------------------
Start Applying XDC Timing Constraints
---------------------------------------------------------------------------------
---------------------------------------------------------------------------------
Finished Applying XDC Timing Constraints : Time (s): cpu = 00:00:32 ; elapsed = 00:00:36 . Memory (MB): peak = 1372.055 ; gain = 518.379
---------------------------------------------------------------------------------
---------------------------------------------------------------------------------
Start Timing Optimization
---------------------------------------------------------------------------------
---------------------------------------------------------------------------------
Finished Timing Optimization : Time (s): cpu = 00:00:32 ; elapsed = 00:00:36 . Memory (MB): peak = 1372.055 ; gain = 518.379
---------------------------------------------------------------------------------
---------------------------------------------------------------------------------
Start Technology Mapping
---------------------------------------------------------------------------------
---------------------------------------------------------------------------------
Finished Technology Mapping : Time (s): cpu = 00:00:32 ; elapsed = 00:00:36 . Memory (MB): peak = 1372.055 ; gain = 518.379
---------------------------------------------------------------------------------
---------------------------------------------------------------------------------
Start IO Insertion
---------------------------------------------------------------------------------
---------------------------------------------------------------------------------
Start Flattening Before IO Insertion
---------------------------------------------------------------------------------
---------------------------------------------------------------------------------
Finished Flattening Before IO Insertion
---------------------------------------------------------------------------------
---------------------------------------------------------------------------------
Start Final Netlist Cleanup
---------------------------------------------------------------------------------
---------------------------------------------------------------------------------
Finished Final Netlist Cleanup
---------------------------------------------------------------------------------
---------------------------------------------------------------------------------
Finished IO Insertion : Time (s): cpu = 00:00:41 ; elapsed = 00:00:46 . Memory (MB): peak = 1372.055 ; gain = 518.379
---------------------------------------------------------------------------------
---------------------------------------------------------------------------------
Start Renaming Generated Instances
---------------------------------------------------------------------------------
---------------------------------------------------------------------------------
Finished Renaming Generated Instances : Time (s): cpu = 00:00:41 ; elapsed = 00:00:46 . Memory (MB): peak = 1372.055 ; gain = 518.379
---------------------------------------------------------------------------------
---------------------------------------------------------------------------------
Start Rebuilding User Hierarchy
---------------------------------------------------------------------------------
---------------------------------------------------------------------------------
Finished Rebuilding User Hierarchy : Time (s): cpu = 00:00:41 ; elapsed = 00:00:46 . Memory (MB): peak = 1372.055 ; gain = 518.379
---------------------------------------------------------------------------------
---------------------------------------------------------------------------------
Start Renaming Generated Ports
---------------------------------------------------------------------------------
---------------------------------------------------------------------------------
Finished Renaming Generated Ports : Time (s): cpu = 00:00:41 ; elapsed = 00:00:46 . Memory (MB): peak = 1372.055 ; gain = 518.379
---------------------------------------------------------------------------------
---------------------------------------------------------------------------------
Start Handling Custom Attributes
---------------------------------------------------------------------------------
---------------------------------------------------------------------------------
Finished Handling Custom Attributes : Time (s): cpu = 00:00:41 ; elapsed = 00:00:46 . Memory (MB): peak = 1372.055 ; gain = 518.379
---------------------------------------------------------------------------------
---------------------------------------------------------------------------------
Start Renaming Generated Nets
---------------------------------------------------------------------------------
---------------------------------------------------------------------------------
Finished Renaming Generated Nets : Time (s): cpu = 00:00:41 ; elapsed = 00:00:46 . Memory (MB): peak = 1372.055 ; gain = 518.379
---------------------------------------------------------------------------------
---------------------------------------------------------------------------------
Start Writing Synthesis Report
---------------------------------------------------------------------------------

Report BlackBoxes: 
+-+--------------+----------+
| |BlackBox name |Instances |
+-+--------------+----------+
+-+--------------+----------+

Report Cell Usage: 
+------+-----+------+
|      |Cell |Count |
+------+-----+------+
|1     |BUFG |     1|
|2     |LUT4 |     7|
|3     |FDRE |     7|
|4     |IBUF |     5|
|5     |OBUF |    11|
+------+-----+------+
---------------------------------------------------------------------------------
Finished Writing Synthesis Report : Time (s): cpu = 00:00:41 ; elapsed = 00:00:46 . Memory (MB): peak = 1372.055 ; gain = 518.379
---------------------------------------------------------------------------------
Synthesis finished with 0 errors, 0 critical warnings and 5 warnings.
Synthesis Optimization Runtime : Time (s): cpu = 00:00:28 ; elapsed = 00:00:43 . Memory (MB): peak = 1372.055 ; gain = 497.598
Synthesis Optimization Complete : Time (s): cpu = 00:00:41 ; elapsed = 00:00:47 . Memory (MB): peak = 1372.055 ; gain = 518.379
INFO: [Project 1-571] Translating synthesized netlist
Netlist sorting complete. Time (s): cpu = 00:00:00 ; elapsed = 00:00:00.001 . Memory (MB): peak = 1381.559 ; gain = 0.000
INFO: [Project 1-570] Preparing netlist for logic optimization
INFO: [Opt 31-138] Pushed 0 inverter(s) to 0 load pin(s).
Netlist sorting complete. Time (s): cpu = 00:00:00 ; elapsed = 00:00:00 . Memory (MB): peak = 1388.270 ; gain = 0.000
INFO: [Project 1-111] Unisim Transformation Summary:
No Unisim elements were transformed.

Synth Design complete, checksum: cc27f2f
INFO: [Common 17-83] Releasing license: Synthesis
24 Infos, 9 Warnings, 0 Critical Warnings and 0 Errors encountered.
synth_design completed successfully
synth_design: Time (s): cpu = 00:00:48 ; elapsed = 00:00:56 . Memory (MB): peak = 1388.270 ; gain = 907.133
INFO: [Common 17-1381] The checkpoint 'E:/VIVADO_2022/ARTIX_A7_FPGA/Seven_Segment_Dispplay/Seven_Seg_Disp/Seven_Seg_Disp.runs/synth_1/Seven_seg_mod.dcp' has been generated.
INFO: [runtcl-4] Executing : report_utilization -file Seven_seg_mod_utilization_synth.rpt -pb Seven_seg_mod_utilization_synth.pb
INFO: [Common 17-206] Exiting Vivado at Thu Sep 28 14:37:11 2023...
